Component: ARM Compiler 5.06 update 7 (build 960) Tool: armlink [4d3601]

==============================================================================

Section Cross References

    startup_stm32f427xx.o(RESET) refers to startup_stm32f427xx.o(STACK) for __initial_sp
    startup_stm32f427xx.o(RESET) refers to startup_stm32f427xx.o(.text) for Reset_Handler
    startup_stm32f427xx.o(RESET) refers to stm32f4xx_it.o(i.NMI_Handler) for NMI_Handler
    startup_stm32f427xx.o(RESET) refers to stm32f4xx_it.o(i.HardFault_Handler) for HardFault_Handler
    startup_stm32f427xx.o(RESET) refers to stm32f4xx_it.o(i.MemManage_Handler) for MemManage_Handler
    startup_stm32f427xx.o(RESET) refers to stm32f4xx_it.o(i.BusFault_Handler) for BusFault_Handler
    startup_stm32f427xx.o(RESET) refers to stm32f4xx_it.o(i.UsageFault_Handler) for UsageFault_Handler
    startup_stm32f427xx.o(RESET) refers to port.o(.emb_text) for SVC_Handler
    startup_stm32f427xx.o(RESET) refers to stm32f4xx_it.o(i.DebugMon_Handler) for DebugMon_Handler
    startup_stm32f427xx.o(RESET) refers to port.o(i.SysTick_Handler) for SysTick_Handler
    startup_stm32f427xx.o(RESET) refers to stm32f4xx_it.o(i.DMA1_Stream1_IRQHandler) for DMA1_Stream1_IRQHandler
    startup_stm32f427xx.o(RESET) refers to stm32f4xx_it.o(i.DMA1_Stream3_IRQHandler) for DMA1_Stream3_IRQHandler
    startup_stm32f427xx.o(RESET) refers to stm32f4xx_it.o(i.CAN1_RX0_IRQHandler) for CAN1_RX0_IRQHandler
    startup_stm32f427xx.o(RESET) refers to stm32f4xx_it.o(i.USART1_IRQHandler) for USART1_IRQHandler
    startup_stm32f427xx.o(RESET) refers to stm32f4xx_it.o(i.TIM6_DAC_IRQHandler) for TIM6_DAC_IRQHandler
    startup_stm32f427xx.o(RESET) refers to stm32f4xx_it.o(i.DMA2_Stream1_IRQHandler) for DMA2_Stream1_IRQHandler
    startup_stm32f427xx.o(RESET) refers to stm32f4xx_it.o(i.DMA2_Stream2_IRQHandler) for DMA2_Stream2_IRQHandler
    startup_stm32f427xx.o(RESET) refers to stm32f4xx_it.o(i.CAN2_RX0_IRQHandler) for CAN2_RX0_IRQHandler
    startup_stm32f427xx.o(RESET) refers to stm32f4xx_it.o(i.USART6_IRQHandler) for USART6_IRQHandler
    startup_stm32f427xx.o(.text) refers to system_stm32f4xx.o(i.SystemInit) for SystemInit
    startup_stm32f427xx.o(.text) refers to entry.o(.ARM.Collect$$$$00000000) for __main
    main.o(i.HAL_TIM_PeriodElapsedCallback) refers to stm32f4xx_hal.o(i.HAL_IncTick) for HAL_IncTick
    main.o(i.HAL_TIM_PeriodElapsedCallback) refers to tim.o(.data) for FreeRTOSRunTimeTicks
    main.o(i.SystemClock_Config) refers to memseta.o(.text) for __aeabi_memclr4
    main.o(i.SystemClock_Config) refers to stm32f4xx_hal_rcc.o(i.HAL_RCC_OscConfig) for HAL_RCC_OscConfig
    main.o(i.SystemClock_Config) refers to stm32f4xx_hal_rcc.o(i.HAL_RCC_ClockConfig) for HAL_RCC_ClockConfig
    main.o(i.main) refers to stm32f4xx_hal.o(i.HAL_Init) for HAL_Init
    main.o(i.main) refers to main.o(i.SystemClock_Config) for SystemClock_Config
    main.o(i.main) refers to gpio.o(i.MX_GPIO_Init) for MX_GPIO_Init
    main.o(i.main) refers to dma.o(i.MX_DMA_Init) for MX_DMA_Init
    main.o(i.main) refers to tim.o(i.MX_TIM12_Init) for MX_TIM12_Init
    main.o(i.main) refers to usart.o(i.MX_USART1_UART_Init) for MX_USART1_UART_Init
    main.o(i.main) refers to spi.o(i.MX_SPI5_Init) for MX_SPI5_Init
    main.o(i.main) refers to tim.o(i.MX_TIM3_Init) for MX_TIM3_Init
    main.o(i.main) refers to can.o(i.MX_CAN1_Init) for MX_CAN1_Init
    main.o(i.main) refers to can.o(i.MX_CAN2_Init) for MX_CAN2_Init
    main.o(i.main) refers to i2c.o(i.MX_I2C2_Init) for MX_I2C2_Init
    main.o(i.main) refers to usart.o(i.MX_USART6_UART_Init) for MX_USART6_UART_Init
    main.o(i.main) refers to usart.o(i.MX_UART7_Init) for MX_UART7_Init
    main.o(i.main) refers to tim.o(i.MX_TIM7_Init) for MX_TIM7_Init
    main.o(i.main) refers to usart.o(i.MX_UART8_Init) for MX_UART8_Init
    main.o(i.main) refers to freertos.o(i.MX_FREERTOS_Init) for MX_FREERTOS_Init
    main.o(i.main) refers to cmsis_os.o(i.osKernelStart) for osKernelStart
    gpio.o(i.MX_GPIO_Init) refers to memseta.o(.text) for __aeabi_memclr4
    gpio.o(i.MX_GPIO_Init) refers to stm32f4xx_hal_gpio.o(i.HAL_GPIO_WritePin) for HAL_GPIO_WritePin
    gpio.o(i.MX_GPIO_Init) refers to stm32f4xx_hal_gpio.o(i.HAL_GPIO_Init) for HAL_GPIO_Init
    freertos.o(i.CAN1_Rec) refers to queue.o(i.xQueueReceive) for xQueueReceive
    freertos.o(i.CAN1_Rec) refers to memcpya.o(.text) for __aeabi_memcpy4
    freertos.o(i.CAN1_Rec) refers to freertos.o(.data) for .data
    freertos.o(i.CAN1_Rec) refers to gm6020_motor.o(.data) for GM6020_Func
    freertos.o(i.CAN1_Rec) refers to can_setup.o(.data) for Monitor_CAN1
    freertos.o(i.CAN1_Rec) refers to super_capacitor.o(.data) for Super_Capacitor_Func
    freertos.o(i.CAN1_Rec) refers to m3508_motor.o(.data) for M3508_Func
    freertos.o(i.CAN2_Rec) refers to queue.o(i.xQueueReceive) for xQueueReceive
    freertos.o(i.CAN2_Rec) refers to memcpya.o(.text) for __aeabi_memcpy4
    freertos.o(i.CAN2_Rec) refers to freertos.o(.data) for .data
[...]
    Check_M3508_Fric_Wheel                   0x080018e5   Thumb Code    36  m3508_motor.o(i.Check_M3508_Fric_Wheel)
    Check_Super_Capacitor                    0x0800190d   Thumb Code    20  super_capacitor.o(i.Check_Super_Capacitor)
    Clear_PID_Data                           0x08001925   Thumb Code    42  pid.o(i.Clear_PID_Data)
    Clear_Ramp                               0x08001955   Thumb Code    14  ramp_calc.o(i.Clear_Ramp)
    Computer_Update                          0x08001969   Thumb Code   122  state_machine.o(i.Computer_Update)
    ConfigureTimerForRunTimeStats            0x080019fd   Thumb Code    12  tim.o(i.ConfigureTimerForRunTimeStats)
    DMA1_Stream1_IRQHandler                  0x08001a0d   Thumb Code     6  stm32f4xx_it.o(i.DMA1_Stream1_IRQHandler)
    DMA1_Stream3_IRQHandler                  0x08001a19   Thumb Code     6  stm32f4xx_it.o(i.DMA1_Stream3_IRQHandler)
    DMA2_Stream1_IRQHandler                  0x08001a25   Thumb Code     2  stm32f4xx_it.o(i.DMA2_Stream1_IRQHandler)
    DMA2_Stream2_IRQHandler                  0x08001a27   Thumb Code     2  stm32f4xx_it.o(i.DMA2_Stream2_IRQHandler)
    DR16_Data_Process                        0x08001acd   Thumb Code   200  dr16_remote.o(i.DR16_Data_Process)
    DR16_Handler                             0x08001b99   Thumb Code    54  dr16_remote.o(i.DR16_Handler)
    DR16_USART_Receive_DMA                   0x08001bd5   Thumb Code    72  dr16_remote.o(i.DR16_USART_Receive_DMA)
    DebugMon_Handler                         0x08001c21   Thumb Code     2  stm32f4xx_it.o(i.DebugMon_Handler)
    Error_Handler                            0x08001c23   Thumb Code     4  main.o(i.Error_Handler)
    Find_Gimbal_Min_Angle                    0x08001c29   Thumb Code    36  user_defined_math.o(i.Find_Gimbal_Min_Angle)
    FusionAhrsGetQuaternion                  0x08001c51   Thumb Code     8  fusionahrs.o(i.FusionAhrsGetQuaternion)
    FusionAhrsInitialise                     0x08001c59   Thumb Code    28  fusionahrs.o(i.FusionAhrsInitialise)
    FusionAhrsReset                          0x08001c79   Thumb Code    70  fusionahrs.o(i.FusionAhrsReset)
    FusionAhrsSetHeading                     0x08001cc5   Thumb Code   202  fusionahrs.o(i.FusionAhrsSetHeading)
    FusionAhrsSetSettings                    0x08001d91   Thumb Code   172  fusionahrs.o(i.FusionAhrsSetSettings)
    FusionAhrsUpdate                         0x08001e41   Thumb Code   872  fusionahrs.o(i.FusionAhrsUpdate)
    FusionCompassCalculateHeading            0x080021a9   Thumb Code    76  fusioncompass.o(i.FusionCompassCalculateHeading)
    GM6020_Gimbal_Send_Data                  0x08002411   Thumb Code    22  gm6020_motor.o(i.GM6020_Gimbal_Send_Data)
    GM6020_Pitch_Get_Data                    0x08002431   Thumb Code   114  gm6020_motor.o(i.GM6020_Pitch_Get_Data)
    GM6020_Yaw_Get_Data                      0x080024ad   Thumb Code   114  gm6020_motor.o(i.GM6020_Yaw_Get_Data)
    General_Init                             0x08002529   Thumb Code   100  freertos.o(i.General_Init)
    Get_CRC16_Check_Sum                      0x080025cd   Thumb Code    38  crc_verification.o(i.Get_CRC16_Check_Sum)
    Get_CRC8_Check_Sum                       0x080025f9   Thumb Code    24  crc_verification.o(i.Get_CRC8_Check_Sum)
    Gimbal_Control_Get_Data                  0x08002615   Thumb Code   164  gimbal_control.o(i.Gimbal_Control_Get_Data)
    Gimbal_Init                              0x080026d5   Thumb Code    22  gimbal_control.o(i.Gimbal_Init)
    Gimbal_Processing                        0x080026f9   Thumb Code   430  gimbal_control.o(i.Gimbal_Processing)
    HAL_CAN_AddTxMessage                     0x080028d9   Thumb Code   220  stm32f4xx_hal_can.o(i.HAL_CAN_AddTxMessage)
    HAL_CAN_ConfigFilter                     0x080029b5   Thumb Code   262  stm32f4xx_hal_can.o(i.HAL_CAN_ConfigFilter)
    HAL_CAN_GetRxMessage                     0x08002ac1   Thumb Code   232  stm32f4xx_hal_can.o(i.HAL_CAN_GetRxMessage)
    HAL_CAN_Init                             0x08002ba9   Thumb Code   282  stm32f4xx_hal_can.o(i.HAL_CAN_Init)
    HAL_CAN_MspInit                          0x08002cc5   Thumb Code   228  can.o(i.HAL_CAN_MspInit)
    HAL_CAN_Start                            0x08002dc1   Thumb Code    88  stm32f4xx_hal_can.o(i.HAL_CAN_Start)
    HAL_DMA_IRQHandler                       0x08002e19   Thumb Code   412  stm32f4xx_hal_dma.o(i.HAL_DMA_IRQHandler)
    HAL_DMA_Init                             0x08002fb9   Thumb Code   206  stm32f4xx_hal_dma.o(i.HAL_DMA_Init)
    HAL_DMA_Start                            0x0800308d   Thumb Code    70  stm32f4xx_hal_dma.o(i.HAL_DMA_Start)
    HAL_DMA_Start_IT                         0x080030d3   Thumb Code   110  stm32f4xx_hal_dma.o(i.HAL_DMA_Start_IT)
    HAL_Delay                                0x08003141   Thumb Code    32  stm32f4xx_hal.o(i.HAL_Delay)
    HAL_GPIO_Init                            0x08003165   Thumb Code   510  stm32f4xx_hal_gpio.o(i.HAL_GPIO_Init)
    HAL_GPIO_ReadPin                         0x08003399   Thumb Code    10  stm32f4xx_hal_gpio.o(i.HAL_GPIO_ReadPin)
    HAL_GPIO_WritePin                        0x080033a3   Thumb Code    10  stm32f4xx_hal_gpio.o(i.HAL_GPIO_WritePin)
    HAL_GetTick                              0x080033ad   Thumb Code     6  stm32f4xx_hal.o(i.HAL_GetTick)
    HAL_I2CEx_ConfigAnalogFilter             0x080033b9   Thumb Code    66  stm32f4xx_hal_i2c_ex.o(i.HAL_I2CEx_ConfigAnalogFilter)
    HAL_I2CEx_ConfigDigitalFilter            0x080033fb   Thumb Code    62  stm32f4xx_hal_i2c_ex.o(i.HAL_I2CEx_ConfigDigitalFilter)
    HAL_I2C_Init                             0x08003439   Thumb Code   376  stm32f4xx_hal_i2c.o(i.HAL_I2C_Init)
    HAL_I2C_MspInit                          0x080035c1   Thumb Code    90  i2c.o(i.HAL_I2C_MspInit)
    HAL_IncTick                              0x08003629   Thumb Code    12  stm32f4xx_hal.o(i.HAL_IncTick)
    HAL_Init                                 0x08003639   Thumb Code    48  stm32f4xx_hal.o(i.HAL_Init)
    HAL_InitTick                             0x0800366d   Thumb Code   132  stm32f4xx_hal_timebase_tim.o(i.HAL_InitTick)
    HAL_MspInit                              0x08003705   Thumb Code    52  stm32f4xx_hal_msp.o(i.HAL_MspInit)
    HAL_NVIC_EnableIRQ                       0x0800373d   Thumb Code    26  stm32f4xx_hal_cortex.o(i.HAL_NVIC_EnableIRQ)
    HAL_NVIC_SetPriority                     0x08003759   Thumb Code    60  stm32f4xx_hal_cortex.o(i.HAL_NVIC_SetPriority)
    HAL_NVIC_SetPriorityGrouping             0x08003799   Thumb Code    26  stm32f4xx_hal_cortex.o(i.HAL_NVIC_SetPriorityGrouping)
    HAL_RCC_ClockConfig                      0x080037bd   Thumb Code   288  stm32f4xx_hal_rcc.o(i.HAL_RCC_ClockConfig)
    HAL_RCC_GetClockConfig                   0x080038f1   Thumb Code    54  stm32f4xx_hal_rcc.o(i.HAL_RCC_GetClockConfig)
    HAL_RCC_GetPCLK1Freq                     0x08003931   Thumb Code    20  stm32f4xx_hal_rcc.o(i.HAL_RCC_GetPCLK1Freq)
    HAL_RCC_GetPCLK2Freq                     0x08003951   Thumb Code    20  stm32f4xx_hal_rcc.o(i.HAL_RCC_GetPCLK2Freq)
    HAL_RCC_GetSysClockFreq                  0x08003971   Thumb Code    88  stm32f4xx_hal_rcc.o(i.HAL_RCC_GetSysClockFreq)
    HAL_RCC_OscConfig                        0x080039d5   Thumb Code   856  stm32f4xx_hal_rcc.o(i.HAL_RCC_OscConfig)
    HAL_SPI_Init                             0x08003d41   Thumb Code   188  stm32f4xx_hal_spi.o(i.HAL_SPI_Init)
    HAL_SPI_MspInit                          0x08003dfd   Thumb Code    94  spi.o(i.HAL_SPI_MspInit)
    HAL_SPI_TransmitReceive                  0x08003e69   Thumb Code   482  stm32f4xx_hal_spi.o(i.HAL_SPI_TransmitReceive)
    HAL_TIMEx_BreakCallback                  0x0800404b   Thumb Code     2  stm32f4xx_hal_tim_ex.o(i.HAL_TIMEx_BreakCallback)
    HAL_TIMEx_CommutCallback                 0x0800404d   Thumb Code     2  stm32f4xx_hal_tim_ex.o(i.HAL_TIMEx_CommutCallback)
    HAL_TIMEx_MasterConfigSynchronization    0x08004051   Thumb Code   116  stm32f4xx_hal_tim_ex.o(i.HAL_TIMEx_MasterConfigSynchronization)
    HAL_TIM_Base_Init                        0x080040e1   Thumb Code    90  stm32f4xx_hal_tim.o(i.HAL_TIM_Base_Init)
    HAL_TIM_Base_MspInit                     0x0800413d   Thumb Code    74  tim.o(i.HAL_TIM_Base_MspInit)
    HAL_TIM_Base_Start_IT                    0x08004199   Thumb Code   100  stm32f4xx_hal_tim.o(i.HAL_TIM_Base_Start_IT)
    HAL_TIM_ConfigClockSource                0x08004219   Thumb Code   220  stm32f4xx_hal_tim.o(i.HAL_TIM_ConfigClockSource)
    HAL_TIM_IC_CaptureCallback               0x080042f5   Thumb Code     2  stm32f4xx_hal_tim.o(i.HAL_TIM_IC_CaptureCallback)
    HAL_TIM_IRQHandler                       0x080042f7   Thumb Code   358  stm32f4xx_hal_tim.o(i.HAL_TIM_IRQHandler)
    HAL_TIM_MspPostInit                      0x0800445d   Thumb Code   110  tim.o(i.HAL_TIM_MspPostInit)
    HAL_TIM_OC_DelayElapsedCallback          0x080044e1   Thumb Code     2  stm32f4xx_hal_tim.o(i.HAL_TIM_OC_DelayElapsedCallback)
    HAL_TIM_PWM_ConfigChannel                0x080044e3   Thumb Code   204  stm32f4xx_hal_tim.o(i.HAL_TIM_PWM_ConfigChannel)
    HAL_TIM_PWM_Init                         0x080045af   Thumb Code    90  stm32f4xx_hal_tim.o(i.HAL_TIM_PWM_Init)
    HAL_TIM_PWM_MspInit                      0x08004609   Thumb Code     2  stm32f4xx_hal_tim.o(i.HAL_TIM_PWM_MspInit)
    HAL_TIM_PWM_PulseFinishedCallback        0x0800460b   Thumb Code     2  stm32f4xx_hal_tim.o(i.HAL_TIM_PWM_PulseFinishedCallback)
    HAL_TIM_PWM_Start                        0x0800460d   Thumb Code   172  stm32f4xx_hal_tim.o(i.HAL_TIM_PWM_Start)
    HAL_TIM_PeriodElapsedCallback            0x080046d5   Thumb Code    46  main.o(i.HAL_TIM_PeriodElapsedCallback)
    HAL_TIM_TriggerCallback                  0x08004711   Thumb Code     2  stm32f4xx_hal_tim.o(i.HAL_TIM_TriggerCallback)
    HAL_UARTEx_RxEventCallback               0x08004713   Thumb Code     2  stm32f4xx_hal_uart.o(i.HAL_UARTEx_RxEventCallback)
    HAL_UART_ErrorCallback                   0x08004715   Thumb Code     2  stm32f4xx_hal_uart.o(i.HAL_UART_ErrorCallback)
    HAL_UART_Init                            0x08004717   Thumb Code    98  stm32f4xx_hal_uart.o(i.HAL_UART_Init)
    HAL_UART_MspInit                         0x08004779   Thumb Code   600  usart.o(i.HAL_UART_MspInit)
    HAL_UART_Receive_DMA                     0x08004a01   Thumb Code    42  stm32f4xx_hal_uart.o(i.HAL_UART_Receive_DMA)
    HAL_UART_RxCpltCallback                  0x08004a2d   Thumb Code    10  jetson_tx2.o(i.HAL_UART_RxCpltCallback)
    HAL_UART_RxHalfCpltCallback              0x08004a41   Thumb Code     2  stm32f4xx_hal_uart.o(i.HAL_UART_RxHalfCpltCallback)
    HAL_UART_Transmit_DMA                    0x08004a45   Thumb Code   126  stm32f4xx_hal_uart.o(i.HAL_UART_Transmit_DMA)
    HAL_UART_TxCpltCallback                  0x08004ad1   Thumb Code    10  jetson_tx2.o(i.HAL_UART_TxCpltCallback)
    HAL_UART_TxHalfCpltCallback              0x08004ae5   Thumb Code     2  stm32f4xx_hal_uart.o(i.HAL_UART_TxHalfCpltCallback)
    HardFault_Handler                        0x08004ae7   Thumb Code     2  stm32f4xx_it.o(i.HardFault_Handler)
    Incremental_PID                          0x08004ca3   Thumb Code   142  pid.o(i.Incremental_PID)
    Inverse_Kinematic_Calc                   0x08004d31   Thumb Code   328  chassis_control.o(i.Inverse_Kinematic_Calc)
    Jetson_Tx2_Get_Data                      0x08004ea5   Thumb Code   132  jetson_tx2.o(i.Jetson_Tx2_Get_Data)
    Jetson_Tx2_Initialization                0x08004f31   Thumb Code    28  jetson_tx2.o(i.Jetson_Tx2_Initialization)
    Jetson_Tx2_Send_Data                     0x08004f55   Thumb Code    22  jetson_tx2.o(i.Jetson_Tx2_Send_Data)
    Key_State_Clear                          0x08004f71   Thumb Code    14  dr16_remote.o(i.Key_State_Clear)
    Key_State_Detect                         0x08004f7f   Thumb Code    32  dr16_remote.o(i.Key_State_Detect)
    Keyboard_Data_Process                    0x08004fa1   Thumb Code   376  dr16_remote.o(i.Keyboard_Data_Process)
    M2006_Trigger_Get_Data                   0x0800511d   Thumb Code    76  m2006_motor.o(i.M2006_Trigger_Get_Data)
    M2006_Trigger_Send_Data                  0x0800516d   Thumb Code    22  m2006_motor.o(i.M2006_Trigger_Send_Data)
    M3508_Chassis_Get_Data                   0x0800518d   Thumb Code   124  m3508_motor.o(i.M3508_Chassis_Get_Data)
    M3508_Chassis_Send_Data                  0x08005211   Thumb Code    20  m3508_motor.o(i.M3508_Chassis_Send_Data)
    M3508_Fric_Wheel_Get_Data                0x0800522d   Thumb Code    76  m3508_motor.o(i.M3508_Fric_Wheel_Get_Data)
    M3508_Fric_Wheel_Send_Data               0x0800527d   Thumb Code    22  m3508_motor.o(i.M3508_Fric_Wheel_Send_Data)
    MX_CAN1_Init                             0x0800529d   Thumb Code    62  can.o(i.MX_CAN1_Init)
    MX_CAN2_Init                             0x080052e5   Thumb Code    62  can.o(i.MX_CAN2_Init)
    MX_DMA_Init                              0x0800532d   Thumb Code   104  dma.o(i.MX_DMA_Init)
    MX_FREERTOS_Init                         0x08005399   Thumb Code   212  freertos.o(i.MX_FREERTOS_Init)
    MX_GPIO_Init                             0x08005475   Thumb Code   194  gpio.o(i.MX_GPIO_Init)
    MX_I2C2_Init                             0x08005545   Thumb Code    78  i2c.o(i.MX_I2C2_Init)
    MX_SPI5_Init                             0x080055a1   Thumb Code    62  spi.o(i.MX_SPI5_Init)
    MX_TIM12_Init                            0x080055e9   Thumb Code   118  tim.o(i.MX_TIM12_Init)
    MX_TIM3_Init                             0x08005669   Thumb Code   142  tim.o(i.MX_TIM3_Init)
    MX_TIM7_Init                             0x08005701   Thumb Code    58  tim.o(i.MX_TIM7_Init)
    MX_UART7_Init                            0x08005745   Thumb Code    48  usart.o(i.MX_UART7_Init)
    MX_UART8_Init                            0x0800577d   Thumb Code    48  usart.o(i.MX_UART8_Init)
    MX_USART1_UART_Init                      0x080057b5   Thumb Code    46  usart.o(i.MX_USART1_UART_Init)
    MX_USART6_UART_Init                      0x080057f1   Thumb Code    48  usart.o(i.MX_USART6_UART_Init)
    MemManage_Handler                        0x08005829   Thumb Code     2  stm32f4xx_it.o(i.MemManage_Handler)
    NMI_Handler                              0x0800582b   Thumb Code     2  stm32f4xx_it.o(i.NMI_Handler)
    Positional_PID                           0x0800582d   Thumb Code   122  pid.o(i.Positional_PID)
    Ramp_Down                                0x080058a7   Thumb Code    40  ramp_calc.o(i.Ramp_Down)
    Ramp_Up                                  0x080058cf   Thumb Code    54  ramp_calc.o(i.Ramp_Up)
    Referee_Get_Data                         0x08005905   Thumb Code   482  referee_system.o(i.Referee_Get_Data)
    Referee_System_Handler                   0x08005af1   Thumb Code    72  referee_system.o(i.Referee_System_Handler)
    Referee_UART_Receive_DMA_No_Interrupt    0x08005b41   Thumb Code    60  referee_system.o(i.Referee_UART_Receive_DMA_No_Interrupt)
    Referee_UART_Receive_Interrupt           0x08005b7d   Thumb Code    36  referee_system.o(i.Referee_UART_Receive_Interrupt)
    Remote_Control_Update                    0x08005ba1   Thumb Code   178  state_machine.o(i.Remote_Control_Update)
    Robot_Control                            0x08005c75   Thumb Code    24  freertos.o(i.Robot_Control)
    Robot_Control_Disabled                   0x08005c91   Thumb Code    16  robot_control.o(i.Robot_Control_Disabled)
    Robot_Control_Send                       0x08005cad   Thumb Code    96  robot_control.o(i.Robot_Control_Send)
    Robot_Control_Start                      0x08005d35   Thumb Code    70  robot_control.o(i.Robot_Control_Start)
    Shooting_Disabled                        0x08005eb1   Thumb Code    46  shooting_control.o(i.Shooting_Disabled)
    Shooting_Init                            0x08005f01   Thumb Code    14  shooting_control.o(i.Shooting_Init)
    Shooting_Processing                      0x08005f1d   Thumb Code   178  shooting_control.o(i.Shooting_Processing)
    StartIMUTask                             0x08005fe9   Thumb Code    44  freertos.o(i.StartIMUTask)
    Super_Capacitor_Get_Data                 0x08006021   Thumb Code    86  super_capacitor.o(i.Super_Capacitor_Get_Data)
    Super_Capacitor_Send_Data                0x0800607d   Thumb Code    10  super_capacitor.o(i.Super_Capacitor_Send_Data)
    SysTick_Handler                          0x08006091   Thumb Code    38  port.o(i.SysTick_Handler)
    SystemClock_Config                       0x080060bd   Thumb Code   140  main.o(i.SystemClock_Config)
    SystemInit                               0x08006151   Thumb Code    12  system_stm32f4xx.o(i.SystemInit)
    TIM6_DAC_IRQHandler                      0x08006161   Thumb Code     6  stm32f4xx_it.o(i.TIM6_DAC_IRQHandler)
    TIM_Base_SetConfig                       0x0800616d   Thumb Code   156  stm32f4xx_hal_tim.o(i.TIM_Base_SetConfig)
    TIM_CCxChannelCmd                        0x08006235   Thumb Code    26  stm32f4xx_hal_tim.o(i.TIM_CCxChannelCmd)
    TIM_ETR_SetConfig                        0x0800624f   Thumb Code    20  stm32f4xx_hal_tim.o(i.TIM_ETR_SetConfig)
    TIM_OC2_SetConfig                        0x080062d5   Thumb Code    98  stm32f4xx_hal_tim.o(i.TIM_OC2_SetConfig)
    Trigger_Get_Data                         0x08006441   Thumb Code    80  shooting_control.o(i.Trigger_Get_Data)
    Turn_Friction_Wheel_Off                  0x08006499   Thumb Code   152  shooting_control.o(i.Turn_Friction_Wheel_Off)
    Turn_Friction_Wheel_On                   0x0800654d   Thumb Code   160  shooting_control.o(i.Turn_Friction_Wheel_On)
    UART_Start_Receive_DMA                   0x080068b1   Thumb Code   134  stm32f4xx_hal_uart.o(i.UART_Start_Receive_DMA)
    USART1_IRQHandler                        0x08006945   Thumb Code    36  stm32f4xx_it.o(i.USART1_IRQHandler)
    USART6_IRQHandler                        0x08006971   Thumb Code    36  stm32f4xx_it.o(i.USART6_IRQHandler)
    UsageFault_Handler                       0x0800699d   Thumb Code     2  stm32f4xx_it.o(i.UsageFault_Handler)
    VAL_LIMIT                                0x0800699f   Thumb Code    32  user_defined_math.o(i.VAL_LIMIT)
    Verify_CRC16_Check_Sum                   0x080069c1   Thumb Code    54  crc_verification.o(i.Verify_CRC16_Check_Sum)
    Verify_CRC8_Check_Sum                    0x080069fd   Thumb Code    38  crc_verification.o(i.Verify_CRC8_Check_Sum)
    __ARM_fpclassify                         0x08006a23   Thumb Code    48  fpclassify.o(i.__ARM_fpclassify)
    __ARM_fpclassifyf                        0x08006a53   Thumb Code    38  fpclassifyf.o(i.__ARM_fpclassifyf)
    __hardfp_asinf                           0x08006a99   Thumb Code   258  asinf.o(i.__hardfp_asinf)
    __hardfp_atan2f                          0x08006bc5   Thumb Code   594  atan2f.o(i.__hardfp_atan2f)
    __hardfp_cos                             0x08006e71   Thumb Code   180  cos.o(i.__hardfp_cos)
    __hardfp_cosf                            0x08006f39   Thumb Code   280  cosf.o(i.__hardfp_cosf)
    __hardfp_powf                            0x08007089   Thumb Code  1606  powf.o(i.__hardfp_powf)
    __mathlib_powf                           0x08007089   Thumb Code     0  powf.o(i.__hardfp_powf)
    __hardfp_sin                             0x080076f1   Thumb Code   180  sin.o(i.__hardfp_sin)
    __hardfp_sinf                            0x080077b9   Thumb Code   344  sinf.o(i.__hardfp_sinf)
    __ieee754_rem_pio2                       0x08007949   Thumb Code   938  rred.o(i.__ieee754_rem_pio2)
    __kernel_cos                             0x08007d81   Thumb Code   322  cos_i.o(i.__kernel_cos)
    __kernel_poly                            0x08007ef1   Thumb Code   248  poly.o(i.__kernel_poly)
    __kernel_sin                             0x08007fe9   Thumb Code   280  sin_i.o(i.__kernel_sin)
    __mathlib_dbl_infnan                     0x08008119   Thumb Code    20  dunder.o(i.__mathlib_dbl_infnan)
    __mathlib_dbl_invalid                    0x08008131   Thumb Code    24  dunder.o(i.__mathlib_dbl_invalid)
    __mathlib_dbl_underflow                  0x08008151   Thumb Code    24  dunder.o(i.__mathlib_dbl_underflow)
    __mathlib_flt_divzero                    0x08008171   Thumb Code    14  funder.o(i.__mathlib_flt_divzero)
    __mathlib_flt_infnan                     0x08008185   Thumb Code     6  funder.o(i.__mathlib_flt_infnan)
    __mathlib_flt_infnan2                    0x0800818b   Thumb Code     6  funder.o(i.__mathlib_flt_infnan2)
    __mathlib_flt_invalid                    0x08008191   Thumb Code    10  funder.o(i.__mathlib_flt_invalid)
    __mathlib_flt_overflow                   0x080081a1   Thumb Code    10  funder.o(i.__mathlib_flt_overflow)
    __mathlib_flt_underflow                  0x080081b1   Thumb Code    10  funder.o(i.__mathlib_flt_underflow)
    __mathlib_rredf2                         0x080081c1   Thumb Code   316  rredf.o(i.__mathlib_rredf2)
    __scatterload_copy                       0x08008315   Thumb Code    14  handlers.o(i.__scatterload_copy)
    __scatterload_null                       0x08008323   Thumb Code     2  handlers.o(i.__scatterload_null)
    __scatterload_zeroinit                   0x08008325   Thumb Code    14  handlers.o(i.__scatterload_zeroinit)
    __set_errno                              0x08008335   Thumb Code     6  errno.o(i.__set_errno)
    fabs                                     0x08008341   Thumb Code    24  fabs.o(i.fabs)
    main                                     0x08008359   Thumb Code    70  main.o(i.main)
    osKernelStart                            0x080083ab   Thumb Code    10  cmsis_os.o(i.osKernelStart)
    osMessageCreate                          0x080083b5   Thumb Code    38  cmsis_os.o(i.osMessageCreate)
    osThreadCreate                           0x080083db   Thumb Code    84  cmsis_os.o(i.osThreadCreate)
    pvPortMalloc                             0x080088d5   Thumb Code   216  heap_4.o(i.pvPortMalloc)
    pxPortInitialiseStack                    0x080089b1   Thumb Code    40  port.o(i.pxPortInitialiseStack)
    sqrtf                                    0x080089dd   Thumb Code    62  sqrtf.o(i.sqrtf)
    uxListRemove                             0x08008a1b   Thumb Code    38  list.o(i.uxListRemove)
    vApplicationGetIdleTaskMemory            0x08008a41   Thumb Code    16  freertos.o(i.vApplicationGetIdleTaskMemory)
    vListInitialise                          0x08008a55   Thumb Code    22  list.o(i.vListInitialise)
    vListInitialiseItem                      0x08008a6b   Thumb Code     6  list.o(i.vListInitialiseItem)
    vListInsert                              0x08008a71   Thumb Code    48  list.o(i.vListInsert)
    vListInsertEnd                           0x08008aa1   Thumb Code    24  list.o(i.vListInsertEnd)
    vPortEnterCritical                       0x08008ab9   Thumb Code    54  port.o(i.vPortEnterCritical)
    vPortExitCritical                        0x08008af9   Thumb Code    34  port.o(i.vPortExitCritical)
    vPortFree                                0x08008b21   Thumb Code    94  heap_4.o(i.vPortFree)
    vPortSetupTimerInterrupt                 0x08008b85   Thumb Code    32  port.o(i.vPortSetupTimerInterrupt)
    vPortValidateInterruptPriority           0x08008ba9   Thumb Code    74  port.o(i.vPortValidateInterruptPriority)
    vTaskDelayUntil                          0x08008bfd   Thumb Code   132  tasks.o(i.vTaskDelayUntil)
    vTaskDelete                              0x08008c89   Thumb Code   158  tasks.o(i.vTaskDelete)
    vTaskInternalSetTimeOutState             0x08008d35   Thumb Code    12  tasks.o(i.vTaskInternalSetTimeOutState)
    vTaskMissedYield                         0x08008d45   Thumb Code     8  tasks.o(i.vTaskMissedYield)
    vTaskPlaceOnEventList                    0x08008d51   Thumb Code    44  tasks.o(i.vTaskPlaceOnEventList)
    vTaskStartScheduler                      0x08008d81   Thumb Code    94  tasks.o(i.vTaskStartScheduler)
    vTaskSuspendAll                          0x08008df1   Thumb Code    10  tasks.o(i.vTaskSuspendAll)
    vTaskSwitchContext                       0x08008e01   Thumb Code   110  tasks.o(i.vTaskSwitchContext)
    xPortStartScheduler                      0x08008e7d   Thumb Code   222  port.o(i.xPortStartScheduler)
    xQueueGenericCreate                      0x08008f71   Thumb Code    66  queue.o(i.xQueueGenericCreate)
    xQueueGenericCreateStatic                0x08008fb3   Thumb Code   102  queue.o(i.xQueueGenericCreateStatic)
    xQueueGenericReset                       0x08009019   Thumb Code   132  queue.o(i.xQueueGenericReset)
    xQueueGenericSend                        0x080090a1   Thumb Code   346  queue.o(i.xQueueGenericSend)
    xQueueGenericSendFromISR                 0x08009201   Thumb Code   190  queue.o(i.xQueueGenericSendFromISR)
    xQueueReceive                            0x080092c1   Thumb Code   308  queue.o(i.xQueueReceive)
    xTaskCheckForTimeOut                     0x080093f9   Thumb Code   112  tasks.o(i.xTaskCheckForTimeOut)
    xTaskCreate                              0x0800946d   Thumb Code    90  tasks.o(i.xTaskCreate)
    xTaskCreateStatic                        0x080094c7   Thumb Code    86  tasks.o(i.xTaskCreateStatic)
    xTaskGetSchedulerState                   0x0800951d   Thumb Code    22  tasks.o(i.xTaskGetSchedulerState)
    xTaskGetTickCount                        0x08009539   Thumb Code     6  tasks.o(i.xTaskGetTickCount)
    xTaskIncrementTick                       0x08009545   Thumb Code   194  tasks.o(i.xTaskIncrementTick)
    xTaskPriorityDisinherit                  0x08009611   Thumb Code   144  tasks.o(i.xTaskPriorityDisinherit)
    xTaskRemoveFromEventList                 0x080096a9   Thumb Code   108  tasks.o(i.xTaskRemoveFromEventList)
    xTaskResumeAll                           0x0800971d   Thumb Code   182  tasks.o(i.xTaskResumeAll)
    AHBPrescTable                            0x080098c0   Data          16  system_stm32f4xx.o(.constdata)
    APBPrescTable                            0x080098d0   Data           8  system_stm32f4xx.o(.constdata)
    CRC8_TAB                                 0x0800990c   Data         256  crc_verification.o(.constdata)
    wCRC_Table                               0x08009a0c   Data         512  crc_verification.o(.constdata)
    Region$$Table$$Base                      0x08009ee8   Number         0  anon$$obj.o(Region$$Table)
    Region$$Table$$Limit                     0x08009f08   Number         0  anon$$obj.o(Region$$Table)
    Task_IMUHandle                           0x20000000   Data           4  freertos.o(.data)
    Task_InitHandle                          0x20000004   Data           4  freertos.o(.data)
    Task_CAN_SendHandle                      0x20000008   Data           4  freertos.o(.data)
    Task_CAN1_RecHandle                      0x2000000c   Data           4  freertos.o(.data)
    Task_CAN2_RecHandle                      0x20000010   Data           4  freertos.o(.data)
    Task_Robot_CtrlHandle                    0x20000014   Data           4  freertos.o(.data)
    CAN1_ReceiveHandle                       0x20000018   Data           4  freertos.o(.data)
    CAN2_ReceiveHandle                       0x2000001c   Data           4  freertos.o(.data)
    CAN_SendHandle                           0x20000020   Data           4  freertos.o(.data)
    FreeRTOSRunTimeTicks                     0x20000028   Data           8  tim.o(.data)
    uwTickFreq                               0x20000030   Data           1  stm32f4xx_hal.o(.data)
    uwTickPrio                               0x20000034   Data           4  stm32f4xx_hal.o(.data)
    uwTick                                   0x20000038   Data           4  stm32f4xx_hal.o(.data)
    SystemCoreClock                          0x2000003c   Data           4  system_stm32f4xx.o(.data)
    pxCurrentTCB                             0x20000040   Data           4  tasks.o(.data)
    Robot_Control_Func                       0x200000b0   Data          12  robot_control.o(.data)
    State_Machine_Func                       0x200000bc   Data           4  state_machine.o(.data)
    State_Machine                            0x200000c0   Data           1  state_machine.o(.data)
    Chassis_Func                             0x200000c4   Data          12  chassis_control.o(.data)
    Gimbal_Func                              0x200000d0   Data          12  gimbal_control.o(.data)
    Shooting_Func                            0x200000dc   Data          16  shooting_control.o(.data)
    Fric_Wheel_Ramp                          0x200000ec   Data           8  shooting_control.o(.data)
    IMU_Temp_Control_Func                    0x200000f4   Data           8  imu_temp_control.o(.data)
    Chassis_Angle_PID                        0x200000fc   Data          56  pid.o(.data)
    Chassis_Speed_PID                        0x20000134   Data          56  pid.o(.data)
    Fric_Wheel_PID                           0x2000016c   Data          56  pid.o(.data)
    Yaw_Angle_PID                            0x200001a4   Data          56  pid.o(.data)
    Pitch_Angle_PID                          0x200001dc   Data          56  pid.o(.data)
    Trigger_Angle_PID                        0x20000214   Data          56  pid.o(.data)
    Trigger_Speed_PID                        0x2000024c   Data          56  pid.o(.data)
    AutoAim_Pitch_PID                        0x20000284   Data          56  pid.o(.data)
    AutoAim_Yaw_PID                          0x200002bc   Data          56  pid.o(.data)
    PID_Func                                 0x200002f4   Data          12  pid.o(.data)
    Ramp_Calc_Func                           0x20000300   Data          12  ramp_calc.o(.data)
    DR16_Func                                0x2000030c   Data          28  dr16_remote.o(.data)
    Board_A_IMU_Func                         0x20000328   Data          20  board_a_imu.o(.data)
    M3508_Func                               0x2000034c   Data          24  m3508_motor.o(.data)
    GM6020_Func                              0x20000364   Data          20  gm6020_motor.o(.data)
    M2006_Func                               0x20000378   Data          12  m2006_motor.o(.data)
    Super_Capacitor_Func                     0x20000384   Data          12  super_capacitor.o(.data)
    Referee_System_Func                      0x20000390   Data          12  referee_system.o(.data)
    Buzzer_Func                              0x2000039c   Data          24  buzzer.o(.data)
    Buzzer                                   0x200003b4   Data           4  buzzer.o(.data)
    Chinese_Poker                            0x200003b8   Data        2000  buzzer.o(.data)
    Mezase_Pokemon_Master                    0x20000b88   Data        2000  buzzer.o(.data)
    Undertale_Megalovania                    0x20001358   Data        2000  buzzer.o(.data)
    PVZ_Grasswalk_1                          0x20001b28   Data        2000  buzzer.o(.data)
    PVZ_Grasswalk_2                          0x200022f8   Data        2000  buzzer.o(.data)
    PVZ_Graze_The_Roof                       0x20002ac8   Data         400  buzzer.o(.data)
    Tx2_Func                                 0x20002c58   Data          12  jetson_tx2.o(.data)
    CAN_Func                                 0x20002c64   Data          28  can_setup.o(.data)
    Monitor_CAN                              0x20002c80   Data           8  can_setup.o(.data)
    Monitor_CAN1                             0x20002c88   Data           6  can_setup.o(.data)
    Monitor_CAN2                             0x20002c8e   Data           6  can_setup.o(.data)
    CRC_Verif_Func                           0x20002c94   Data          24  crc_verification.o(.data)
    CRC_INIT                                 0x20002cac   Data           2  crc_verification.o(.data)
    hcan1                                    0x20002f14   Data          40  can.o(.bss)
    hcan2                                    0x20002f3c   Data          40  can.o(.bss)
    hi2c2                                    0x20002f64   Data          84  i2c.o(.bss)
    hspi5                                    0x20002fb8   Data          88  spi.o(.bss)
    htim3                                    0x20003010   Data          72  tim.o(.bss)
    htim7                                    0x20003058   Data          72  tim.o(.bss)
    htim12                                   0x200030a0   Data          72  tim.o(.bss)
    huart7                                   0x200030e8   Data          68  usart.o(.bss)
    huart8                                   0x2000312c   Data          68  usart.o(.bss)
    huart1                                   0x20003170   Data          68  usart.o(.bss)
    huart6                                   0x200031b4   Data          68  usart.o(.bss)
    hdma_uart7_rx                            0x200031f8   Data          96  usart.o(.bss)
    hdma_uart7_tx                            0x20003258   Data          96  usart.o(.bss)
    hdma_usart1_rx                           0x200032b8   Data          96  usart.o(.bss)
    hdma_usart6_rx                           0x20003318   Data          96  usart.o(.bss)
    htim6                                    0x20003378   Data          72  stm32f4xx_hal_timebase_tim.o(.bss)
    Chassis                                  0x200082d0   Data          48  chassis_control.o(.bss)
    Gimbal                                   0x20008300   Data          36  gimbal_control.o(.bss)
    Shooting                                 0x20008324   Data          16  shooting_control.o(.bss)
    DR16_Export_Data                         0x20008334   Data         128  dr16_remote.o(.bss)
    Board_A_IMU                              0x200083b4   Data         152  board_a_imu.o(.bss)
    Board_A_IMU_AHRS                         0x2000844c   Data         100  board_a_imu.o(.bss)
    M3508_Chassis                            0x200084b0   Data         128  m3508_motor.o(.bss)
    M3508_Fric_Wheel                         0x20008530   Data          64  m3508_motor.o(.bss)
    GM6020_Yaw                               0x20008570   Data          32  gm6020_motor.o(.bss)
    GM6020_Pitch                             0x20008590   Data          32  gm6020_motor.o(.bss)
    M2006_Trigger                            0x200085b0   Data          32  m2006_motor.o(.bss)
    Super_Capacitor                          0x200085d0   Data          32  super_capacitor.o(.bss)
    MPU6050_IMU                              0x200085f0   Data         124  mpu6050_imu.o(.bss)
    MPU6050_IMU_AHRS                         0x2000866c   Data         100  mpu6050_imu.o(.bss)
    Referee_System                           0x200086de   Data         527  referee_system.o(.bss)
    Tx2_Data                                 0x200088f0   Data          52  jetson_tx2.o(.bss)
    CAN_Data                                 0x20008924   Data         152  can_setup.o(.bss)
    __initial_sp                             0x20008dc0   Data           0  startup_stm32f427xx.o(STACK)



==============================================================================

Memory Map of the image

  Image Entry point : 0x080001ad

  Load Region LR_IROM1 (Base: 0x08000000, Size: 0x0000cbbc, Max: 0x00200000, ABSOLUTE, COMPRESSED[0x0000a404])

    Execution Region ER_IROM1 (Exec base: 0x08000000, Load base: 0x08000000, Size: 0x00009f08, Max: 0x00200000, ABSOLUTE)

    Exec Addr    Load Addr    Size         Type   Attr      Idx    E Section Name        Object

    0x08000000   0x08000000   0x000001ac   Data   RO            3    RESET               startup_stm32f427xx.o
    0x080001ac   0x080001ac   0x00000000   Code   RO         7585  * .ARM.Collect$$$$00000000  mc_w.l(entry.o)
    0x080001ac   0x080001ac   0x00000004   Code   RO         7918    .ARM.Collect$$$$00000001  mc_w.l(entry2.o)
    0x080001b0   0x080001b0   0x00000004   Code   RO         7921    .ARM.Collect$$$$00000004  mc_w.l(entry5.o)
    0x080001b4   0x080001b4   0x00000000   Code   RO         7923    .ARM.Collect$$$$00000008  mc_w.l(entry7b.o)
    0x080001b4   0x080001b4   0x00000000   Code   RO         7925    .ARM.Collect$$$$0000000A  mc_w.l(entry8b.o)
    0x080001b4   0x080001b4   0x00000008   Code   RO         7926    .ARM.Collect$$$$0000000B  mc_w.l(entry9a.o)
    0x080001bc   0x080001bc   0x00000004   Code   RO         7933    .ARM.Collect$$$$0000000E  mc_w.l(entry12b.o)
    0x080001c0   0x080001c0   0x00000000   Code   RO         7928    .ARM.Collect$$$$0000000F  mc_w.l(entry10a.o)
    0x080001c0   0x080001c0   0x00000000   Code   RO         7930    .ARM.Collect$$$$00000011  mc_w.l(entry11a.o)
    0x080001c0   0x080001c0   0x00000004   Code   RO         7919    .ARM.Collect$$$$00002712  mc_w.l(entry2.o)
    0x080001c4   0x080001c4   0x000000be   Code   RO         5976    .emb_text           port.o
    0x08000282   0x08000282   0x00000002   PAD
    0x08000284   0x08000284   0x00000024   Code   RO            4    .text               startup_stm32f427xx.o
    0x080002a8   0x080002a8   0x00000062   Code   RO         7588    .text               mc_w.l(uldiv.o)
    0x0800030a   0x0800030a   0x00000024   Code   RO         7590    .text               mc_w.l(memcpya.o)
    0x0800032e   0x0800032e   0x00000024   Code   RO         7594    .text               mc_w.l(memseta.o)
    0x08000352   0x08000352   0x0000014e   Code   RO         7863    .text               mf_w.l(dadd.o)
    0x080004a0   0x080004a0   0x000000e4   Code   RO         7865    .text               mf_w.l(dmul.o)
    0x08000584   0x08000584   0x00000026   Code   RO         7867    .text               mf_w.l(f2d.o)
    0x080005aa   0x080005aa   0x00000038   Code   RO         7869    .text               mf_w.l(d2f.o)
    0x080005e2   0x080005e2   0x0000001e   Code   RO         7939    .text               mc_w.l(llshl.o)
    0x08000600   0x08000600   0x00000020   Code   RO         7941    .text               mc_w.l(llushr.o)
    0x08000620   0x08000620   0x00000024   Code   RO         7943    .text               mc_w.l(llsshr.o)
    0x08000644   0x08000644   0x00000000   Code   RO         7952    .text               mc_w.l(iusefp.o)
    0x08000644   0x08000644   0x0000006e   Code   RO         7953    .text               mf_w.l(fepilogue.o)
    0x080006b2   0x080006b2   0x000000ba   Code   RO         7955    .text               mf_w.l(depilogue.o)
    0x0800076c   0x0800076c   0x000000de   Code   RO         7957    .text               mf_w.l(ddiv.o)
    0x0800084a   0x0800084a   0x00000004   Code   RO         7965    .text               mf_w.l(fpstat.o)
    0x0800084e   0x0800084e   0x00000002   PAD
    0x08000850   0x08000850   0x00000024   Code   RO         7977    .text               mc_w.l(init.o)
    0x08000874   0x08000874   0x00000022   Code   RO         7981    .text               mf_w.l(dflti.o)
    0x08000896   0x08000896   0x0000001a   Code   RO         7983    .text               mf_w.l(dfltui.o)
    0x080008b0   0x080008b0   0x0000003e   Code   RO         7985    .text               mf_w.l(dfixi.o)
    0x080008ee   0x080008ee   0x00000056   Code   RO         7995    .text               mc_w.l(__dczerorl2.o)
    0x08000944   0x08000944   0x00000028   Code   RO         7437    i.Append_CRC16_Check_Sum  crc_verification.o
    0x0800096c   0x0800096c   0x0000001c   Code   RO         7438    i.Append_CRC8_Check_Sum  crc_verification.o
    0x08000988   0x08000988   0x000000c0   Code   RO         6562    i.Board_A_IMU_Calc_Angle  board_a_imu.o
    0x08000a48   0x08000a48   0x000000a4   Code   RO         6563    i.Board_A_IMU_Calibrate  board_a_imu.o
    0x08000aec   0x08000aec   0x0000008e   Code   RO         6564    i.Board_A_IMU_I2C_Config  board_a_imu.o
    0x08000b7a   0x08000b7a   0x00000002   PAD
    0x08000b7c   0x08000b7c   0x0000003c   Code   RO         6565    i.Board_A_IMU_Init  board_a_imu.o
    0x08000bb8   0x08000bb8   0x0000005c   Code   RO         6566    i.Board_A_IMU_Read_Bytes  board_a_imu.o
    0x08000c14   0x08000c14   0x000001a4   Code   RO         6567    i.Board_A_IMU_Read_Data  board_a_imu.o
    0x08000db8   0x08000db8   0x0000001c   Code   RO         6568    i.Board_A_IMU_Reset  board_a_imu.o
    0x08000dd4   0x08000dd4   0x00000030   Code   RO         6293    i.Board_A_IMU_Temp_Control  imu_temp_control.o
    0x08000e04   0x08000e04   0x0000000c   Code   RO         6294    i.Board_A_IMU_Temp_Control_Init  imu_temp_control.o
    0x08000e10   0x08000e10   0x00000054   Code   RO         6569    i.Board_A_IMU_Write_Byte  board_a_imu.o
    0x08000e64   0x08000e64   0x00000002   Code   RO          755    i.BusFault_Handler  stm32f4xx_it.o
    0x08000e66   0x08000e66   0x00000002   PAD
    0x08000e68   0x08000e68   0x00000118   Code   RO         6983    i.Buzzer_Choose_Note  buzzer.o
    0x08000f80   0x08000f80   0x0000000c   Code   RO         6984    i.Buzzer_Init       buzzer.o
    0x08000f8c   0x08000f8c   0x00000002   Code   RO         6985    i.Buzzer_Modules_Offline  buzzer.o
    0x08000f8e   0x08000f8e   0x00000002   PAD
    0x08000f90   0x08000f90   0x0000001c   Code   RO         6986    i.Buzzer_On         buzzer.o
    0x08000fac   0x08000fac   0x000000f4   Code   RO         6987    i.Buzzer_Play_Song  buzzer.o
    0x080010a0   0x080010a0   0x000000bc   Code   RO         6988    i.Buzzer_Robot_Initializing  buzzer.o
    0x0800115c   0x0800115c   0x00000056   Code   RO         6989    i.Buzzer_Robot_Is_Initialized  buzzer.o
    0x080011b2   0x080011b2   0x00000002   PAD
    0x080011b4   0x080011b4   0x00000034   Code   RO         6990    i.Buzzer_State      buzzer.o
    0x080011e8   0x080011e8   0x00000028   Code   RO          756    i.CAN1_RX0_IRQHandler  stm32f4xx_it.o
    0x08001210   0x08001210   0x000000a4   Code   RO          256    i.CAN1_Rec          freertos.o
    0x080012b4   0x080012b4   0x00000028   Code   RO          757    i.CAN2_RX0_IRQHandler  stm32f4xx_it.o
    0x080012dc   0x080012dc   0x00000078   Code   RO          257    i.CAN2_Rec          freertos.o
    0x08001354   0x08001354   0x00000048   Code   RO         7111    i.CAN_0x1FF_Send_Data  can_setup.o
    0x0800139c   0x0800139c   0x00000048   Code   RO         7112    i.CAN_0x200_Send_Data  can_setup.o
    0x080013e4   0x080013e4   0x00000028   Code   RO         7113    i.CAN_0x210_Send_Data  can_setup.o
    0x0800140c   0x0800140c   0x00000048   Code   RO         7114    i.CAN_0x2FF_Send_Data  can_setup.o
    0x08001454   0x08001454   0x0000004c   Code   RO         7115    i.CAN_IT_Init       can_setup.o
    0x080014a0   0x080014a0   0x0000005c   Code   RO         7116    i.CAN_RxMessage_Export_Data  can_setup.o
    0x080014fc   0x080014fc   0x00000034   Code   RO         7117    i.CAN_SendData      can_setup.o
    0x08001530   0x08001530   0x00000028   Code   RO          258    i.CAN_Send_ALL      freertos.o
    0x08001558   0x08001558   0x0000025c   Code   RO         6145    i.Chassis_Processing  chassis_control.o
    0x080017b4   0x080017b4   0x00000074   Code   RO         6146    i.Chassis_Speed_Get_Data  chassis_control.o
    0x08001828   0x08001828   0x00000030   Code   RO         7118    i.Check_CAN         can_setup.o
    0x08001858   0x08001858   0x0000001c   Code   RO         6495    i.Check_DR16        dr16_remote.o
    0x08001874   0x08001874   0x00000018   Code   RO         6735    i.Check_GM6020_Pitch  gm6020_motor.o
    0x0800188c   0x0800188c   0x00000018   Code   RO         6736    i.Check_GM6020_Yaw  gm6020_motor.o
    0x080018a4   0x080018a4   0x00000018   Code   RO         6790    i.Check_M2006_Trigger  m2006_motor.o
    0x080018bc   0x080018bc   0x00000028   Code   RO         6674    i.Check_M3508_Chassis  m3508_motor.o
    0x080018e4   0x080018e4   0x00000028   Code   RO         6675    i.Check_M3508_Fric_Wheel  m3508_motor.o
    0x0800190c   0x0800190c   0x00000018   Code   RO         6833    i.Check_Super_Capacitor  super_capacitor.o
    0x08001924   0x08001924   0x00000030   Code   RO         6401    i.Clear_PID_Data    pid.o
    0x08001954   0x08001954   0x00000014   Code   RO         6452    i.Clear_Ramp        ramp_calc.o
    0x08001968   0x08001968   0x00000094   Code   RO         6108    i.Computer_Update   state_machine.o
    0x080019fc   0x080019fc   0x00000010   Code   RO          628    i.ConfigureTimerForRunTimeStats  tim.o
    0x08001a0c   0x08001a0c   0x0000000c   Code   RO          758    i.DMA1_Stream1_IRQHandler  stm32f4xx_it.o
    0x08001a18   0x08001a18   0x0000000c   Code   RO          759    i.DMA1_Stream3_IRQHandler  stm32f4xx_it.o
    0x08001a24   0x08001a24   0x00000002   Code   RO          760    i.DMA2_Stream1_IRQHandler  stm32f4xx_it.o
    0x08001a26   0x08001a26   0x00000002   Code   RO          761    i.DMA2_Stream2_IRQHandler  stm32f4xx_it.o
    0x08001a28   0x08001a28   0x00000028   Code   RO         1695    i.DMA_CalcBaseAndBitshift  stm32f4xx_hal_dma.o
    0x08001a50   0x08001a50   0x00000054   Code   RO         1696    i.DMA_CheckFifoParam  stm32f4xx_hal_dma.o
    0x08001aa4   0x08001aa4   0x00000028   Code   RO         1697    i.DMA_SetConfig     stm32f4xx_hal_dma.o
    0x08001acc   0x08001acc   0x000000cc   Code   RO         6496    i.DR16_Data_Process  dr16_remote.o
    0x08001b98   0x08001b98   0x0000003c   Code   RO         6497    i.DR16_Handler      dr16_remote.o
    0x08001bd4   0x08001bd4   0x0000004c   Code   RO         6498    i.DR16_USART_Receive_DMA  dr16_remote.o
    0x08001c20   0x08001c20   0x00000002   Code   RO          762    i.DebugMon_Handler  stm32f4xx_it.o
    0x08001c22   0x08001c22   0x00000004   Code   RO           13    i.Error_Handler     main.o
    0x08001c26   0x08001c26   0x00000002   PAD
    0x08001c28   0x08001c28   0x00000028   Code   RO         6371    i.Find_Gimbal_Min_Angle  user_defined_math.o
    0x08001c50   0x08001c50   0x00000008   Code   RO         7254    i.FusionAhrsGetQuaternion  fusionahrs.o
    0x08001c58   0x08001c58   0x00000020   Code   RO         7255    i.FusionAhrsInitialise  fusionahrs.o
    0x08001c78   0x08001c78   0x0000004c   Code   RO         7256    i.FusionAhrsReset   fusionahrs.o
    0x08001cc4   0x08001cc4   0x000000ca   Code   RO         7257    i.FusionAhrsSetHeading  fusionahrs.o
    0x08001d8e   0x08001d8e   0x00000002   PAD
    0x08001d90   0x08001d90   0x000000b0   Code   RO         7258    i.FusionAhrsSetSettings  fusionahrs.o
    0x08001e40   0x08001e40   0x00000368   Code   RO         7259    i.FusionAhrsUpdate  fusionahrs.o
    0x080021a8   0x080021a8   0x00000050   Code   RO         7388    i.FusionCompassCalculateHeading  fusioncompass.o
    0x080021f8   0x080021f8   0x00000010   Code   RO         7263    i.FusionDegreesToRadians  fusionahrs.o
    0x08002208   0x08002208   0x00000034   Code   RO         7264    i.FusionFastInverseSqrt  fusionahrs.o
    0x0800223c   0x0800223c   0x000000ac   Code   RO         6570    i.FusionQuaternionToEuler  board_a_imu.o
    0x080022e8   0x080022e8   0x0000000e   Code   RO         7265    i.FusionVectorAdd   fusionahrs.o
    0x080022f6   0x080022f6   0x00000022   Code   RO         7266    i.FusionVectorCrossProduct  fusionahrs.o
    0x08002318   0x08002318   0x00000022   Code   RO         7389    i.FusionVectorCrossProduct  fusioncompass.o
    0x0800233a   0x0800233a   0x00000026   Code   RO         7267    i.FusionVectorIsZero  fusionahrs.o
    0x08002360   0x08002360   0x00000016   Code   RO         7269    i.FusionVectorMagnitudeSquared  fusionahrs.o
    0x08002376   0x08002376   0x0000000e   Code   RO         7270    i.FusionVectorMultiplyScalar  fusionahrs.o
    0x08002384   0x08002384   0x00000036   Code   RO         7271    i.FusionVectorNormalise  fusionahrs.o
    0x080023ba   0x080023ba   0x00000002   PAD
    0x080023bc   0x080023bc   0x00000054   Code   RO         7390    i.FusionVectorNormalise  fusioncompass.o
    0x08002410   0x08002410   0x00000020   Code   RO         6737    i.GM6020_Gimbal_Send_Data  gm6020_motor.o
    0x08002430   0x08002430   0x0000007c   Code   RO         6738    i.GM6020_Pitch_Get_Data  gm6020_motor.o
    0x080024ac   0x080024ac   0x0000007c   Code   RO         6739    i.GM6020_Yaw_Get_Data  gm6020_motor.o
    0x08002528   0x08002528   0x000000a4   Code   RO          259    i.General_Init      freertos.o
    0x080025cc   0x080025cc   0x0000002c   Code   RO         7439    i.Get_CRC16_Check_Sum  crc_verification.o
    0x080025f8   0x080025f8   0x0000001c   Code   RO         7440    i.Get_CRC8_Check_Sum  crc_verification.o
    0x08002614   0x08002614   0x000000c0   Code   RO         6188    i.Gimbal_Control_Get_Data  gimbal_control.o
    0x080026d4   0x080026d4   0x00000024   Code   RO         6189    i.Gimbal_Init       gimbal_control.o
    0x080026f8   0x080026f8   0x000001e0   Code   RO         6190    i.Gimbal_Processing  gimbal_control.o
    0x080028d8   0x080028d8   0x000000dc   Code   RO          952    i.HAL_CAN_AddTxMessage  stm32f4xx_hal_can.o
    0x080029b4   0x080029b4   0x0000010c   Code   RO          953    i.HAL_CAN_ConfigFilter  stm32f4xx_hal_can.o
    0x08002ac0   0x08002ac0   0x000000e8   Code   RO          959    i.HAL_CAN_GetRxMessage  stm32f4xx_hal_can.o
    0x08002ba8   0x08002ba8   0x0000011a   Code   RO          964    i.HAL_CAN_Init      stm32f4xx_hal_can.o
    0x08002cc2   0x08002cc2   0x00000002   PAD
    0x08002cc4   0x08002cc4   0x000000fc   Code   RO          472    i.HAL_CAN_MspInit   can.o
    0x08002dc0   0x08002dc0   0x00000058   Code   RO          976    i.HAL_CAN_Start     stm32f4xx_hal_can.o
    0x08002e18   0x08002e18   0x000001a0   Code   RO         1703    i.HAL_DMA_IRQHandler  stm32f4xx_hal_dma.o
    0x08002fb8   0x08002fb8   0x000000d4   Code   RO         1704    i.HAL_DMA_Init      stm32f4xx_hal_dma.o
    0x0800308c   0x0800308c   0x00000046   Code   RO         1707    i.HAL_DMA_Start     stm32f4xx_hal_dma.o
    0x080030d2   0x080030d2   0x0000006e   Code   RO         1708    i.HAL_DMA_Start_IT  stm32f4xx_hal_dma.o
    0x08003140   0x08003140   0x00000024   Code   RO         2135    i.HAL_Delay         stm32f4xx_hal.o
    0x08003164   0x08003164   0x00000234   Code   RO         1591    i.HAL_GPIO_Init     stm32f4xx_hal_gpio.o
    0x08003398   0x08003398   0x0000000a   Code   RO         1593    i.HAL_GPIO_ReadPin  stm32f4xx_hal_gpio.o
    0x080033a2   0x080033a2   0x0000000a   Code   RO         1595    i.HAL_GPIO_WritePin  stm32f4xx_hal_gpio.o
    0x080033ac   0x080033ac   0x0000000c   Code   RO         2143    i.HAL_GetTick       stm32f4xx_hal.o
    0x080033b8   0x080033b8   0x00000042   Code   RO         2830    i.HAL_I2CEx_ConfigAnalogFilter  stm32f4xx_hal_i2c_ex.o
    0x080033fa   0x080033fa   0x0000003e   Code   RO         2831    i.HAL_I2CEx_ConfigDigitalFilter  stm32f4xx_hal_i2c_ex.o
    0x08003438   0x08003438   0x00000188   Code   RO         2409    i.HAL_I2C_Init      stm32f4xx_hal_i2c.o
    0x080035c0   0x080035c0   0x00000068   Code   RO          545    i.HAL_I2C_MspInit   i2c.o
    0x08003628   0x08003628   0x00000010   Code   RO         2149    i.HAL_IncTick       stm32f4xx_hal.o
    0x08003638   0x08003638   0x00000034   Code   RO         2150    i.HAL_Init          stm32f4xx_hal.o
    0x0800366c   0x0800366c   0x00000098   Code   RO          911    i.HAL_InitTick      stm32f4xx_hal_timebase_tim.o
    0x08003704   0x08003704   0x00000038   Code   RO          887    i.HAL_MspInit       stm32f4xx_hal_msp.o
    0x0800373c   0x0800373c   0x0000001a   Code   RO         1998    i.HAL_NVIC_EnableIRQ  stm32f4xx_hal_cortex.o
    0x08003756   0x08003756   0x00000002   PAD
    0x08003758   0x08003758   0x00000040   Code   RO         2004    i.HAL_NVIC_SetPriority  stm32f4xx_hal_cortex.o
    0x08003798   0x08003798   0x00000024   Code   RO         2005    i.HAL_NVIC_SetPriorityGrouping  stm32f4xx_hal_cortex.o
    0x080037bc   0x080037bc   0x00000134   Code   RO         1185    i.HAL_RCC_ClockConfig  stm32f4xx_hal_rcc.o
    0x080038f0   0x080038f0   0x00000040   Code   RO         1189    i.HAL_RCC_GetClockConfig  stm32f4xx_hal_rcc.o
    0x08003930   0x08003930   0x00000020   Code   RO         1192    i.HAL_RCC_GetPCLK1Freq  stm32f4xx_hal_rcc.o
    0x08003950   0x08003950   0x00000020   Code   RO         1193    i.HAL_RCC_GetPCLK2Freq  stm32f4xx_hal_rcc.o
    0x08003970   0x08003970   0x00000064   Code   RO         1194    i.HAL_RCC_GetSysClockFreq  stm32f4xx_hal_rcc.o
    0x080039d4   0x080039d4   0x0000036c   Code   RO         1197    i.HAL_RCC_OscConfig  stm32f4xx_hal_rcc.o
    0x08003d40   0x08003d40   0x000000bc   Code   RO         2871    i.HAL_SPI_Init      stm32f4xx_hal_spi.o
    0x08003dfc   0x08003dfc   0x0000006c   Code   RO          587    i.HAL_SPI_MspInit   spi.o
    0x08003e68   0x08003e68   0x000001e2   Code   RO         2880    i.HAL_SPI_TransmitReceive  stm32f4xx_hal_spi.o
    0x0800404a   0x0800404a   0x00000002   Code   RO         3888    i.HAL_TIMEx_BreakCallback  stm32f4xx_hal_tim_ex.o
    0x0800404c   0x0800404c   0x00000002   Code   RO         3889    i.HAL_TIMEx_CommutCallback  stm32f4xx_hal_tim_ex.o
    0x0800404e   0x0800404e   0x00000002   PAD
    0x08004050   0x08004050   0x00000090   Code   RO         3907    i.HAL_TIMEx_MasterConfigSynchronization  stm32f4xx_hal_tim_ex.o
    0x080040e0   0x080040e0   0x0000005a   Code   RO         3184    i.HAL_TIM_Base_Init  stm32f4xx_hal_tim.o
    0x0800413a   0x0800413a   0x00000002   PAD
    0x0800413c   0x0800413c   0x0000005c   Code   RO          630    i.HAL_TIM_Base_MspInit  tim.o
    0x08004198   0x08004198   0x00000080   Code   RO         3189    i.HAL_TIM_Base_Start_IT  stm32f4xx_hal_tim.o
    0x08004218   0x08004218   0x000000dc   Code   RO         3193    i.HAL_TIM_ConfigClockSource  stm32f4xx_hal_tim.o
    0x080042f4   0x080042f4   0x00000002   Code   RO         3218    i.HAL_TIM_IC_CaptureCallback  stm32f4xx_hal_tim.o
    0x080042f6   0x080042f6   0x00000166   Code   RO         3232    i.HAL_TIM_IRQHandler  stm32f4xx_hal_tim.o
    0x0800445c   0x0800445c   0x00000084   Code   RO          631    i.HAL_TIM_MspPostInit  tim.o
    0x080044e0   0x080044e0   0x00000002   Code   RO         3235    i.HAL_TIM_OC_DelayElapsedCallback  stm32f4xx_hal_tim.o
    0x080044e2   0x080044e2   0x000000cc   Code   RO         3256    i.HAL_TIM_PWM_ConfigChannel  stm32f4xx_hal_tim.o
    0x080045ae   0x080045ae   0x0000005a   Code   RO         3259    i.HAL_TIM_PWM_Init  stm32f4xx_hal_tim.o
    0x08004608   0x08004608   0x00000002   Code   RO         3261    i.HAL_TIM_PWM_MspInit  stm32f4xx_hal_tim.o
    0x0800460a   0x0800460a   0x00000002   Code   RO         3262    i.HAL_TIM_PWM_PulseFinishedCallback  stm32f4xx_hal_tim.o
    0x0800460c   0x0800460c   0x000000c8   Code   RO         3264    i.HAL_TIM_PWM_Start  stm32f4xx_hal_tim.o
    0x080046d4   0x080046d4   0x0000003c   Code   RO           14    i.HAL_TIM_PeriodElapsedCallback  main.o
    0x08004710   0x08004710   0x00000002   Code   RO         3275    i.HAL_TIM_TriggerCallback  stm32f4xx_hal_tim.o
    0x08004712   0x08004712   0x00000002   Code   RO         4166    i.HAL_UARTEx_RxEventCallback  stm32f4xx_hal_uart.o
    0x08004714   0x08004714   0x00000002   Code   RO         4180    i.HAL_UART_ErrorCallback  stm32f4xx_hal_uart.o
    0x08004716   0x08004716   0x00000062   Code   RO         4184    i.HAL_UART_Init     stm32f4xx_hal_uart.o
    0x08004778   0x08004778   0x00000288   Code   RO          696    i.HAL_UART_MspInit  usart.o
    0x08004a00   0x08004a00   0x0000002a   Code   RO         4188    i.HAL_UART_Receive_DMA  stm32f4xx_hal_uart.o
    0x08004a2a   0x08004a2a   0x00000002   PAD
    0x08004a2c   0x08004a2c   0x00000014   Code   RO         7056    i.HAL_UART_RxCpltCallback  jetson_tx2.o
    0x08004a40   0x08004a40   0x00000002   Code   RO         4191    i.HAL_UART_RxHalfCpltCallback  stm32f4xx_hal_uart.o
    0x08004a42   0x08004a42   0x00000002   PAD
    0x08004a44   0x08004a44   0x0000008c   Code   RO         4193    i.HAL_UART_Transmit_DMA  stm32f4xx_hal_uart.o
    0x08004ad0   0x08004ad0   0x00000014   Code   RO         7057    i.HAL_UART_TxCpltCallback  jetson_tx2.o
    0x08004ae4   0x08004ae4   0x00000002   Code   RO         4196    i.HAL_UART_TxHalfCpltCallback  stm32f4xx_hal_uart.o
    0x08004ae6   0x08004ae6   0x00000002   Code   RO          763    i.HardFault_Handler  stm32f4xx_it.o
    0x08004ae8   0x08004ae8   0x00000100   Code   RO         6571    i.IST8310_Init      board_a_imu.o
    0x08004be8   0x08004be8   0x00000078   Code   RO         6572    i.IST8310_Read_Byte  board_a_imu.o
    0x08004c60   0x08004c60   0x00000042   Code   RO         6573    i.IST8310_Write_Byte  board_a_imu.o
    0x08004ca2   0x08004ca2   0x0000008e   Code   RO         6402    i.Incremental_PID   pid.o
    0x08004d30   0x08004d30   0x00000174   Code   RO         6147    i.Inverse_Kinematic_Calc  chassis_control.o
    0x08004ea4   0x08004ea4   0x0000008c   Code   RO         7058    i.Jetson_Tx2_Get_Data  jetson_tx2.o
    0x08004f30   0x08004f30   0x00000024   Code   RO         7059    i.Jetson_Tx2_Initialization  jetson_tx2.o
    0x08004f54   0x08004f54   0x0000001c   Code   RO         7060    i.Jetson_Tx2_Send_Data  jetson_tx2.o
    0x08004f70   0x08004f70   0x0000000e   Code   RO         6499    i.Key_State_Clear   dr16_remote.o
    0x08004f7e   0x08004f7e   0x00000020   Code   RO         6500    i.Key_State_Detect  dr16_remote.o
    0x08004f9e   0x08004f9e   0x00000002   PAD
    0x08004fa0   0x08004fa0   0x0000017c   Code   RO         6501    i.Keyboard_Data_Process  dr16_remote.o
    0x0800511c   0x0800511c   0x00000050   Code   RO         6791    i.M2006_Trigger_Get_Data  m2006_motor.o
    0x0800516c   0x0800516c   0x00000020   Code   RO         6792    i.M2006_Trigger_Send_Data  m2006_motor.o
    0x0800518c   0x0800518c   0x00000084   Code   RO         6676    i.M3508_Chassis_Get_Data  m3508_motor.o
    0x08005210   0x08005210   0x0000001c   Code   RO         6677    i.M3508_Chassis_Send_Data  m3508_motor.o
    0x0800522c   0x0800522c   0x00000050   Code   RO         6678    i.M3508_Fric_Wheel_Get_Data  m3508_motor.o
    0x0800527c   0x0800527c   0x00000020   Code   RO         6679    i.M3508_Fric_Wheel_Send_Data  m3508_motor.o
    0x0800529c   0x0800529c   0x00000048   Code   RO          473    i.MX_CAN1_Init      can.o
    0x080052e4   0x080052e4   0x00000048   Code   RO          474    i.MX_CAN2_Init      can.o
    0x0800532c   0x0800532c   0x0000006c   Code   RO          520    i.MX_DMA_Init       dma.o
    0x08005398   0x08005398   0x000000dc   Code   RO          260    i.MX_FREERTOS_Init  freertos.o
    0x08005474   0x08005474   0x000000d0   Code   RO          232    i.MX_GPIO_Init      gpio.o
    0x08005544   0x08005544   0x0000005c   Code   RO          546    i.MX_I2C2_Init      i2c.o
    0x080055a0   0x080055a0   0x00000048   Code   RO          588    i.MX_SPI5_Init      spi.o
    0x080055e8   0x080055e8   0x00000080   Code   RO          632    i.MX_TIM12_Init     tim.o
    0x08005668   0x08005668   0x00000098   Code   RO          633    i.MX_TIM3_Init      tim.o
    0x08005700   0x08005700   0x00000044   Code   RO          634    i.MX_TIM7_Init      tim.o
    0x08005744   0x08005744   0x00000038   Code   RO          697    i.MX_UART7_Init     usart.o
    0x0800577c   0x0800577c   0x00000038   Code   RO          698    i.MX_UART8_Init     usart.o
    0x080057b4   0x080057b4   0x0000003c   Code   RO          699    i.MX_USART1_UART_Init  usart.o
    0x080057f0   0x080057f0   0x00000038   Code   RO          700    i.MX_USART6_UART_Init  usart.o
    0x08005828   0x08005828   0x00000002   Code   RO          764    i.MemManage_Handler  stm32f4xx_it.o
    0x0800582a   0x0800582a   0x00000002   Code   RO          765    i.NMI_Handler       stm32f4xx_it.o
    0x0800582c   0x0800582c   0x0000007a   Code   RO         6403    i.Positional_PID    pid.o
    0x080058a6   0x080058a6   0x00000028   Code   RO         6453    i.Ramp_Down         ramp_calc.o
    0x080058ce   0x080058ce   0x00000036   Code   RO         6454    i.Ramp_Up           ramp_calc.o
    0x08005904   0x08005904   0x000001ec   Code   RO         6934    i.Referee_Get_Data  referee_system.o
    0x08005af0   0x08005af0   0x00000050   Code   RO         6935    i.Referee_System_Handler  referee_system.o
    0x08005b40   0x08005b40   0x0000003c   Code   RO         6936    i.Referee_UART_Receive_DMA_No_Interrupt  referee_system.o
    0x08005b7c   0x08005b7c   0x00000024   Code   RO         6937    i.Referee_UART_Receive_Interrupt  referee_system.o
    0x08005ba0   0x08005ba0   0x000000d4   Code   RO         6109    i.Remote_Control_Update  state_machine.o
    0x08005c74   0x08005c74   0x0000001c   Code   RO          261    i.Robot_Control     freertos.o
    0x08005c90   0x08005c90   0x0000001c   Code   RO         6065    i.Robot_Control_Disabled  robot_control.o
    0x08005cac   0x08005cac   0x00000088   Code   RO         6066    i.Robot_Control_Send  robot_control.o
    0x08005d34   0x08005d34   0x0000006c   Code   RO         6067    i.Robot_Control_Start  robot_control.o
    0x08005da0   0x08005da0   0x00000058   Code   RO         2909    i.SPI_EndRxTxTransaction  stm32f4xx_hal_spi.o
    0x08005df8   0x08005df8   0x000000b8   Code   RO         2914    i.SPI_WaitFlagStateUntilTimeout  stm32f4xx_hal_spi.o
    0x08005eb0   0x08005eb0   0x00000050   Code   RO         6231    i.Shooting_Disabled  shooting_control.o
    0x08005f00   0x08005f00   0x0000001c   Code   RO         6232    i.Shooting_Init     shooting_control.o
    0x08005f1c   0x08005f1c   0x000000cc   Code   RO         6233    i.Shooting_Processing  shooting_control.o
    0x08005fe8   0x08005fe8   0x00000038   Code   RO          262    i.StartIMUTask      freertos.o
    0x08006020   0x08006020   0x0000005c   Code   RO         6834    i.Super_Capacitor_Get_Data  super_capacitor.o
    0x0800607c   0x0800607c   0x00000014   Code   RO         6835    i.Super_Capacitor_Send_Data  super_capacitor.o
    0x08006090   0x08006090   0x0000002c   Code   RO         5977    i.SysTick_Handler   port.o
    0x080060bc   0x080060bc   0x00000094   Code   RO           15    i.SystemClock_Config  main.o
    0x08006150   0x08006150   0x00000010   Code   RO         4513    i.SystemInit        system_stm32f4xx.o
    0x08006160   0x08006160   0x0000000c   Code   RO          766    i.TIM6_DAC_IRQHandler  stm32f4xx_it.o
    0x0800616c   0x0800616c   0x000000c8   Code   RO         3277    i.TIM_Base_SetConfig  stm32f4xx_hal_tim.o
    0x08006234   0x08006234   0x0000001a   Code   RO         3278    i.TIM_CCxChannelCmd  stm32f4xx_hal_tim.o
    0x0800624e   0x0800624e   0x00000014   Code   RO         3288    i.TIM_ETR_SetConfig  stm32f4xx_hal_tim.o
    0x08006262   0x08006262   0x00000010   Code   RO         3289    i.TIM_ITRx_SetConfig  stm32f4xx_hal_tim.o
    0x08006272   0x08006272   0x00000002   PAD
    0x08006274   0x08006274   0x00000060   Code   RO         3290    i.TIM_OC1_SetConfig  stm32f4xx_hal_tim.o
    0x080062d4   0x080062d4   0x0000006c   Code   RO         3291    i.TIM_OC2_SetConfig  stm32f4xx_hal_tim.o
    0x08006340   0x08006340   0x00000068   Code   RO         3292    i.TIM_OC3_SetConfig  stm32f4xx_hal_tim.o
    0x080063a8   0x080063a8   0x00000050   Code   RO         3293    i.TIM_OC4_SetConfig  stm32f4xx_hal_tim.o
    0x080063f8   0x080063f8   0x00000022   Code   RO         3295    i.TIM_TI1_ConfigInputStage  stm32f4xx_hal_tim.o
    0x0800641a   0x0800641a   0x00000024   Code   RO         3297    i.TIM_TI2_ConfigInputStage  stm32f4xx_hal_tim.o
    0x0800643e   0x0800643e   0x00000002   PAD
    0x08006440   0x08006440   0x00000058   Code   RO         6234    i.Trigger_Get_Data  shooting_control.o
    0x08006498   0x08006498   0x000000b4   Code   RO         6235    i.Turn_Friction_Wheel_Off  shooting_control.o
    0x0800654c   0x0800654c   0x000000bc   Code   RO         6236    i.Turn_Friction_Wheel_On  shooting_control.o
    0x08006608   0x08006608   0x0000004a   Code   RO         4198    i.UART_DMAError     stm32f4xx_hal_uart.o
    0x08006652   0x08006652   0x00000082   Code   RO         4199    i.UART_DMAReceiveCplt  stm32f4xx_hal_uart.o
    0x080066d4   0x080066d4   0x0000001a   Code   RO         4201    i.UART_DMARxHalfCplt  stm32f4xx_hal_uart.o
    0x080066ee   0x080066ee   0x00000042   Code   RO         4203    i.UART_DMATransmitCplt  stm32f4xx_hal_uart.o
    0x08006730   0x08006730   0x0000000a   Code   RO         4205    i.UART_DMATxHalfCplt  stm32f4xx_hal_uart.o
    0x0800673a   0x0800673a   0x0000004e   Code   RO         4207    i.UART_EndRxTransfer  stm32f4xx_hal_uart.o
    0x08006788   0x08006788   0x0000001c   Code   RO         4208    i.UART_EndTxTransfer  stm32f4xx_hal_uart.o
    0x080067a4   0x080067a4   0x0000010c   Code   RO         4210    i.UART_SetConfig    stm32f4xx_hal_uart.o
    0x080068b0   0x080068b0   0x00000094   Code   RO         4211    i.UART_Start_Receive_DMA  stm32f4xx_hal_uart.o
    0x08006944   0x08006944   0x0000002c   Code   RO          767    i.USART1_IRQHandler  stm32f4xx_it.o
    0x08006970   0x08006970   0x0000002c   Code   RO          768    i.USART6_IRQHandler  stm32f4xx_it.o
    0x0800699c   0x0800699c   0x00000002   Code   RO          769    i.UsageFault_Handler  stm32f4xx_it.o
    0x0800699e   0x0800699e   0x00000020   Code   RO         6372    i.VAL_LIMIT         user_defined_math.o
    0x080069be   0x080069be   0x00000002   PAD
    0x080069c0   0x080069c0   0x0000003c   Code   RO         7441    i.Verify_CRC16_Check_Sum  crc_verification.o
    0x080069fc   0x080069fc   0x00000026   Code   RO         7442    i.Verify_CRC8_Check_Sum  crc_verification.o
    0x08006a22   0x08006a22   0x00000030   Code   RO         7973    i.__ARM_fpclassify  m_wm.l(fpclassify.o)
    0x08006a52   0x08006a52   0x00000026   Code   RO         7888    i.__ARM_fpclassifyf  m_wm.l(fpclassifyf.o)
    0x08006a78   0x08006a78   0x00000020   Code   RO         2011    i.__NVIC_SetPriority  stm32f4xx_hal_cortex.o
    0x08006a98   0x08006a98   0x0000012c   Code   RO         7487    i.__hardfp_asinf    m_wm.l(asinf.o)
    0x08006bc4   0x08006bc4   0x000002ac   Code   RO         7499    i.__hardfp_atan2f   m_wm.l(atan2f.o)
    0x08006e70   0x08006e70   0x000000c8   Code   RO         7511    i.__hardfp_cos      m_wm.l(cos.o)
    0x08006f38   0x08006f38   0x00000150   Code   RO         7523    i.__hardfp_cosf     m_wm.l(cosf.o)
    0x08007088   0x08007088   0x00000664   Code   RO         7535    i.__hardfp_powf     m_wm.l(powf.o)
    0x080076ec   0x080076ec   0x00000004   PAD
    0x080076f0   0x080076f0   0x000000c8   Code   RO         7549    i.__hardfp_sin      m_wm.l(sin.o)
    0x080077b8   0x080077b8   0x00000190   Code   RO         7561    i.__hardfp_sinf     m_wm.l(sinf.o)
    0x08007948   0x08007948   0x00000438   Code   RO         7904    i.__ieee754_rem_pio2  m_wm.l(rred.o)
    0x08007d80   0x08007d80   0x00000170   Code   RO         7871    i.__kernel_cos      m_wm.l(cos_i.o)
    0x08007ef0   0x08007ef0   0x000000f8   Code   RO         7975    i.__kernel_poly     m_wm.l(poly.o)
    0x08007fe8   0x08007fe8   0x00000130   Code   RO         7912    i.__kernel_sin      m_wm.l(sin_i.o)
    0x08008118   0x08008118   0x00000014   Code   RO         7875    i.__mathlib_dbl_infnan  m_wm.l(dunder.o)
    0x0800812c   0x0800812c   0x00000004   PAD
    0x08008130   0x08008130   0x00000020   Code   RO         7877    i.__mathlib_dbl_invalid  m_wm.l(dunder.o)
    0x08008150   0x08008150   0x00000020   Code   RO         7880    i.__mathlib_dbl_underflow  m_wm.l(dunder.o)
    0x08008170   0x08008170   0x00000014   Code   RO         7890    i.__mathlib_flt_divzero  m_wm.l(funder.o)
    0x08008184   0x08008184   0x00000006   Code   RO         7891    i.__mathlib_flt_infnan  m_wm.l(funder.o)
    0x0800818a   0x0800818a   0x00000006   Code   RO         7892    i.__mathlib_flt_infnan2  m_wm.l(funder.o)
    0x08008190   0x08008190   0x00000010   Code   RO         7893    i.__mathlib_flt_invalid  m_wm.l(funder.o)
    0x080081a0   0x080081a0   0x00000010   Code   RO         7894    i.__mathlib_flt_overflow  m_wm.l(funder.o)
    0x080081b0   0x080081b0   0x00000010   Code   RO         7896    i.__mathlib_flt_underflow  m_wm.l(funder.o)
    0x080081c0   0x080081c0   0x00000154   Code   RO         7909    i.__mathlib_rredf2  m_wm.l(rredf.o)
    0x08008314   0x08008314   0x0000000e   Code   RO         7989    i.__scatterload_copy  mc_w.l(handlers.o)
    0x08008322   0x08008322   0x00000002   Code   RO         7990    i.__scatterload_null  mc_w.l(handlers.o)
    0x08008324   0x08008324   0x0000000e   Code   RO         7991    i.__scatterload_zeroinit  mc_w.l(handlers.o)
    0x08008332   0x08008332   0x00000002   PAD
    0x08008334   0x08008334   0x0000000c   Code   RO         7947    i.__set_errno       mc_w.l(errno.o)
    0x08008340   0x08008340   0x00000018   Code   RO         7969    i.fabs              m_wm.l(fabs.o)
    0x08008358   0x08008358   0x00000046   Code   RO           16    i.main              main.o
    0x0800839e   0x0800839e   0x0000000c   Code   RO         5527    i.makeFreeRtosPriority  cmsis_os.o
    0x080083aa   0x080083aa   0x0000000a   Code   RO         5532    i.osKernelStart     cmsis_os.o
    0x080083b4   0x080083b4   0x00000026   Code   RO         5541    i.osMessageCreate   cmsis_os.o
    0x080083da   0x080083da   0x00000054   Code   RO         5566    i.osThreadCreate    cmsis_os.o
    0x0800842e   0x0800842e   0x00000002   PAD
    0x08008430   0x08008430   0x00000070   Code   RO         5127    i.prvAddCurrentTaskToDelayedList  tasks.o
    0x080084a0   0x080084a0   0x000000d0   Code   RO         5128    i.prvAddNewTaskToReadyList  tasks.o
    0x08008570   0x08008570   0x00000026   Code   RO         4742    i.prvCopyDataFromQueue  queue.o
    0x08008596   0x08008596   0x0000006c   Code   RO         4743    i.prvCopyDataToQueue  queue.o
    0x08008602   0x08008602   0x00000034   Code   RO         5129    i.prvDeleteTCB      tasks.o
    0x08008636   0x08008636   0x00000002   PAD
    0x08008638   0x08008638   0x00000048   Code   RO         5897    i.prvHeapInit       heap_4.o
    0x08008680   0x08008680   0x00000060   Code   RO         5130    i.prvIdleTask       tasks.o
    0x080086e0   0x080086e0   0x00000022   Code   RO         4745    i.prvInitialiseNewQueue  queue.o
    0x08008702   0x08008702   0x00000002   PAD
    0x08008704   0x08008704   0x000000b2   Code   RO         5131    i.prvInitialiseNewTask  tasks.o
    0x080087b6   0x080087b6   0x00000002   PAD
    0x080087b8   0x080087b8   0x0000004c   Code   RO         5898    i.prvInsertBlockIntoFreeList  heap_4.o
    0x08008804   0x08008804   0x0000001c   Code   RO         4746    i.prvIsQueueEmpty   queue.o
    0x08008820   0x08008820   0x00000020   Code   RO         5133    i.prvResetNextTaskUnblockTime  tasks.o
    0x08008840   0x08008840   0x00000028   Code   RO         5978    i.prvTaskExitError  port.o
    0x08008868   0x08008868   0x0000006a   Code   RO         4747    i.prvUnlockQueue    queue.o
    0x080088d2   0x080088d2   0x00000002   PAD
    0x080088d4   0x080088d4   0x000000dc   Code   RO         5899    i.pvPortMalloc      heap_4.o
    0x080089b0   0x080089b0   0x0000002c   Code   RO         5979    i.pxPortInitialiseStack  port.o
    0x080089dc   0x080089dc   0x0000003e   Code   RO         7575    i.sqrtf             m_wm.l(sqrtf.o)
    0x08008a1a   0x08008a1a   0x00000026   Code   RO         4690    i.uxListRemove      list.o
    0x08008a40   0x08008a40   0x00000014   Code   RO          263    i.vApplicationGetIdleTaskMemory  freertos.o
    0x08008a54   0x08008a54   0x00000016   Code   RO         4691    i.vListInitialise   list.o
    0x08008a6a   0x08008a6a   0x00000006   Code   RO         4692    i.vListInitialiseItem  list.o
    0x08008a70   0x08008a70   0x00000030   Code   RO         4693    i.vListInsert       list.o
    0x08008aa0   0x08008aa0   0x00000018   Code   RO         4694    i.vListInsertEnd    list.o
    0x08008ab8   0x08008ab8   0x00000040   Code   RO         5981    i.vPortEnterCritical  port.o
    0x08008af8   0x08008af8   0x00000028   Code   RO         5982    i.vPortExitCritical  port.o
    0x08008b20   0x08008b20   0x00000064   Code   RO         5900    i.vPortFree         heap_4.o
    0x08008b84   0x08008b84   0x00000024   Code   RO         5983    i.vPortSetupTimerInterrupt  port.o
    0x08008ba8   0x08008ba8   0x00000054   Code   RO         5984    i.vPortValidateInterruptPriority  port.o
    0x08008bfc   0x08008bfc   0x0000008c   Code   RO         5146    i.vTaskDelayUntil   tasks.o
    0x08008c88   0x08008c88   0x000000ac   Code   RO         5147    i.vTaskDelete       tasks.o
    0x08008d34   0x08008d34   0x00000010   Code   RO         5151    i.vTaskInternalSetTimeOutState  tasks.o
    0x08008d44   0x08008d44   0x0000000c   Code   RO         5153    i.vTaskMissedYield  tasks.o
    0x08008d50   0x08008d50   0x00000030   Code   RO         5155    i.vTaskPlaceOnEventList  tasks.o
    0x08008d80   0x08008d80   0x00000070   Code   RO         5163    i.vTaskStartScheduler  tasks.o
    0x08008df0   0x08008df0   0x00000010   Code   RO         5165    i.vTaskSuspendAll   tasks.o
    0x08008e00   0x08008e00   0x0000007c   Code   RO         5166    i.vTaskSwitchContext  tasks.o
    0x08008e7c   0x08008e7c   0x000000f4   Code   RO         5985    i.xPortStartScheduler  port.o
    0x08008f70   0x08008f70   0x00000042   Code   RO         4759    i.xQueueGenericCreate  queue.o
    0x08008fb2   0x08008fb2   0x00000066   Code   RO         4760    i.xQueueGenericCreateStatic  queue.o
    0x08009018   0x08009018   0x00000088   Code   RO         4761    i.xQueueGenericReset  queue.o
    0x080090a0   0x080090a0   0x00000160   Code   RO         4762    i.xQueueGenericSend  queue.o
    0x08009200   0x08009200   0x000000be   Code   RO         4763    i.xQueueGenericSendFromISR  queue.o
    0x080092be   0x080092be   0x00000002   PAD
    0x080092c0   0x080092c0   0x00000138   Code   RO         4769    i.xQueueReceive     queue.o
    0x080093f8   0x080093f8   0x00000074   Code   RO         5168    i.xTaskCheckForTimeOut  tasks.o
    0x0800946c   0x0800946c   0x0000005a   Code   RO         5169    i.xTaskCreate       tasks.o
    0x080094c6   0x080094c6   0x00000056   Code   RO         5170    i.xTaskCreateStatic  tasks.o
    0x0800951c   0x0800951c   0x0000001c   Code   RO         5174    i.xTaskGetSchedulerState  tasks.o
    0x08009538   0x08009538   0x0000000c   Code   RO         5175    i.xTaskGetTickCount  tasks.o
    0x08009544   0x08009544   0x000000cc   Code   RO         5177    i.xTaskIncrementTick  tasks.o
    0x08009610   0x08009610   0x00000098   Code   RO         5180    i.xTaskPriorityDisinherit  tasks.o
    0x080096a8   0x080096a8   0x00000074   Code   RO         5182    i.xTaskRemoveFromEventList  tasks.o
    0x0800971c   0x0800971c   0x000000c4   Code   RO         5183    i.xTaskResumeAll    tasks.o
    0x080097e0   0x080097e0   0x000000d8   Data   RO          265    .constdata          freertos.o
    0x080098b8   0x080098b8   0x00000008   Data   RO         1710    .constdata          stm32f4xx_hal_dma.o
    0x080098c0   0x080098c0   0x00000010   Data   RO         4514    .constdata          system_stm32f4xx.o
    0x080098d0   0x080098d0   0x00000008   Data   RO         4515    .constdata          system_stm32f4xx.o
    0x080098d8   0x080098d8   0x00000014   Data   RO         6576    .constdata          board_a_imu.o
    0x080098ec   0x080098ec   0x00000020   Data   RO         7272    .constdata          fusionahrs.o
    0x0800990c   0x0800990c   0x00000300   Data   RO         7444    .constdata          crc_verification.o
    0x08009c0c   0x08009c0c   0x00000140   Data   RO         7538    .constdata          m_wm.l(powf.o)
    0x08009d4c   0x08009d4c   0x00000004   PAD
    0x08009d50   0x08009d50   0x00000030   Data   RO         7872    .constdata          m_wm.l(cos_i.o)
    0x08009d80   0x08009d80   0x000000c8   Data   RO         7906    .constdata          m_wm.l(rred.o)
    0x08009e48   0x08009e48   0x00000020   Data   RO         7910    .constdata          m_wm.l(rredf.o)
    0x08009e68   0x08009e68   0x00000028   Data   RO         7913    .constdata          m_wm.l(sin_i.o)
    0x08009e90   0x08009e90   0x00000056   Data   RO          266    .conststring        freertos.o
    0x08009ee6   0x08009ee6   0x00000002   PAD
    0x08009ee8   0x08009ee8   0x00000020   Data   RO         7987    Region$$Table       anon$$obj.o


    Execution Region RW_IRAM2 (Exec base: 0x10000000, Load base: 0x0800a404, Size: 0x00000000, Max: 0x00010000, ABSOLUTE)

    **** No section assigned to this execution region ****


    Execution Region RW_IRAM1 (Exec base: 0x20000000, Load base: 0x08009f08, Size: 0x00008dc0, Max: 0x00030000, ABSOLUTE, COMPRESSED[0x000004fc])

    Exec Addr    Load Addr    Size         Type   Attr      Idx    E Section Name        Object

    0x20000000   COMPRESSED   0x00000024   Data   RW          267    .data               freertos.o
    0x20000024   COMPRESSED   0x00000004   Data   RW          476    .data               can.o
    0x20000028   COMPRESSED   0x00000008   Data   RW          636    .data               tim.o
    0x20000030   COMPRESSED   0x0000000c   Data   RW         2157    .data               stm32f4xx_hal.o
    0x2000003c   COMPRESSED   0x00000004   Data   RW         4516    .data               system_stm32f4xx.o
    0x20000040   COMPRESSED   0x00000044   Data   RW         5186    .data               tasks.o
    0x20000084   COMPRESSED   0x00000020   Data   RW         5906    .data               heap_4.o
    0x200000a4   COMPRESSED   0x0000000c   Data   RW         5986    .data               port.o
    0x200000b0   COMPRESSED   0x0000000c   Data   RW         6068    .data               robot_control.o
    0x200000bc   COMPRESSED   0x00000004   Data   RW         6110    .data               state_machine.o
    0x200000c0   COMPRESSED   0x00000001   Data   RW         6111    .data               state_machine.o
    0x200000c1   COMPRESSED   0x00000003   PAD
    0x200000c4   COMPRESSED   0x0000000c   Data   RW         6149    .data               chassis_control.o
    0x200000d0   COMPRESSED   0x0000000c   Data   RW         6192    .data               gimbal_control.o
    0x200000dc   COMPRESSED   0x00000010   Data   RW         6238    .data               shooting_control.o
    0x200000ec   COMPRESSED   0x00000008   Data   RW         6239    .data               shooting_control.o
    0x200000f4   COMPRESSED   0x00000008   Data   RW         6295    .data               imu_temp_control.o
    0x200000fc   COMPRESSED   0x00000038   Data   RW         6404    .data               pid.o
    0x20000134   COMPRESSED   0x00000038   Data   RW         6405    .data               pid.o
    0x2000016c   COMPRESSED   0x00000038   Data   RW         6406    .data               pid.o
    0x200001a4   COMPRESSED   0x00000038   Data   RW         6407    .data               pid.o
    0x200001dc   COMPRESSED   0x00000038   Data   RW         6408    .data               pid.o
    0x20000214   COMPRESSED   0x00000038   Data   RW         6409    .data               pid.o
    0x2000024c   COMPRESSED   0x00000038   Data   RW         6410    .data               pid.o
    0x20000284   COMPRESSED   0x00000038   Data   RW         6411    .data               pid.o
    0x200002bc   COMPRESSED   0x00000038   Data   RW         6412    .data               pid.o
    0x200002f4   COMPRESSED   0x0000000c   Data   RW         6413    .data               pid.o
    0x20000300   COMPRESSED   0x0000000c   Data   RW         6455    .data               ramp_calc.o
    0x2000030c   COMPRESSED   0x0000001c   Data   RW         6503    .data               dr16_remote.o
    0x20000328   COMPRESSED   0x00000014   Data   RW         6577    .data               board_a_imu.o
    0x2000033c   COMPRESSED   0x00000010   Data   RW         6578    .data               board_a_imu.o
    0x2000034c   COMPRESSED   0x00000018   Data   RW         6681    .data               m3508_motor.o
    0x20000364   COMPRESSED   0x00000014   Data   RW         6741    .data               gm6020_motor.o
    0x20000378   COMPRESSED   0x0000000c   Data   RW         6794    .data               m2006_motor.o
    0x20000384   COMPRESSED   0x0000000c   Data   RW         6837    .data               super_capacitor.o
    0x20000390   COMPRESSED   0x0000000c   Data   RW         6939    .data               referee_system.o
    0x2000039c   COMPRESSED   0x00000018   Data   RW         6991    .data               buzzer.o
    0x200003b4   COMPRESSED   0x000028a4   Data   RW         6992    .data               buzzer.o
    0x20002c58   COMPRESSED   0x0000000c   Data   RW         7062    .data               jetson_tx2.o
    0x20002c64   COMPRESSED   0x0000001c   Data   RW         7120    .data               can_setup.o
    0x20002c80   COMPRESSED   0x00000008   Data   RW         7121    .data               can_setup.o
    0x20002c88   COMPRESSED   0x00000006   Data   RW         7122    .data               can_setup.o
    0x20002c8e   COMPRESSED   0x00000006   Data   RW         7123    .data               can_setup.o
    0x20002c94   COMPRESSED   0x00000018   Data   RW         7445    .data               crc_verification.o
    0x20002cac   COMPRESSED   0x00000002   Data   RW         7446    .data               crc_verification.o
    0x20002cae   COMPRESSED   0x00000002   PAD
    0x20002cb0   COMPRESSED   0x00000004   Data   RW         7948    .data               mc_w.l(errno.o)
    0x20002cb4        -       0x00000260   Zero   RW          264    .bss                freertos.o
    0x20002f14        -       0x00000050   Zero   RW          475    .bss                can.o
    0x20002f64        -       0x00000054   Zero   RW          547    .bss                i2c.o
    0x20002fb8        -       0x00000058   Zero   RW          589    .bss                spi.o
    0x20003010        -       0x000000d8   Zero   RW          635    .bss                tim.o
    0x200030e8        -       0x00000290   Zero   RW          701    .bss                usart.o
    0x20003378        -       0x00000048   Zero   RW          914    .bss                stm32f4xx_hal_timebase_tim.o
    0x200033c0        -       0x000000f0   Zero   RW         5185    .bss                tasks.o
    0x200034b0        -       0x00004e20   Zero   RW         5905    .bss                heap_4.o
    0x200082d0        -       0x00000030   Zero   RW         6148    .bss                chassis_control.o
    0x20008300        -       0x00000024   Zero   RW         6191    .bss                gimbal_control.o
    0x20008324        -       0x00000010   Zero   RW         6237    .bss                shooting_control.o
    0x20008334        -       0x00000080   Zero   RW         6502    .bss                dr16_remote.o
    0x200083b4        -       0x00000098   Zero   RW         6574    .bss                board_a_imu.o
    0x2000844c        -       0x00000064   Zero   RW         6575    .bss                board_a_imu.o
    0x200084b0        -       0x000000c0   Zero   RW         6680    .bss                m3508_motor.o
    0x20008570        -       0x00000040   Zero   RW         6740    .bss                gm6020_motor.o
    0x200085b0        -       0x00000020   Zero   RW         6793    .bss                m2006_motor.o
    0x200085d0        -       0x00000020   Zero   RW         6836    .bss                super_capacitor.o
    0x200085f0        -       0x000000ee   Zero   RW         6881    .bss                mpu6050_imu.o
    0x200086de        -       0x0000020f   Zero   RW         6938    .bss                referee_system.o
    0x200088ed   COMPRESSED   0x00000003   PAD
    0x200088f0        -       0x00000034   Zero   RW         7061    .bss                jetson_tx2.o
    0x20008924        -       0x00000098   Zero   RW         7119    .bss                can_setup.o
    0x200089bc   COMPRESSED   0x00000004   PAD
    0x200089c0        -       0x00000400   Zero   RW            1    STACK               startup_stm32f427xx.o


==============================================================================

Image component sizes


      Code (inc. data)   RO Data    RW Data    ZI Data      Debug   Object Name

      1796         94         20         36        252      17180   board_a_imu.o
       892         94          0      10428          0       8122   buzzer.o
       396         44          0          4         80       2862   can.o
       524         40          0         48        152       8942   can_setup.o
      1092         92          0         12         48       4334   chassis_control.o
       144          0          0          0          0      24021   cmsis_os.o
       238         20        768         26          0       6703   crc_verification.o
       108          4          0          0          0        990   dma.o
       794         24          0         28        128       8319   dr16_remote.o
         0          0          0          0          0      20344   event_groups.o
       812        132        302         36        608      15280   freertos.o
      1610         32         32          0          0      17205   fusionahrs.o
       198         16          0          0          0       5884   fusioncompass.o
       708         92          0         12         36       3941   gimbal_control.o
       328         38          0         20         64       4694   gm6020_motor.o
       208         14          0          0          0       1235   gpio.o
       468         22          0         32      20000       7955   heap_4.o
       196         28          0          0         84       2009   i2c.o
        60         18          0          8          0       2451   imu_temp_control.o
       244         42          0         12         52       5045   jetson_tx2.o
       138          0          0          0          0       4006   list.o
       136         18          0         12         32       3208   m2006_motor.o
       352         38          0         24        192       6431   m3508_motor.o
       282         22          0          0          0     802732   main.o
         0          0          0          0        238       2808   mpu6050_imu.o
       312          6          0        516          0       4754   pid.o
       786         82          0         12          0      12769   port.o
      1472         14          0          0          0      17674   queue.o
       114          6          0         12          0       3046   ramp_calc.o
       668         26          0         12        527       8314   referee_system.o
       272         90          0         12          0       3256   robot_control.o
       768        138          0         24         16       6017   shooting_control.o
       180         24          0          0         88       1993   spi.o
        36          8        428          0       1024        912   startup_stm32f427xx.o
       360         60          0          5          0       2761   state_machine.o
       116         18          0         12          0       9410   stm32f4xx_hal.o
      1090          6          0          0          0       5756   stm32f4xx_hal_can.o
       158         14          0          0          0      33542   stm32f4xx_hal_cortex.o
       972         16          8          0          0       7287   stm32f4xx_hal_dma.o
       584         54          0          0          0       3171   stm32f4xx_hal_gpio.o
       392         16          0          0          0       3271   stm32f4xx_hal_i2c.o
       128          0          0          0          0       2087   stm32f4xx_hal_i2c_ex.o
        56          4          0          0          0       1022   stm32f4xx_hal_msp.o
      1412         86          0          0          0       6433   stm32f4xx_hal_rcc.o
       942         12          0          0          0       5297   stm32f4xx_hal_spi.o
      2020        136          0          0          0      18678   stm32f4xx_hal_tim.o
       148         28          0          0          0       2761   stm32f4xx_hal_tim_ex.o
       152         20          0          0         72       1711   stm32f4xx_hal_timebase_tim.o
      1116         38          0          0          0      12554   stm32f4xx_hal_uart.o
       220         62          0          0          0      11027   stm32f4xx_it.o
         0          0          0          0          0        392   stream_buffer.o
       136         20          0         12         32       3326   super_capacitor.o
        16          4         24          4          0       1355   system_stm32f4xx.o
      2318        170          0         68        240      29309   tasks.o
       588         74          0          8        216       4981   tim.o
       876         86          0          0        656       4747   usart.o
        72          4          0          0          0       1536   user_defined_math.o

    ----------------------------------------------------------------------
     30252       2246       1616      11440      24844    1217850   Object Totals
         0          0         32          0          0          0   (incl. Generated)
        48          0          2          5          7          0   (incl. Padding)

    ----------------------------------------------------------------------

      Code (inc. data)   RO Data    RW Data    ZI Data      Debug   Library Member Name

       300         42          0          0          0        176   asinf.o
       684         90          0          0          0        208   atan2f.o
       200         20          0          0          0        164   cos.o
       368         46         48          0          0        200   cos_i.o
       336         56          0          0          0        136   cosf.o
        84         16          0          0          0        372   dunder.o
        24          0          0          0          0        124   fabs.o
        48          0          0          0          0        124   fpclassify.o
        38          0          0          0          0        116   fpclassifyf.o
        80         24          0          0          0        696   funder.o
       248          0          0          0          0        152   poly.o
      1636        110        320          0          0        372   powf.o
      1080        142        200          0          0        188   rred.o
       340         24         32          0          0        160   rredf.o
       200         20          0          0          0        164   sin.o
       304         24         40          0          0        208   sin_i.o
       400         56          0          0          0        212   sinf.o
        62          0          0          0          0        136   sqrtf.o
        86          0          0          0          0          0   __dczerorl2.o
         0          0          0          0          0          0   entry.o
         0          0          0          0          0          0   entry10a.o
         0          0          0          0          0          0   entry11a.o
         4          0          0          0          0          0   entry12b.o
         8          4          0          0          0          0   entry2.o
         4          0          0          0          0          0   entry5.o
         0          0          0          0          0          0   entry7b.o
         0          0          0          0          0          0   entry8b.o
         8          4          0          0          0          0   entry9a.o
        12          6          0          4          0         68   errno.o
        30          0          0          0          0          0   handlers.o
        36          8          0          0          0         68   init.o
         0          0          0          0          0          0   iusefp.o
        30          0          0          0          0         68   llshl.o
        36          0          0          0          0         68   llsshr.o
        32          0          0          0          0         68   llushr.o
        36          0          0          0          0         68   memcpya.o
        36          0          0          0          0        108   memseta.o
        98          0          0          0          0         92   uldiv.o
        56          0          0          0          0         88   d2f.o
       334          0          0          0          0        148   dadd.o
       222          0          0          0          0        100   ddiv.o
       186          0          0          0          0        176   depilogue.o
        62          0          0          0          0         80   dfixi.o
        34          0          0          0          0         76   dflti.o
        26          0          0          0          0         76   dfltui.o
       228          0          0          0          0         96   dmul.o
        38          0          0          0          0         68   f2d.o
       110          0          0          0          0        168   fepilogue.o
         4          0          0          0          0         68   fpstat.o

    ----------------------------------------------------------------------
      8200        696        644          4          0       5660   Library Totals
        12          4          4          0          0          0   (incl. Padding)

    ----------------------------------------------------------------------

      Code (inc. data)   RO Data    RW Data    ZI Data      Debug   Library Name

      6432        670        640          0          0       3908   m_wm.l
       456         22          0          4          0        608   mc_w.l
      1300          0          0          0          0       1144   mf_w.l

    ----------------------------------------------------------------------
      8200        696        644          4          0       5660   Library Totals

    ----------------------------------------------------------------------

==============================================================================


      Code (inc. data)   RO Data    RW Data    ZI Data      Debug   

     38452       2942       2260      11444      24844    1192562   Grand Totals
     38452       2942       2260       1276      24844    1192562   ELF Image Totals (compressed)
     38452       2942       2260       1276          0          0   ROM Totals

==============================================================================

    Total RO  Size (Code + RO Data)                40712 (  39.76kB)
    Total RW  Size (RW Data + ZI Data)             36288 (  35.44kB)
    Total ROM Size (Code + RO Data + RW Data)      41988 (  41.00kB)

==============================================================================

