Component: ARM Compiler 5.06 update 7 (build 960) Tool: armlink [4d3601]

==============================================================================

Section Cross References

    startup_stm32f427xx.o(STACK) refers (Special) to heapauxi.o(.text) for __use_two_region_memory
    startup_stm32f427xx.o(HEAP) refers (Special) to heapauxi.o(.text) for __use_two_region_memory
    startup_stm32f427xx.o(RESET) refers (Special) to heapauxi.o(.text) for __use_two_region_memory
    startup_stm32f427xx.o(RESET) refers to startup_stm32f427xx.o(STACK) for __initial_sp
    startup_stm32f427xx.o(RESET) refers to startup_stm32f427xx.o(.text) for Reset_Handler
    startup_stm32f427xx.o(RESET) refers to stm32f4xx_it.o(i.NMI_Handler) for NMI_Handler
    startup_stm32f427xx.o(RESET) refers to stm32f4xx_it.o(i.HardFault_Handler) for HardFault_Handler
    startup_stm32f427xx.o(RESET) refers to stm32f4xx_it.o(i.MemManage_Handler) for MemManage_Handler
    startup_stm32f427xx.o(RESET) refers to stm32f4xx_it.o(i.BusFault_Handler) for BusFault_Handler
    startup_stm32f427xx.o(RESET) refers to stm32f4xx_it.o(i.UsageFault_Handler) for UsageFault_Handler
    startup_stm32f427xx.o(RESET) refers to port.o(.emb_text) for SVC_Handler
    startup_stm32f427xx.o(RESET) refers to stm32f4xx_it.o(i.DebugMon_Handler) for DebugMon_Handler
    startup_stm32f427xx.o(RESET) refers to port.o(i.SysTick_Handler) for SysTick_Handler
    startup_stm32f427xx.o(RESET) refers to stm32f4xx_it.o(i.CAN1_RX0_IRQHandler) for CAN1_RX0_IRQHandler
    startup_stm32f427xx.o(RESET) refers to stm32f4xx_it.o(i.USART1_IRQHandler) for USART1_IRQHandler
    startup_stm32f427xx.o(RESET) refers to stm32f4xx_it.o(i.TIM6_DAC_IRQHandler) for TIM6_DAC_IRQHandler
    startup_stm32f427xx.o(RESET) refers to stm32f4xx_it.o(i.DMA2_Stream1_IRQHandler) for DMA2_Stream1_IRQHandler
    startup_stm32f427xx.o(RESET) refers to stm32f4xx_it.o(i.DMA2_Stream2_IRQHandler) for DMA2_Stream2_IRQHandler
    startup_stm32f427xx.o(RESET) refers to stm32f4xx_it.o(i.CAN2_RX0_IRQHandler) for CAN2_RX0_IRQHandler
    startup_stm32f427xx.o(RESET) refers to stm32f4xx_it.o(i.USART6_IRQHandler) for USART6_IRQHandler
    startup_stm32f427xx.o(.text) refers (Special) to heapauxi.o(.text) for __use_two_region_memory
    startup_stm32f427xx.o(.text) refers to system_stm32f4xx.o(i.SystemInit) for SystemInit
    startup_stm32f427xx.o(.text) refers to __main.o(!!!main) for __main
    startup_stm32f427xx.o(.text) refers to startup_stm32f427xx.o(HEAP) for Heap_Mem
    startup_stm32f427xx.o(.text) refers to startup_stm32f427xx.o(STACK) for Stack_Mem
    main.o(i.HAL_TIM_PeriodElapsedCallback) refers to stm32f4xx_hal.o(i.HAL_IncTick) for HAL_IncTick
    main.o(i.SystemClock_Config) refers to rt_memclr_w.o(.text) for __aeabi_memclr4
    main.o(i.SystemClock_Config) refers to stm32f4xx_hal_rcc.o(i.HAL_RCC_OscConfig) for HAL_RCC_OscConfig
    main.o(i.SystemClock_Config) refers to stm32f4xx_hal_rcc.o(i.HAL_RCC_ClockConfig) for HAL_RCC_ClockConfig
    main.o(i.main) refers to stm32f4xx_hal.o(i.HAL_Init) for HAL_Init
    main.o(i.main) refers to main.o(i.SystemClock_Config) for SystemClock_Config
    main.o(i.main) refers to gpio.o(i.MX_GPIO_Init) for MX_GPIO_Init
    main.o(i.main) refers to dma.o(i.MX_DMA_Init) for MX_DMA_Init
    main.o(i.main) refers to tim.o(i.MX_TIM12_Init) for MX_TIM12_Init
    main.o(i.main) refers to usart.o(i.MX_USART1_UART_Init) for MX_USART1_UART_Init
    main.o(i.main) refers to spi.o(i.MX_SPI5_Init) for MX_SPI5_Init
    main.o(i.main) refers to tim.o(i.MX_TIM3_Init) for MX_TIM3_Init
    main.o(i.main) refers to can.o(i.MX_CAN1_Init) for MX_CAN1_Init
    main.o(i.main) refers to can.o(i.MX_CAN2_Init) for MX_CAN2_Init
    main.o(i.main) refers to i2c.o(i.MX_I2C2_Init) for MX_I2C2_Init
    main.o(i.main) refers to usart.o(i.MX_USART6_UART_Init) for MX_USART6_UART_Init
    main.o(i.main) refers to freertos.o(i.MX_FREERTOS_Init) for MX_FREERTOS_Init
    main.o(i.main) refers to cmsis_os.o(i.osKernelStart) for osKernelStart
    gpio.o(i.MX_GPIO_Init) refers to rt_memclr_w.o(.text) for __aeabi_memclr4
    gpio.o(i.MX_GPIO_Init) refers to stm32f4xx_hal_gpio.o(i.HAL_GPIO_WritePin) for HAL_GPIO_WritePin
    gpio.o(i.MX_GPIO_Init) refers to stm32f4xx_hal_gpio.o(i.HAL_GPIO_Init) for HAL_GPIO_Init
    freertos.o(i.CAN1_Rec) refers to queue.o(i.xQueueReceive) for xQueueReceive
    freertos.o(i.CAN1_Rec) refers to rt_memcpy_w.o(.text) for __aeabi_memcpy4
    freertos.o(i.CAN1_Rec) refers to freertos.o(.data) for .data
    freertos.o(i.CAN1_Rec) refers to can_setup.o(.data) for Monitor_CAN1
    freertos.o(i.CAN1_Rec) refers to m2006_motor.o(.data) for M2006_Func
    freertos.o(i.CAN1_Rec) refers to m3508_motor.o(.data) for M3508_Func
    freertos.o(i.CAN1_Rec) refers to super_capacitor.o(.data) for Super_Capacitor_Func
    freertos.o(i.CAN1_Rec) refers to gm6020_motor.o(.data) for GM6020_Func
    freertos.o(i.CAN2_Rec) refers to queue.o(i.xQueueReceive) for xQueueReceive
[...]
    HAL_GetTick                              0x08003015   Thumb Code     6  stm32f4xx_hal.o(i.HAL_GetTick)
    HAL_I2CEx_ConfigAnalogFilter             0x08003021   Thumb Code    66  stm32f4xx_hal_i2c_ex.o(i.HAL_I2CEx_ConfigAnalogFilter)
    HAL_I2CEx_ConfigDigitalFilter            0x08003063   Thumb Code    62  stm32f4xx_hal_i2c_ex.o(i.HAL_I2CEx_ConfigDigitalFilter)
    HAL_I2C_Init                             0x080030a1   Thumb Code   376  stm32f4xx_hal_i2c.o(i.HAL_I2C_Init)
    HAL_I2C_MspInit                          0x08003229   Thumb Code    90  i2c.o(i.HAL_I2C_MspInit)
    HAL_IncTick                              0x08003291   Thumb Code    12  stm32f4xx_hal.o(i.HAL_IncTick)
    HAL_Init                                 0x080032a1   Thumb Code    48  stm32f4xx_hal.o(i.HAL_Init)
    HAL_InitTick                             0x080032d5   Thumb Code   132  stm32f4xx_hal_timebase_tim.o(i.HAL_InitTick)
    HAL_MspInit                              0x0800336d   Thumb Code    52  stm32f4xx_hal_msp.o(i.HAL_MspInit)
    HAL_NVIC_EnableIRQ                       0x080033a5   Thumb Code    26  stm32f4xx_hal_cortex.o(i.HAL_NVIC_EnableIRQ)
    HAL_NVIC_SetPriority                     0x080033c1   Thumb Code    60  stm32f4xx_hal_cortex.o(i.HAL_NVIC_SetPriority)
    HAL_NVIC_SetPriorityGrouping             0x08003401   Thumb Code    26  stm32f4xx_hal_cortex.o(i.HAL_NVIC_SetPriorityGrouping)
    HAL_RCC_ClockConfig                      0x08003425   Thumb Code   288  stm32f4xx_hal_rcc.o(i.HAL_RCC_ClockConfig)
    HAL_RCC_GetClockConfig                   0x08003559   Thumb Code    54  stm32f4xx_hal_rcc.o(i.HAL_RCC_GetClockConfig)
    HAL_RCC_GetPCLK1Freq                     0x08003599   Thumb Code    20  stm32f4xx_hal_rcc.o(i.HAL_RCC_GetPCLK1Freq)
    HAL_RCC_GetPCLK2Freq                     0x080035b9   Thumb Code    20  stm32f4xx_hal_rcc.o(i.HAL_RCC_GetPCLK2Freq)
    HAL_RCC_GetSysClockFreq                  0x080035d9   Thumb Code    88  stm32f4xx_hal_rcc.o(i.HAL_RCC_GetSysClockFreq)
    HAL_RCC_OscConfig                        0x0800363d   Thumb Code   856  stm32f4xx_hal_rcc.o(i.HAL_RCC_OscConfig)
    HAL_SPI_Init                             0x080039a9   Thumb Code   188  stm32f4xx_hal_spi.o(i.HAL_SPI_Init)
    HAL_SPI_MspInit                          0x08003a65   Thumb Code    94  spi.o(i.HAL_SPI_MspInit)
    HAL_SPI_TransmitReceive                  0x08003ad1   Thumb Code   482  stm32f4xx_hal_spi.o(i.HAL_SPI_TransmitReceive)
    HAL_TIMEx_BreakCallback                  0x08003cb3   Thumb Code     2  stm32f4xx_hal_tim_ex.o(i.HAL_TIMEx_BreakCallback)
    HAL_TIMEx_CommutCallback                 0x08003cb5   Thumb Code     2  stm32f4xx_hal_tim_ex.o(i.HAL_TIMEx_CommutCallback)
    HAL_TIMEx_MasterConfigSynchronization    0x08003cb9   Thumb Code   116  stm32f4xx_hal_tim_ex.o(i.HAL_TIMEx_MasterConfigSynchronization)
    HAL_TIM_Base_Init                        0x08003d49   Thumb Code    90  stm32f4xx_hal_tim.o(i.HAL_TIM_Base_Init)
    HAL_TIM_Base_MspInit                     0x08003da5   Thumb Code    52  tim.o(i.HAL_TIM_Base_MspInit)
    HAL_TIM_Base_Start_IT                    0x08003de5   Thumb Code   100  stm32f4xx_hal_tim.o(i.HAL_TIM_Base_Start_IT)
    HAL_TIM_ConfigClockSource                0x08003e65   Thumb Code   220  stm32f4xx_hal_tim.o(i.HAL_TIM_ConfigClockSource)
    HAL_TIM_IC_CaptureCallback               0x08003f41   Thumb Code     2  stm32f4xx_hal_tim.o(i.HAL_TIM_IC_CaptureCallback)
    HAL_TIM_IRQHandler                       0x08003f43   Thumb Code   358  stm32f4xx_hal_tim.o(i.HAL_TIM_IRQHandler)
    HAL_TIM_MspPostInit                      0x080040a9   Thumb Code   110  tim.o(i.HAL_TIM_MspPostInit)
    HAL_TIM_OC_DelayElapsedCallback          0x0800412d   Thumb Code     2  stm32f4xx_hal_tim.o(i.HAL_TIM_OC_DelayElapsedCallback)
    HAL_TIM_PWM_ConfigChannel                0x0800412f   Thumb Code   204  stm32f4xx_hal_tim.o(i.HAL_TIM_PWM_ConfigChannel)
    HAL_TIM_PWM_Init                         0x080041fb   Thumb Code    90  stm32f4xx_hal_tim.o(i.HAL_TIM_PWM_Init)
    HAL_TIM_PWM_MspInit                      0x08004255   Thumb Code     2  stm32f4xx_hal_tim.o(i.HAL_TIM_PWM_MspInit)
    HAL_TIM_PWM_PulseFinishedCallback        0x08004257   Thumb Code     2  stm32f4xx_hal_tim.o(i.HAL_TIM_PWM_PulseFinishedCallback)
    HAL_TIM_PWM_Start                        0x08004259   Thumb Code   172  stm32f4xx_hal_tim.o(i.HAL_TIM_PWM_Start)
    HAL_TIM_PeriodElapsedCallback            0x08004321   Thumb Code    14  main.o(i.HAL_TIM_PeriodElapsedCallback)
    HAL_TIM_TriggerCallback                  0x08004335   Thumb Code     2  stm32f4xx_hal_tim.o(i.HAL_TIM_TriggerCallback)
    HAL_UART_Init                            0x08004337   Thumb Code    98  stm32f4xx_hal_uart.o(i.HAL_UART_Init)
    HAL_UART_MspInit                         0x08004399   Thumb Code   280  usart.o(i.HAL_UART_MspInit)
    HardFault_Handler                        0x080044cd   Thumb Code     2  stm32f4xx_it.o(i.HardFault_Handler)
    Incremental_PID                          0x0800468b   Thumb Code   142  pid.o(i.Incremental_PID)
    Inverse_Kinematic_Calc                   0x08004719   Thumb Code   250  chassis_control.o(i.Inverse_Kinematic_Calc)
    Key_State_Clear                          0x08004835   Thumb Code    10  dr16_remote.o(i.Key_State_Clear)
    Key_State_Detect                         0x0800483f   Thumb Code    32  dr16_remote.o(i.Key_State_Detect)
    Keyboard_Data_Process                    0x08004861   Thumb Code   376  dr16_remote.o(i.Keyboard_Data_Process)
    M2006_Trigger_Get_Data                   0x080049dd   Thumb Code    76  m2006_motor.o(i.M2006_Trigger_Get_Data)
    M2006_Trigger_Send_Data                  0x08004a2d   Thumb Code    22  m2006_motor.o(i.M2006_Trigger_Send_Data)
    M3508_Chassis_Get_Data                   0x08004a4d   Thumb Code    46  m3508_motor.o(i.M3508_Chassis_Get_Data)
    M3508_Chassis_Send_Data                  0x08004a81   Thumb Code    20  m3508_motor.o(i.M3508_Chassis_Send_Data)
    M3508_Fric_Wheel_Get_Data                0x08004a9d   Thumb Code    76  m3508_motor.o(i.M3508_Fric_Wheel_Get_Data)
    M3508_Fric_Wheel_Send_Data               0x08004aed   Thumb Code    22  m3508_motor.o(i.M3508_Fric_Wheel_Send_Data)
    MX_CAN1_Init                             0x08004b0d   Thumb Code    62  can.o(i.MX_CAN1_Init)
    MX_CAN2_Init                             0x08004b55   Thumb Code    62  can.o(i.MX_CAN2_Init)
    MX_DMA_Init                              0x08004b9d   Thumb Code    56  dma.o(i.MX_DMA_Init)
    MX_FREERTOS_Init                         0x08004bd9   Thumb Code   212  freertos.o(i.MX_FREERTOS_Init)
    MX_GPIO_Init                             0x08004cb5   Thumb Code   148  gpio.o(i.MX_GPIO_Init)
    MX_I2C2_Init                             0x08004d51   Thumb Code    78  i2c.o(i.MX_I2C2_Init)
    MX_SPI5_Init                             0x08004dad   Thumb Code    62  spi.o(i.MX_SPI5_Init)
    MX_TIM12_Init                            0x08004df5   Thumb Code   118  tim.o(i.MX_TIM12_Init)
    MX_TIM3_Init                             0x08004e75   Thumb Code   142  tim.o(i.MX_TIM3_Init)
    MX_USART1_UART_Init                      0x08004f0d   Thumb Code    46  usart.o(i.MX_USART1_UART_Init)
    MX_USART6_UART_Init                      0x08004f49   Thumb Code    48  usart.o(i.MX_USART6_UART_Init)
    MemManage_Handler                        0x08004f81   Thumb Code     2  stm32f4xx_it.o(i.MemManage_Handler)
    NMI_Handler                              0x08004f83   Thumb Code     2  stm32f4xx_it.o(i.NMI_Handler)
    Positional_PID                           0x08004f85   Thumb Code   122  pid.o(i.Positional_PID)
    Ramp_Down                                0x08004fff   Thumb Code    40  ramp_calc.o(i.Ramp_Down)
    Ramp_Up                                  0x08005027   Thumb Code    54  ramp_calc.o(i.Ramp_Up)
    Referee_Get_Data                         0x0800505d   Thumb Code   540  referee_system.o(i.Referee_Get_Data)
    Referee_System_Handler                   0x08005281   Thumb Code    78  referee_system.o(i.Referee_System_Handler)
    Referee_System_USART_Receive_DMA         0x080052d9   Thumb Code    72  referee_system.o(i.Referee_System_USART_Receive_DMA)
    Remote_Control_Update                    0x08005325   Thumb Code   126  state_machine.o(i.Remote_Control_Update)
    Robot_Control                            0x080053bd   Thumb Code    24  freertos.o(i.Robot_Control)
    Robot_Control_Disabled                   0x080053d9   Thumb Code    16  robot_control.o(i.Robot_Control_Disabled)
    Robot_Control_Send                       0x080053f5   Thumb Code   100  robot_control.o(i.Robot_Control_Send)
    Robot_Control_Start                      0x08005481   Thumb Code    60  robot_control.o(i.Robot_Control_Start)
    Shooting_Disabled                        0x080055ed   Thumb Code    46  shooting_control.o(i.Shooting_Disabled)
    Shooting_Init                            0x0800563d   Thumb Code    14  shooting_control.o(i.Shooting_Init)
    Shooting_Processing                      0x08005659   Thumb Code   178  shooting_control.o(i.Shooting_Processing)
    StartIMUTask                             0x08005725   Thumb Code    44  freertos.o(i.StartIMUTask)
    Super_Capacitor_Get_Data                 0x0800575d   Thumb Code    86  super_capacitor.o(i.Super_Capacitor_Get_Data)
    Super_Capacitor_Send_Data                0x080057b9   Thumb Code    10  super_capacitor.o(i.Super_Capacitor_Send_Data)
    SysTick_Handler                          0x080057cd   Thumb Code    38  port.o(i.SysTick_Handler)
    SystemClock_Config                       0x080057f9   Thumb Code   140  main.o(i.SystemClock_Config)
    SystemInit                               0x0800588d   Thumb Code    12  system_stm32f4xx.o(i.SystemInit)
    TIM6_DAC_IRQHandler                      0x0800589d   Thumb Code     6  stm32f4xx_it.o(i.TIM6_DAC_IRQHandler)
    TIM_Base_SetConfig                       0x080058a9   Thumb Code   156  stm32f4xx_hal_tim.o(i.TIM_Base_SetConfig)
    TIM_CCxChannelCmd                        0x08005971   Thumb Code    26  stm32f4xx_hal_tim.o(i.TIM_CCxChannelCmd)
    TIM_ETR_SetConfig                        0x0800598b   Thumb Code    20  stm32f4xx_hal_tim.o(i.TIM_ETR_SetConfig)
    TIM_OC2_SetConfig                        0x08005a11   Thumb Code    98  stm32f4xx_hal_tim.o(i.TIM_OC2_SetConfig)
    Trigger_Get_Data                         0x08005b7d   Thumb Code    80  shooting_control.o(i.Trigger_Get_Data)
    Turn_Friction_Wheel_Off                  0x08005bd5   Thumb Code   152  shooting_control.o(i.Turn_Friction_Wheel_Off)
    Turn_Friction_Wheel_On                   0x08005c89   Thumb Code   160  shooting_control.o(i.Turn_Friction_Wheel_On)
    USART1_IRQHandler                        0x08005e51   Thumb Code    36  stm32f4xx_it.o(i.USART1_IRQHandler)
    USART6_IRQHandler                        0x08005e7d   Thumb Code    36  stm32f4xx_it.o(i.USART6_IRQHandler)
    UsageFault_Handler                       0x08005ea9   Thumb Code     2  stm32f4xx_it.o(i.UsageFault_Handler)
    VAL_LIMIT                                0x08005eab   Thumb Code    32  user_defined_math.o(i.VAL_LIMIT)
    Verify_CRC16_Check_Sum                   0x08005ecd   Thumb Code    54  crc_verification.o(i.Verify_CRC16_Check_Sum)
    Verify_CRC8_Check_Sum                    0x08005f09   Thumb Code    38  crc_verification.o(i.Verify_CRC8_Check_Sum)
    __ARM_fpclassify                         0x08005f2f   Thumb Code    48  fpclassify.o(i.__ARM_fpclassify)
    __ARM_fpclassifyf                        0x08005f5f   Thumb Code    38  fpclassifyf.o(i.__ARM_fpclassifyf)
    __hardfp_asinf                           0x08005fa5   Thumb Code   258  asinf.o(i.__hardfp_asinf)
    __hardfp_atan2f                          0x080060d1   Thumb Code   594  atan2f.o(i.__hardfp_atan2f)
    __hardfp_cos                             0x08006381   Thumb Code   180  cos.o(i.__hardfp_cos)
    __hardfp_cosf                            0x08006449   Thumb Code   280  cosf.o(i.__hardfp_cosf)
    __hardfp_powf                            0x08006599   Thumb Code  1606  powf.o(i.__hardfp_powf)
    __mathlib_powf                           0x08006599   Thumb Code     0  powf.o(i.__hardfp_powf)
    __hardfp_sin                             0x08006c01   Thumb Code   180  sin.o(i.__hardfp_sin)
    __hardfp_sinf                            0x08006cc9   Thumb Code   344  sinf.o(i.__hardfp_sinf)
    __ieee754_rem_pio2                       0x08006e59   Thumb Code   938  rred.o(i.__ieee754_rem_pio2)
    __kernel_cos                             0x08007291   Thumb Code   322  cos_i.o(i.__kernel_cos)
    __kernel_poly                            0x08007401   Thumb Code   248  poly.o(i.__kernel_poly)
    __kernel_sin                             0x080074f9   Thumb Code   280  sin_i.o(i.__kernel_sin)
    __mathlib_dbl_infnan                     0x08007629   Thumb Code    20  dunder.o(i.__mathlib_dbl_infnan)
    __mathlib_dbl_invalid                    0x08007641   Thumb Code    24  dunder.o(i.__mathlib_dbl_invalid)
    __mathlib_dbl_underflow                  0x08007661   Thumb Code    24  dunder.o(i.__mathlib_dbl_underflow)
    __mathlib_flt_divzero                    0x08007681   Thumb Code    14  funder.o(i.__mathlib_flt_divzero)
    __mathlib_flt_infnan                     0x08007695   Thumb Code     6  funder.o(i.__mathlib_flt_infnan)
    __mathlib_flt_infnan2                    0x0800769b   Thumb Code     6  funder.o(i.__mathlib_flt_infnan2)
    __mathlib_flt_invalid                    0x080076a1   Thumb Code    10  funder.o(i.__mathlib_flt_invalid)
    __mathlib_flt_overflow                   0x080076b1   Thumb Code    10  funder.o(i.__mathlib_flt_overflow)
    __mathlib_flt_underflow                  0x080076c1   Thumb Code    10  funder.o(i.__mathlib_flt_underflow)
    __mathlib_rredf2                         0x080076d1   Thumb Code   316  rredf.o(i.__mathlib_rredf2)
    fabs                                     0x08007825   Thumb Code    24  fabs.o(i.fabs)
    int_into_char                            0x0800783d   Thumb Code    24  crc_verification.o(i.int_into_char)
    main                                     0x08007859   Thumb Code    58  main.o(i.main)
    osKernelStart                            0x0800789f   Thumb Code    10  cmsis_os.o(i.osKernelStart)
    osMessageCreate                          0x080078a9   Thumb Code    38  cmsis_os.o(i.osMessageCreate)
    osThreadCreate                           0x080078cf   Thumb Code    84  cmsis_os.o(i.osThreadCreate)
    pvPortMalloc                             0x08007da5   Thumb Code   216  heap_4.o(i.pvPortMalloc)
    pxPortInitialiseStack                    0x08007e81   Thumb Code    40  port.o(i.pxPortInitialiseStack)
    sqrtf                                    0x08007ead   Thumb Code    62  sqrtf.o(i.sqrtf)
    uxListRemove                             0x08007eeb   Thumb Code    38  list.o(i.uxListRemove)
    vApplicationGetIdleTaskMemory            0x08007f11   Thumb Code    16  freertos.o(i.vApplicationGetIdleTaskMemory)
    vListInitialise                          0x08007f25   Thumb Code    22  list.o(i.vListInitialise)
    vListInitialiseItem                      0x08007f3b   Thumb Code     6  list.o(i.vListInitialiseItem)
    vListInsert                              0x08007f41   Thumb Code    48  list.o(i.vListInsert)
    vListInsertEnd                           0x08007f71   Thumb Code    24  list.o(i.vListInsertEnd)
    vPortEnterCritical                       0x08007f89   Thumb Code    54  port.o(i.vPortEnterCritical)
    vPortExitCritical                        0x08007fc9   Thumb Code    34  port.o(i.vPortExitCritical)
    vPortFree                                0x08007ff1   Thumb Code    94  heap_4.o(i.vPortFree)
    vPortSetupTimerInterrupt                 0x08008055   Thumb Code    32  port.o(i.vPortSetupTimerInterrupt)
    vPortValidateInterruptPriority           0x08008079   Thumb Code    74  port.o(i.vPortValidateInterruptPriority)
    vTaskDelayUntil                          0x080080cd   Thumb Code   132  tasks.o(i.vTaskDelayUntil)
    vTaskDelete                              0x08008159   Thumb Code   158  tasks.o(i.vTaskDelete)
    vTaskInternalSetTimeOutState             0x08008205   Thumb Code    12  tasks.o(i.vTaskInternalSetTimeOutState)
    vTaskMissedYield                         0x08008215   Thumb Code     8  tasks.o(i.vTaskMissedYield)
    vTaskPlaceOnEventList                    0x08008221   Thumb Code    44  tasks.o(i.vTaskPlaceOnEventList)
    vTaskStartScheduler                      0x08008251   Thumb Code    90  tasks.o(i.vTaskStartScheduler)
    vTaskSuspendAll                          0x080082bd   Thumb Code    10  tasks.o(i.vTaskSuspendAll)
    vTaskSwitchContext                       0x080082cd   Thumb Code    82  tasks.o(i.vTaskSwitchContext)
    xPortStartScheduler                      0x08008329   Thumb Code   222  port.o(i.xPortStartScheduler)
    xQueueGenericCreate                      0x0800841d   Thumb Code    66  queue.o(i.xQueueGenericCreate)
    xQueueGenericCreateStatic                0x0800845f   Thumb Code   102  queue.o(i.xQueueGenericCreateStatic)
    xQueueGenericReset                       0x080084c5   Thumb Code   132  queue.o(i.xQueueGenericReset)
    xQueueGenericSend                        0x0800854d   Thumb Code   346  queue.o(i.xQueueGenericSend)
    xQueueGenericSendFromISR                 0x080086ad   Thumb Code   190  queue.o(i.xQueueGenericSendFromISR)
    xQueueReceive                            0x0800876d   Thumb Code   308  queue.o(i.xQueueReceive)
    xTaskCheckForTimeOut                     0x080088a5   Thumb Code   112  tasks.o(i.xTaskCheckForTimeOut)
    xTaskCreate                              0x08008919   Thumb Code    90  tasks.o(i.xTaskCreate)
    xTaskCreateStatic                        0x08008973   Thumb Code    86  tasks.o(i.xTaskCreateStatic)
    xTaskGetSchedulerState                   0x080089c9   Thumb Code    22  tasks.o(i.xTaskGetSchedulerState)
    xTaskGetTickCount                        0x080089e5   Thumb Code     6  tasks.o(i.xTaskGetTickCount)
    xTaskIncrementTick                       0x080089f1   Thumb Code   194  tasks.o(i.xTaskIncrementTick)
    xTaskPriorityDisinherit                  0x08008abd   Thumb Code   144  tasks.o(i.xTaskPriorityDisinherit)
    xTaskRemoveFromEventList                 0x08008b55   Thumb Code   108  tasks.o(i.xTaskRemoveFromEventList)
    xTaskResumeAll                           0x08008bc9   Thumb Code   182  tasks.o(i.xTaskResumeAll)
    __aeabi_dneg                             0x08008c8d   Thumb Code     0  basic.o(x$fpl$basic)
    _dneg                                    0x08008c8d   Thumb Code     6  basic.o(x$fpl$basic)
    __aeabi_fneg                             0x08008c93   Thumb Code     0  basic.o(x$fpl$basic)
    _fneg                                    0x08008c93   Thumb Code     6  basic.o(x$fpl$basic)
    _dabs                                    0x08008c99   Thumb Code     6  basic.o(x$fpl$basic)
    _fabs                                    0x08008c9f   Thumb Code     6  basic.o(x$fpl$basic)
    __aeabi_d2f                              0x08008ca5   Thumb Code     0  d2f.o(x$fpl$d2f)
    _d2f                                     0x08008ca5   Thumb Code    98  d2f.o(x$fpl$d2f)
    __aeabi_dadd                             0x08008d09   Thumb Code     0  daddsub_clz.o(x$fpl$dadd)
    _dadd                                    0x08008d09   Thumb Code   332  daddsub_clz.o(x$fpl$dadd)
    __aeabi_ddiv                             0x08008e59   Thumb Code     0  ddiv.o(x$fpl$ddiv)
    _ddiv                                    0x08008e59   Thumb Code   552  ddiv.o(x$fpl$ddiv)
    __aeabi_d2iz                             0x08009109   Thumb Code     0  dfix.o(x$fpl$dfix)
    _dfix                                    0x08009109   Thumb Code    94  dfix.o(x$fpl$dfix)
    __aeabi_i2d                              0x08009167   Thumb Code     0  dflt_clz.o(x$fpl$dflt)
    _dflt                                    0x08009167   Thumb Code    46  dflt_clz.o(x$fpl$dflt)
    __aeabi_ui2d                             0x08009195   Thumb Code     0  dflt_clz.o(x$fpl$dfltu)
    _dfltu                                   0x08009195   Thumb Code    38  dflt_clz.o(x$fpl$dfltu)
    __aeabi_dmul                             0x080091bd   Thumb Code     0  dmul.o(x$fpl$dmul)
    _dmul                                    0x080091bd   Thumb Code   332  dmul.o(x$fpl$dmul)
    __fpl_dnaninf                            0x08009311   Thumb Code   156  dnaninf.o(x$fpl$dnaninf)
    __fpl_dretinf                            0x080093ad   Thumb Code    12  dretinf.o(x$fpl$dretinf)
    __aeabi_drsub                            0x080093b9   Thumb Code     0  daddsub_clz.o(x$fpl$drsb)
    _drsb                                    0x080093b9   Thumb Code    22  daddsub_clz.o(x$fpl$drsb)
    __aeabi_dsub                             0x080093d1   Thumb Code     0  daddsub_clz.o(x$fpl$dsub)
    _dsub                                    0x080093d1   Thumb Code   464  daddsub_clz.o(x$fpl$dsub)
    __aeabi_f2d                              0x080095a5   Thumb Code     0  f2d.o(x$fpl$f2d)
    _f2d                                     0x080095a5   Thumb Code    86  f2d.o(x$fpl$f2d)
    __fpl_fnaninf                            0x080095fb   Thumb Code   140  fnaninf.o(x$fpl$fnaninf)
    _fp_init                                 0x08009687   Thumb Code    10  fpinit.o(x$fpl$fpinit)
    __fplib_config_fpu_vfp                   0x0800968f   Thumb Code     0  fpinit.o(x$fpl$fpinit)
    __fplib_config_pureend_doubles           0x0800968f   Thumb Code     0  fpinit.o(x$fpl$fpinit)
    __fpl_fretinf                            0x08009691   Thumb Code    10  fretinf.o(x$fpl$fretinf)
    __I$use$fp                               0x0800969a   Number         0  usenofp.o(x$fpl$usenofp)
    AHBPrescTable                            0x0800977c   Data          16  system_stm32f4xx.o(.constdata)
    APBPrescTable                            0x0800978c   Data           8  system_stm32f4xx.o(.constdata)
    CRC8_TAB                                 0x080097c8   Data         256  crc_verification.o(.constdata)
    wCRC_Table                               0x080098c8   Data         512  crc_verification.o(.constdata)
    Region$$Table$$Base                      0x08009da0   Number         0  anon$$obj.o(Region$$Table)
    Region$$Table$$Limit                     0x08009dc0   Number         0  anon$$obj.o(Region$$Table)
    Task_IMUHandle                           0x20000000   Data           4  freertos.o(.data)
    Task_InitHandle                          0x20000004   Data           4  freertos.o(.data)
    Task_CAN_SendHandle                      0x20000008   Data           4  freertos.o(.data)
    Task_CAN1_RecHandle                      0x2000000c   Data           4  freertos.o(.data)
    Task_CAN2_RecHandle                      0x20000010   Data           4  freertos.o(.data)
    Task_Robot_CtrlHandle                    0x20000014   Data           4  freertos.o(.data)
    CAN1_ReceiveHandle                       0x20000018   Data           4  freertos.o(.data)
    CAN2_ReceiveHandle                       0x2000001c   Data           4  freertos.o(.data)
    CAN_SendHandle                           0x20000020   Data           4  freertos.o(.data)
    uwTickFreq                               0x20000028   Data           1  stm32f4xx_hal.o(.data)
    uwTickPrio                               0x2000002c   Data           4  stm32f4xx_hal.o(.data)
    uwTick                                   0x20000030   Data           4  stm32f4xx_hal.o(.data)
    SystemCoreClock                          0x20000034   Data           4  system_stm32f4xx.o(.data)
    pxCurrentTCB                             0x20000038   Data           4  tasks.o(.data)
    Robot_Control_Func                       0x200000a0   Data          12  robot_control.o(.data)
    Robot_Mode                               0x200000ac   Data           2  robot_control.o(.data)
    State_Machine_Func                       0x200000b0   Data           4  state_machine.o(.data)
    State_Machine                            0x200000b4   Data           1  state_machine.o(.data)
    Chassis_Func                             0x200000b8   Data          12  chassis_control.o(.data)
    Gimbal_Func                              0x200000c4   Data          12  gimbal_control.o(.data)
    Shooting_Func                            0x200000d0   Data          16  shooting_control.o(.data)
    Fric_Wheel_Ramp                          0x200000e0   Data           8  shooting_control.o(.data)
    IMU_Temp_Control_Func                    0x200000e8   Data           8  imu_temp_control.o(.data)
    Chassis_Angle_PID                        0x200000f0   Data          56  pid.o(.data)
    Chassis_Speed_PID                        0x20000128   Data          56  pid.o(.data)
    Fric_Wheel_PID                           0x20000160   Data          56  pid.o(.data)
    Yaw_Angle_PID                            0x20000198   Data          56  pid.o(.data)
    Yaw_Speed_PID                            0x200001d0   Data          56  pid.o(.data)
    Pitch_Angle_PID                          0x20000208   Data          56  pid.o(.data)
    Pitch_Speed_PID                          0x20000240   Data          56  pid.o(.data)
    Trigger_Angle_PID                        0x20000278   Data          56  pid.o(.data)
    Trigger_Speed_PID                        0x200002b0   Data          56  pid.o(.data)
    PID_Func                                 0x200002e8   Data          12  pid.o(.data)
    Ramp_Calc_Func                           0x200002f4   Data          12  ramp_calc.o(.data)
    DR16_Func                                0x20000300   Data          28  dr16_remote.o(.data)
    Board_A_IMU_Func                         0x2000031c   Data          20  board_a_imu.o(.data)
    M3508_Func                               0x20000340   Data          24  m3508_motor.o(.data)
    GM6020_Func                              0x20000358   Data          24  gm6020_motor.o(.data)
    M2006_Func                               0x20000370   Data          12  m2006_motor.o(.data)
    Super_Capacitor_Func                     0x2000037c   Data          12  super_capacitor.o(.data)
    Referee_System_Func                      0x20000388   Data          12  referee_system.o(.data)
    DMA_Counter                              0x20000394   Data           2  referee_system.o(.data)
    Buzzer_Func                              0x20000398   Data          16  buzzer.o(.data)
    CAN_Func                                 0x200003a8   Data          28  can_setup.o(.data)
    Monitor_CAN                              0x200003c4   Data           8  can_setup.o(.data)
    Monitor_CAN1                             0x200003cc   Data           6  can_setup.o(.data)
    Monitor_CAN2                             0x200003d2   Data           6  can_setup.o(.data)
    CRC_INIT                                 0x200003d8   Data           2  crc_verification.o(.data)
    CRC_Verif_Func                           0x200003dc   Data          28  crc_verification.o(.data)
    hcan1                                    0x2000064c   Data          40  can.o(.bss)
    hcan2                                    0x20000674   Data          40  can.o(.bss)
    hi2c2                                    0x2000069c   Data          84  i2c.o(.bss)
    hspi5                                    0x200006f0   Data          88  spi.o(.bss)
    htim3                                    0x20000748   Data          72  tim.o(.bss)
    htim12                                   0x20000790   Data          72  tim.o(.bss)
    huart1                                   0x200007d8   Data          68  usart.o(.bss)
    huart6                                   0x2000081c   Data          68  usart.o(.bss)
    hdma_usart1_rx                           0x20000860   Data          96  usart.o(.bss)
    hdma_usart6_rx                           0x200008c0   Data          96  usart.o(.bss)
    htim6                                    0x20000920   Data          72  stm32f4xx_hal_timebase_tim.o(.bss)
    Chassis                                  0x20004658   Data          48  chassis_control.o(.bss)
    Gimbal                                   0x20004688   Data          28  gimbal_control.o(.bss)
    Shooting                                 0x200046a4   Data          16  shooting_control.o(.bss)
    DR16_Export_Data                         0x200046b4   Data          96  dr16_remote.o(.bss)
    Board_A_IMU                              0x20004714   Data         152  board_a_imu.o(.bss)
    Board_A_IMU_AHRS                         0x200047ac   Data         100  board_a_imu.o(.bss)
    M3508_Chassis                            0x20004810   Data         128  m3508_motor.o(.bss)
    M3508_Fric_Wheel                         0x20004890   Data          64  m3508_motor.o(.bss)
    GM6020_Yaw                               0x200048d0   Data          32  gm6020_motor.o(.bss)
    GM6020_Pitch                             0x200048f0   Data          32  gm6020_motor.o(.bss)
    M2006_Trigger                            0x20004910   Data          32  m2006_motor.o(.bss)
    Super_Capacitor                          0x20004930   Data          24  super_capacitor.o(.bss)
    MPU6050_IMU                              0x20004948   Data         124  mpu6050_imu.o(.bss)
    MPU6050_IMU_AHRS                         0x200049c4   Data         100  mpu6050_imu.o(.bss)
    Referee_System                           0x20004a38   Data         160  referee_system.o(.bss)
    Referee_System_Buffer                    0x20004ad8   Data         245  referee_system.o(.bss)
    CAN_Data                                 0x20004bd0   Data         152  can_setup.o(.bss)
    __libspace_start                         0x20004c68   Data          96  libspace.o(.bss)
    __temporary_stack_top$libspace           0x20004cc8   Data           0  libspace.o(.bss)



==============================================================================

Memory Map of the image

  Image Entry point : 0x080001ad

  Load Region LR_IROM1 (Base: 0x08000000, Size: 0x0000a1b8, Max: 0x00200000, ABSOLUTE, COMPRESSED[0x00009f30])

    Execution Region ER_IROM1 (Exec base: 0x08000000, Load base: 0x08000000, Size: 0x00009dc0, Max: 0x00200000, ABSOLUTE)

    Exec Addr    Load Addr    Size         Type   Attr      Idx    E Section Name        Object

    0x08000000   0x08000000   0x000001ac   Data   RO            3    RESET               startup_stm32f427xx.o
    0x080001ac   0x080001ac   0x00000008   Code   RO         7229  * !!!main             c_w.l(__main.o)
    0x080001b4   0x080001b4   0x00000034   Code   RO         7612    !!!scatter          c_w.l(__scatter.o)
    0x080001e8   0x080001e8   0x0000005a   Code   RO         7610    !!dczerorl2         c_w.l(__dczerorl2.o)
    0x08000242   0x08000242   0x00000002   PAD
    0x08000244   0x08000244   0x0000001c   Code   RO         7614    !!handler_zi        c_w.l(__scatter_zi.o)
    0x08000260   0x08000260   0x00000000   Code   RO         7216    .ARM.Collect$$_printf_percent$$00000000  c_w.l(_printf_percent.o)
    0x08000260   0x08000260   0x00000006   Code   RO         7215    .ARM.Collect$$_printf_percent$$00000009  c_w.l(_printf_d.o)
    0x08000266   0x08000266   0x00000004   Code   RO         7354    .ARM.Collect$$_printf_percent$$00000017  c_w.l(_printf_percent_end.o)
    0x0800026a   0x0800026a   0x00000002   Code   RO         7481    .ARM.Collect$$libinit$$00000000  c_w.l(libinit.o)
    0x0800026c   0x0800026c   0x00000004   Code   RO         7490    .ARM.Collect$$libinit$$00000001  c_w.l(libinit2.o)
    0x08000270   0x08000270   0x00000000   Code   RO         7493    .ARM.Collect$$libinit$$00000004  c_w.l(libinit2.o)
    0x08000270   0x08000270   0x00000000   Code   RO         7496    .ARM.Collect$$libinit$$0000000A  c_w.l(libinit2.o)
    0x08000270   0x08000270   0x00000000   Code   RO         7498    .ARM.Collect$$libinit$$0000000C  c_w.l(libinit2.o)
    0x08000270   0x08000270   0x00000000   Code   RO         7500    .ARM.Collect$$libinit$$0000000E  c_w.l(libinit2.o)
    0x08000270   0x08000270   0x00000000   Code   RO         7503    .ARM.Collect$$libinit$$00000011  c_w.l(libinit2.o)
    0x08000270   0x08000270   0x00000000   Code   RO         7505    .ARM.Collect$$libinit$$00000013  c_w.l(libinit2.o)
    0x08000270   0x08000270   0x00000000   Code   RO         7507    .ARM.Collect$$libinit$$00000015  c_w.l(libinit2.o)
    0x08000270   0x08000270   0x00000000   Code   RO         7509    .ARM.Collect$$libinit$$00000017  c_w.l(libinit2.o)
    0x08000270   0x08000270   0x00000000   Code   RO         7511    .ARM.Collect$$libinit$$00000019  c_w.l(libinit2.o)
    0x08000270   0x08000270   0x00000000   Code   RO         7513    .ARM.Collect$$libinit$$0000001B  c_w.l(libinit2.o)
    0x08000270   0x08000270   0x00000000   Code   RO         7515    .ARM.Collect$$libinit$$0000001D  c_w.l(libinit2.o)
    0x08000270   0x08000270   0x00000000   Code   RO         7517    .ARM.Collect$$libinit$$0000001F  c_w.l(libinit2.o)
    0x08000270   0x08000270   0x00000000   Code   RO         7519    .ARM.Collect$$libinit$$00000021  c_w.l(libinit2.o)
    0x08000270   0x08000270   0x00000000   Code   RO         7521    .ARM.Collect$$libinit$$00000023  c_w.l(libinit2.o)
    0x08000270   0x08000270   0x00000000   Code   RO         7523    .ARM.Collect$$libinit$$00000025  c_w.l(libinit2.o)
    0x08000270   0x08000270   0x00000000   Code   RO         7527    .ARM.Collect$$libinit$$0000002C  c_w.l(libinit2.o)
    0x08000270   0x08000270   0x00000000   Code   RO         7529    .ARM.Collect$$libinit$$0000002E  c_w.l(libinit2.o)
    0x08000270   0x08000270   0x00000000   Code   RO         7531    .ARM.Collect$$libinit$$00000030  c_w.l(libinit2.o)
    0x08000270   0x08000270   0x00000000   Code   RO         7533    .ARM.Collect$$libinit$$00000032  c_w.l(libinit2.o)
    0x08000270   0x08000270   0x00000002   Code   RO         7534    .ARM.Collect$$libinit$$00000033  c_w.l(libinit2.o)
    0x08000272   0x08000272   0x00000002   Code   RO         7565    .ARM.Collect$$libshutdown$$00000000  c_w.l(libshutdown.o)
    0x08000274   0x08000274   0x00000000   Code   RO         7591    .ARM.Collect$$libshutdown$$00000002  c_w.l(libshutdown2.o)
    0x08000274   0x08000274   0x00000000   Code   RO         7593    .ARM.Collect$$libshutdown$$00000004  c_w.l(libshutdown2.o)
    0x08000274   0x08000274   0x00000000   Code   RO         7595    .ARM.Collect$$libshutdown$$00000006  c_w.l(libshutdown2.o)
    0x08000274   0x08000274   0x00000000   Code   RO         7598    .ARM.Collect$$libshutdown$$00000009  c_w.l(libshutdown2.o)
    0x08000274   0x08000274   0x00000000   Code   RO         7601    .ARM.Collect$$libshutdown$$0000000C  c_w.l(libshutdown2.o)
    0x08000274   0x08000274   0x00000000   Code   RO         7603    .ARM.Collect$$libshutdown$$0000000E  c_w.l(libshutdown2.o)
    0x08000274   0x08000274   0x00000000   Code   RO         7606    .ARM.Collect$$libshutdown$$00000011  c_w.l(libshutdown2.o)
    0x08000274   0x08000274   0x00000002   Code   RO         7607    .ARM.Collect$$libshutdown$$00000012  c_w.l(libshutdown2.o)
    0x08000276   0x08000276   0x00000000   Code   RO         7341    .ARM.Collect$$rtentry$$00000000  c_w.l(__rtentry.o)
    0x08000276   0x08000276   0x00000000   Code   RO         7418    .ARM.Collect$$rtentry$$00000002  c_w.l(__rtentry2.o)
    0x08000276   0x08000276   0x00000006   Code   RO         7430    .ARM.Collect$$rtentry$$00000004  c_w.l(__rtentry4.o)
    0x0800027c   0x0800027c   0x00000000   Code   RO         7420    .ARM.Collect$$rtentry$$00000009  c_w.l(__rtentry2.o)
    0x0800027c   0x0800027c   0x00000004   Code   RO         7421    .ARM.Collect$$rtentry$$0000000A  c_w.l(__rtentry2.o)
    0x08000280   0x08000280   0x00000000   Code   RO         7423    .ARM.Collect$$rtentry$$0000000C  c_w.l(__rtentry2.o)
    0x08000280   0x08000280   0x00000008   Code   RO         7424    .ARM.Collect$$rtentry$$0000000D  c_w.l(__rtentry2.o)
    0x08000288   0x08000288   0x00000002   Code   RO         7482    .ARM.Collect$$rtexit$$00000000  c_w.l(rtexit.o)
    0x0800028a   0x0800028a   0x00000000   Code   RO         7538    .ARM.Collect$$rtexit$$00000002  c_w.l(rtexit2.o)
    0x0800028a   0x0800028a   0x00000004   Code   RO         7539    .ARM.Collect$$rtexit$$00000003  c_w.l(rtexit2.o)
    0x0800028e   0x0800028e   0x00000006   Code   RO         7540    .ARM.Collect$$rtexit$$00000004  c_w.l(rtexit2.o)
    0x08000294   0x08000294   0x000000be   Code   RO         5737    .emb_text           port.o
    0x08000352   0x08000352   0x00000002   PAD
    0x08000354   0x08000354   0x00000040   Code   RO            4    .text               startup_stm32f427xx.o
    0x08000394   0x08000394   0x000000ee   Code   RO         7185    .text               c_w.l(lludivv7m.o)
    0x08000482   0x08000482   0x00000002   PAD
    0x08000484   0x08000484   0x00000028   Code   RO         7189    .text               c_w.l(noretval__2sprintf.o)
    0x080004ac   0x080004ac   0x00000068   Code   RO         7191    .text               c_w.l(__printf.o)
    0x08000514   0x08000514   0x00000078   Code   RO         7193    .text               c_w.l(_printf_dec.o)
    0x0800058c   0x0800058c   0x00000048   Code   RO         7217    .text               c_w.l(strcpy.o)
    0x080005d4   0x080005d4   0x0000008a   Code   RO         7219    .text               c_w.l(rt_memcpy_v6.o)
    0x0800065e   0x0800065e   0x00000064   Code   RO         7221    .text               c_w.l(rt_memcpy_w.o)
    0x080006c2   0x080006c2   0x0000004e   Code   RO         7225    .text               c_w.l(rt_memclr_w.o)
    0x08000710   0x08000710   0x00000006   Code   RO         7227    .text               c_w.l(heapauxi.o)
    0x08000716   0x08000716   0x00000016   Code   RO         7346    .text               c_w.l(_rserrno.o)
    0x0800072c   0x0800072c   0x000000b2   Code   RO         7348    .text               c_w.l(_printf_intcommon.o)
    0x080007de   0x080007de   0x00000002   PAD
    0x080007e0   0x080007e0   0x00000030   Code   RO         7350    .text               c_w.l(_printf_char_common.o)
    0x08000810   0x08000810   0x0000000a   Code   RO         7352    .text               c_w.l(_sputc.o)
    0x0800081a   0x0800081a   0x00000002   PAD
    0x0800081c   0x0800081c   0x00000008   Code   RO         7437    .text               c_w.l(rt_errno_addr_intlibspace.o)
    0x08000824   0x08000824   0x00000008   Code   RO         7465    .text               c_w.l(libspace.o)
    0x0800082c   0x0800082c   0x0000004a   Code   RO         7468    .text               c_w.l(sys_stackheap_outer.o)
    0x08000876   0x08000876   0x00000012   Code   RO         7470    .text               c_w.l(exit.o)
    0x08000888   0x08000888   0x0000000c   Code   RO         7535    .text               c_w.l(sys_exit.o)
    0x08000894   0x08000894   0x00000002   Code   RO         7554    .text               c_w.l(use_no_semi.o)
    0x08000896   0x08000896   0x00000000   Code   RO         7556    .text               c_w.l(indicate_semi.o)
    0x08000896   0x08000896   0x00000002   PAD
    0x08000898   0x08000898   0x00000028   Code   RO         7127    i.Append_CRC16_Check_Sum  crc_verification.o
    0x080008c0   0x080008c0   0x0000001c   Code   RO         7128    i.Append_CRC8_Check_Sum  crc_verification.o
    0x080008dc   0x080008dc   0x000000bc   Code   RO         6302    i.Board_A_IMU_Calc_Angle  board_a_imu.o
    0x08000998   0x08000998   0x000000a4   Code   RO         6303    i.Board_A_IMU_Calibrate  board_a_imu.o
    0x08000a3c   0x08000a3c   0x0000008e   Code   RO         6304    i.Board_A_IMU_I2C_Config  board_a_imu.o
    0x08000aca   0x08000aca   0x00000002   PAD
    0x08000acc   0x08000acc   0x0000003c   Code   RO         6305    i.Board_A_IMU_Init  board_a_imu.o
    0x08000b08   0x08000b08   0x0000005c   Code   RO         6306    i.Board_A_IMU_Read_Bytes  board_a_imu.o
    0x08000b64   0x08000b64   0x000001a4   Code   RO         6307    i.Board_A_IMU_Read_Data  board_a_imu.o
    0x08000d08   0x08000d08   0x0000001c   Code   RO         6308    i.Board_A_IMU_Reset  board_a_imu.o
    0x08000d24   0x08000d24   0x00000030   Code   RO         6045    i.Board_A_IMU_Temp_Control  imu_temp_control.o
    0x08000d54   0x08000d54   0x0000000c   Code   RO         6046    i.Board_A_IMU_Temp_Control_Init  imu_temp_control.o
    0x08000d60   0x08000d60   0x00000054   Code   RO         6309    i.Board_A_IMU_Write_Byte  board_a_imu.o
    0x08000db4   0x08000db4   0x00000002   Code   RO          731    i.BusFault_Handler  stm32f4xx_it.o
    0x08000db6   0x08000db6   0x00000002   PAD
    0x08000db8   0x08000db8   0x000000a8   Code   RO         6730    i.Buzzer_Choose_Note  buzzer.o
    0x08000e60   0x08000e60   0x0000000c   Code   RO         6731    i.Buzzer_Init       buzzer.o
    0x08000e6c   0x08000e6c   0x00000002   Code   RO         6732    i.Buzzer_Modules_Offline  buzzer.o
    0x08000e6e   0x08000e6e   0x00000002   PAD
    0x08000e70   0x08000e70   0x0000001c   Code   RO         6733    i.Buzzer_On         buzzer.o
    0x08000e8c   0x08000e8c   0x000000bc   Code   RO         6735    i.Buzzer_Robot_Initializing  buzzer.o
    0x08000f48   0x08000f48   0x00000056   Code   RO         6736    i.Buzzer_Robot_Is_Initialized  buzzer.o
    0x08000f9e   0x08000f9e   0x00000002   PAD
    0x08000fa0   0x08000fa0   0x00000028   Code   RO          732    i.CAN1_RX0_IRQHandler  stm32f4xx_it.o
    0x08000fc8   0x08000fc8   0x0000009c   Code   RO          256    i.CAN1_Rec          freertos.o
    0x08001064   0x08001064   0x00000028   Code   RO          733    i.CAN2_RX0_IRQHandler  stm32f4xx_it.o
    0x0800108c   0x0800108c   0x00000078   Code   RO          257    i.CAN2_Rec          freertos.o
    0x08001104   0x08001104   0x00000048   Code   RO         6797    i.CAN_0x1FF_Send_Data  can_setup.o
    0x0800114c   0x0800114c   0x00000048   Code   RO         6798    i.CAN_0x200_Send_Data  can_setup.o
    0x08001194   0x08001194   0x00000028   Code   RO         6799    i.CAN_0x210_Send_Data  can_setup.o
    0x080011bc   0x080011bc   0x00000048   Code   RO         6800    i.CAN_0x2FF_Send_Data  can_setup.o
    0x08001204   0x08001204   0x0000004c   Code   RO         6801    i.CAN_IT_Init       can_setup.o
    0x08001250   0x08001250   0x0000005c   Code   RO         6802    i.CAN_RxMessage_Export_Data  can_setup.o
    0x080012ac   0x080012ac   0x00000034   Code   RO         6803    i.CAN_SendData      can_setup.o
    0x080012e0   0x080012e0   0x00000028   Code   RO          258    i.CAN_Send_ALL      freertos.o
    0x08001308   0x08001308   0x00000260   Code   RO         5897    i.Chassis_Processing  chassis_control.o
    0x08001568   0x08001568   0x0000007c   Code   RO         5898    i.Chassis_Speed_Get_Data  chassis_control.o
    0x080015e4   0x080015e4   0x00000030   Code   RO         6804    i.Check_CAN         can_setup.o
    0x08001614   0x08001614   0x0000001c   Code   RO         6236    i.Check_DR16        dr16_remote.o
    0x08001630   0x08001630   0x00000018   Code   RO         6481    i.Check_GM6020_Pitch  gm6020_motor.o
    0x08001648   0x08001648   0x00000018   Code   RO         6482    i.Check_GM6020_Yaw  gm6020_motor.o
    0x08001660   0x08001660   0x00000018   Code   RO         6542    i.Check_M2006_Trigger  m2006_motor.o
    0x08001678   0x08001678   0x00000028   Code   RO         6420    i.Check_M3508_Chassis  m3508_motor.o
    0x080016a0   0x080016a0   0x00000028   Code   RO         6421    i.Check_M3508_Fric_Wheel  m3508_motor.o
    0x080016c8   0x080016c8   0x00000018   Code   RO         6585    i.Check_Super_Capacitor  super_capacitor.o
    0x080016e0   0x080016e0   0x00000030   Code   RO         6142    i.Clear_PID_Data    pid.o
    0x08001710   0x08001710   0x00000014   Code   RO         6193    i.Clear_Ramp        ramp_calc.o
    0x08001724   0x08001724   0x00000078   Code   RO         5860    i.Computer_Update   state_machine.o
    0x0800179c   0x0800179c   0x00000002   Code   RO          734    i.DMA2_Stream1_IRQHandler  stm32f4xx_it.o
    0x0800179e   0x0800179e   0x00000002   Code   RO          735    i.DMA2_Stream2_IRQHandler  stm32f4xx_it.o
    0x080017a0   0x080017a0   0x00000028   Code   RO         1659    i.DMA_CalcBaseAndBitshift  stm32f4xx_hal_dma.o
    0x080017c8   0x080017c8   0x00000054   Code   RO         1660    i.DMA_CheckFifoParam  stm32f4xx_hal_dma.o
    0x0800181c   0x0800181c   0x00000028   Code   RO         1661    i.DMA_SetConfig     stm32f4xx_hal_dma.o
    0x08001844   0x08001844   0x000000cc   Code   RO         6237    i.DR16_Data_Process  dr16_remote.o
    0x08001910   0x08001910   0x0000003c   Code   RO         6238    i.DR16_Handler      dr16_remote.o
    0x0800194c   0x0800194c   0x0000004c   Code   RO         6239    i.DR16_USART_Receive_DMA  dr16_remote.o
    0x08001998   0x08001998   0x00000002   Code   RO          736    i.DebugMon_Handler  stm32f4xx_it.o
    0x0800199a   0x0800199a   0x00000004   Code   RO           13    i.Error_Handler     main.o
    0x0800199e   0x0800199e   0x00000002   PAD
    0x080019a0   0x080019a0   0x00000034   Code   RO         6106    i.Find_Gimbal_Min_Angle  user_defined_math.o
    0x080019d4   0x080019d4   0x00000008   Code   RO         6944    i.FusionAhrsGetQuaternion  fusionahrs.o
    0x080019dc   0x080019dc   0x00000020   Code   RO         6945    i.FusionAhrsInitialise  fusionahrs.o
    0x080019fc   0x080019fc   0x0000004c   Code   RO         6946    i.FusionAhrsReset   fusionahrs.o
    0x08001a48   0x08001a48   0x000000ca   Code   RO         6947    i.FusionAhrsSetHeading  fusionahrs.o
    0x08001b12   0x08001b12   0x00000002   PAD
    0x08001b14   0x08001b14   0x000000b0   Code   RO         6948    i.FusionAhrsSetSettings  fusionahrs.o
    0x08001bc4   0x08001bc4   0x00000368   Code   RO         6949    i.FusionAhrsUpdate  fusionahrs.o
    0x08001f2c   0x08001f2c   0x00000040   Code   RO         6951    i.FusionAhrsUpdateNoMagnetometer  fusionahrs.o
    0x08001f6c   0x08001f6c   0x00000050   Code   RO         7078    i.FusionCompassCalculateHeading  fusioncompass.o
    0x08001fbc   0x08001fbc   0x00000010   Code   RO         6953    i.FusionDegreesToRadians  fusionahrs.o
    0x08001fcc   0x08001fcc   0x00000034   Code   RO         6954    i.FusionFastInverseSqrt  fusionahrs.o
    0x08002000   0x08002000   0x000000ac   Code   RO         6310    i.FusionQuaternionToEuler  board_a_imu.o
    0x080020ac   0x080020ac   0x0000000e   Code   RO         6955    i.FusionVectorAdd   fusionahrs.o
    0x080020ba   0x080020ba   0x00000022   Code   RO         6956    i.FusionVectorCrossProduct  fusionahrs.o
    0x080020dc   0x080020dc   0x00000022   Code   RO         7079    i.FusionVectorCrossProduct  fusioncompass.o
    0x080020fe   0x080020fe   0x00000026   Code   RO         6957    i.FusionVectorIsZero  fusionahrs.o
    0x08002124   0x08002124   0x00000016   Code   RO         6959    i.FusionVectorMagnitudeSquared  fusionahrs.o
    0x0800213a   0x0800213a   0x0000000e   Code   RO         6960    i.FusionVectorMultiplyScalar  fusionahrs.o
    0x08002148   0x08002148   0x00000036   Code   RO         6961    i.FusionVectorNormalise  fusionahrs.o
    0x0800217e   0x0800217e   0x00000002   PAD
    0x08002180   0x08002180   0x00000054   Code   RO         7080    i.FusionVectorNormalise  fusioncompass.o
    0x080021d4   0x080021d4   0x0000007c   Code   RO         6483    i.GM6020_Pitch_Get_Data  gm6020_motor.o
    0x08002250   0x08002250   0x00000020   Code   RO         6484    i.GM6020_Pitch_Send_Data  gm6020_motor.o
    0x08002270   0x08002270   0x0000007c   Code   RO         6485    i.GM6020_Yaw_Get_Data  gm6020_motor.o
    0x080022ec   0x080022ec   0x00000020   Code   RO         6486    i.GM6020_Yaw_Send_Data  gm6020_motor.o
    0x0800230c   0x0800230c   0x000000a0   Code   RO          259    i.General_Init      freertos.o
    0x080023ac   0x080023ac   0x0000002c   Code   RO         7129    i.Get_CRC16_Check_Sum  crc_verification.o
    0x080023d8   0x080023d8   0x0000001c   Code   RO         7130    i.Get_CRC8_Check_Sum  crc_verification.o
    0x080023f4   0x080023f4   0x000000b8   Code   RO         5940    i.Gimbal_Control_Get_Data  gimbal_control.o
    0x080024ac   0x080024ac   0x0000001c   Code   RO         5941    i.Gimbal_Init       gimbal_control.o
    0x080024c8   0x080024c8   0x0000028c   Code   RO         5942    i.Gimbal_Processing  gimbal_control.o
    0x08002754   0x08002754   0x000000dc   Code   RO          916    i.HAL_CAN_AddTxMessage  stm32f4xx_hal_can.o
    0x08002830   0x08002830   0x0000010c   Code   RO          917    i.HAL_CAN_ConfigFilter  stm32f4xx_hal_can.o
    0x0800293c   0x0800293c   0x000000e8   Code   RO          923    i.HAL_CAN_GetRxMessage  stm32f4xx_hal_can.o
    0x08002a24   0x08002a24   0x0000011a   Code   RO          928    i.HAL_CAN_Init      stm32f4xx_hal_can.o
    0x08002b3e   0x08002b3e   0x00000002   PAD
    0x08002b40   0x08002b40   0x000000fc   Code   RO          473    i.HAL_CAN_MspInit   can.o
    0x08002c3c   0x08002c3c   0x00000058   Code   RO          940    i.HAL_CAN_Start     stm32f4xx_hal_can.o
    0x08002c94   0x08002c94   0x000000d4   Code   RO         1668    i.HAL_DMA_Init      stm32f4xx_hal_dma.o
    0x08002d68   0x08002d68   0x00000046   Code   RO         1671    i.HAL_DMA_Start     stm32f4xx_hal_dma.o
    0x08002dae   0x08002dae   0x00000002   PAD
    0x08002db0   0x08002db0   0x00000024   Code   RO         2099    i.HAL_Delay         stm32f4xx_hal.o
    0x08002dd4   0x08002dd4   0x00000234   Code   RO         1555    i.HAL_GPIO_Init     stm32f4xx_hal_gpio.o
    0x08003008   0x08003008   0x0000000a   Code   RO         1559    i.HAL_GPIO_WritePin  stm32f4xx_hal_gpio.o
    0x08003012   0x08003012   0x00000002   PAD
    0x08003014   0x08003014   0x0000000c   Code   RO         2107    i.HAL_GetTick       stm32f4xx_hal.o
    0x08003020   0x08003020   0x00000042   Code   RO         2794    i.HAL_I2CEx_ConfigAnalogFilter  stm32f4xx_hal_i2c_ex.o
    0x08003062   0x08003062   0x0000003e   Code   RO         2795    i.HAL_I2CEx_ConfigDigitalFilter  stm32f4xx_hal_i2c_ex.o
    0x080030a0   0x080030a0   0x00000188   Code   RO         2373    i.HAL_I2C_Init      stm32f4xx_hal_i2c.o
    0x08003228   0x08003228   0x00000068   Code   RO          546    i.HAL_I2C_MspInit   i2c.o
    0x08003290   0x08003290   0x00000010   Code   RO         2113    i.HAL_IncTick       stm32f4xx_hal.o
    0x080032a0   0x080032a0   0x00000034   Code   RO         2114    i.HAL_Init          stm32f4xx_hal.o
    0x080032d4   0x080032d4   0x00000098   Code   RO          875    i.HAL_InitTick      stm32f4xx_hal_timebase_tim.o
    0x0800336c   0x0800336c   0x00000038   Code   RO          851    i.HAL_MspInit       stm32f4xx_hal_msp.o
    0x080033a4   0x080033a4   0x0000001a   Code   RO         1962    i.HAL_NVIC_EnableIRQ  stm32f4xx_hal_cortex.o
    0x080033be   0x080033be   0x00000002   PAD
    0x080033c0   0x080033c0   0x00000040   Code   RO         1968    i.HAL_NVIC_SetPriority  stm32f4xx_hal_cortex.o
    0x08003400   0x08003400   0x00000024   Code   RO         1969    i.HAL_NVIC_SetPriorityGrouping  stm32f4xx_hal_cortex.o
    0x08003424   0x08003424   0x00000134   Code   RO         1149    i.HAL_RCC_ClockConfig  stm32f4xx_hal_rcc.o
    0x08003558   0x08003558   0x00000040   Code   RO         1153    i.HAL_RCC_GetClockConfig  stm32f4xx_hal_rcc.o
    0x08003598   0x08003598   0x00000020   Code   RO         1156    i.HAL_RCC_GetPCLK1Freq  stm32f4xx_hal_rcc.o
    0x080035b8   0x080035b8   0x00000020   Code   RO         1157    i.HAL_RCC_GetPCLK2Freq  stm32f4xx_hal_rcc.o
    0x080035d8   0x080035d8   0x00000064   Code   RO         1158    i.HAL_RCC_GetSysClockFreq  stm32f4xx_hal_rcc.o
    0x0800363c   0x0800363c   0x0000036c   Code   RO         1161    i.HAL_RCC_OscConfig  stm32f4xx_hal_rcc.o
    0x080039a8   0x080039a8   0x000000bc   Code   RO         2835    i.HAL_SPI_Init      stm32f4xx_hal_spi.o
    0x08003a64   0x08003a64   0x0000006c   Code   RO          588    i.HAL_SPI_MspInit   spi.o
    0x08003ad0   0x08003ad0   0x000001e2   Code   RO         2844    i.HAL_SPI_TransmitReceive  stm32f4xx_hal_spi.o
    0x08003cb2   0x08003cb2   0x00000002   Code   RO         3852    i.HAL_TIMEx_BreakCallback  stm32f4xx_hal_tim_ex.o
    0x08003cb4   0x08003cb4   0x00000002   Code   RO         3853    i.HAL_TIMEx_CommutCallback  stm32f4xx_hal_tim_ex.o
    0x08003cb6   0x08003cb6   0x00000002   PAD
    0x08003cb8   0x08003cb8   0x00000090   Code   RO         3871    i.HAL_TIMEx_MasterConfigSynchronization  stm32f4xx_hal_tim_ex.o
    0x08003d48   0x08003d48   0x0000005a   Code   RO         3148    i.HAL_TIM_Base_Init  stm32f4xx_hal_tim.o
    0x08003da2   0x08003da2   0x00000002   PAD
    0x08003da4   0x08003da4   0x00000040   Code   RO          630    i.HAL_TIM_Base_MspInit  tim.o
    0x08003de4   0x08003de4   0x00000080   Code   RO         3153    i.HAL_TIM_Base_Start_IT  stm32f4xx_hal_tim.o
    0x08003e64   0x08003e64   0x000000dc   Code   RO         3157    i.HAL_TIM_ConfigClockSource  stm32f4xx_hal_tim.o
    0x08003f40   0x08003f40   0x00000002   Code   RO         3182    i.HAL_TIM_IC_CaptureCallback  stm32f4xx_hal_tim.o
    0x08003f42   0x08003f42   0x00000166   Code   RO         3196    i.HAL_TIM_IRQHandler  stm32f4xx_hal_tim.o
    0x080040a8   0x080040a8   0x00000084   Code   RO          631    i.HAL_TIM_MspPostInit  tim.o
    0x0800412c   0x0800412c   0x00000002   Code   RO         3199    i.HAL_TIM_OC_DelayElapsedCallback  stm32f4xx_hal_tim.o
    0x0800412e   0x0800412e   0x000000cc   Code   RO         3220    i.HAL_TIM_PWM_ConfigChannel  stm32f4xx_hal_tim.o
    0x080041fa   0x080041fa   0x0000005a   Code   RO         3223    i.HAL_TIM_PWM_Init  stm32f4xx_hal_tim.o
    0x08004254   0x08004254   0x00000002   Code   RO         3225    i.HAL_TIM_PWM_MspInit  stm32f4xx_hal_tim.o
    0x08004256   0x08004256   0x00000002   Code   RO         3226    i.HAL_TIM_PWM_PulseFinishedCallback  stm32f4xx_hal_tim.o
    0x08004258   0x08004258   0x000000c8   Code   RO         3228    i.HAL_TIM_PWM_Start  stm32f4xx_hal_tim.o
    0x08004320   0x08004320   0x00000014   Code   RO           14    i.HAL_TIM_PeriodElapsedCallback  main.o
    0x08004334   0x08004334   0x00000002   Code   RO         3239    i.HAL_TIM_TriggerCallback  stm32f4xx_hal_tim.o
    0x08004336   0x08004336   0x00000062   Code   RO         4148    i.HAL_UART_Init     stm32f4xx_hal_uart.o
    0x08004398   0x08004398   0x00000134   Code   RO          684    i.HAL_UART_MspInit  usart.o
    0x080044cc   0x080044cc   0x00000002   Code   RO          737    i.HardFault_Handler  stm32f4xx_it.o
    0x080044ce   0x080044ce   0x00000100   Code   RO         6311    i.IST8310_Init      board_a_imu.o
    0x080045ce   0x080045ce   0x00000002   PAD
    0x080045d0   0x080045d0   0x00000078   Code   RO         6312    i.IST8310_Read_Byte  board_a_imu.o
    0x08004648   0x08004648   0x00000042   Code   RO         6313    i.IST8310_Write_Byte  board_a_imu.o
    0x0800468a   0x0800468a   0x0000008e   Code   RO         6143    i.Incremental_PID   pid.o
    0x08004718   0x08004718   0x0000011c   Code   RO         5899    i.Inverse_Kinematic_Calc  chassis_control.o
    0x08004834   0x08004834   0x0000000a   Code   RO         6240    i.Key_State_Clear   dr16_remote.o
    0x0800483e   0x0800483e   0x00000020   Code   RO         6241    i.Key_State_Detect  dr16_remote.o
    0x0800485e   0x0800485e   0x00000002   PAD
    0x08004860   0x08004860   0x0000017c   Code   RO         6242    i.Keyboard_Data_Process  dr16_remote.o
    0x080049dc   0x080049dc   0x00000050   Code   RO         6543    i.M2006_Trigger_Get_Data  m2006_motor.o
    0x08004a2c   0x08004a2c   0x00000020   Code   RO         6544    i.M2006_Trigger_Send_Data  m2006_motor.o
    0x08004a4c   0x08004a4c   0x00000034   Code   RO         6422    i.M3508_Chassis_Get_Data  m3508_motor.o
    0x08004a80   0x08004a80   0x0000001c   Code   RO         6423    i.M3508_Chassis_Send_Data  m3508_motor.o
    0x08004a9c   0x08004a9c   0x00000050   Code   RO         6424    i.M3508_Fric_Wheel_Get_Data  m3508_motor.o
    0x08004aec   0x08004aec   0x00000020   Code   RO         6425    i.M3508_Fric_Wheel_Send_Data  m3508_motor.o
    0x08004b0c   0x08004b0c   0x00000048   Code   RO          474    i.MX_CAN1_Init      can.o
    0x08004b54   0x08004b54   0x00000048   Code   RO          475    i.MX_CAN2_Init      can.o
    0x08004b9c   0x08004b9c   0x0000003c   Code   RO          521    i.MX_DMA_Init       dma.o
    0x08004bd8   0x08004bd8   0x000000dc   Code   RO          260    i.MX_FREERTOS_Init  freertos.o
    0x08004cb4   0x08004cb4   0x0000009c   Code   RO          232    i.MX_GPIO_Init      gpio.o
    0x08004d50   0x08004d50   0x0000005c   Code   RO          547    i.MX_I2C2_Init      i2c.o
    0x08004dac   0x08004dac   0x00000048   Code   RO          589    i.MX_SPI5_Init      spi.o
    0x08004df4   0x08004df4   0x00000080   Code   RO          632    i.MX_TIM12_Init     tim.o
    0x08004e74   0x08004e74   0x00000098   Code   RO          633    i.MX_TIM3_Init      tim.o
    0x08004f0c   0x08004f0c   0x0000003c   Code   RO          685    i.MX_USART1_UART_Init  usart.o
    0x08004f48   0x08004f48   0x00000038   Code   RO          686    i.MX_USART6_UART_Init  usart.o
    0x08004f80   0x08004f80   0x00000002   Code   RO          738    i.MemManage_Handler  stm32f4xx_it.o
    0x08004f82   0x08004f82   0x00000002   Code   RO          739    i.NMI_Handler       stm32f4xx_it.o
    0x08004f84   0x08004f84   0x0000007a   Code   RO         6144    i.Positional_PID    pid.o
    0x08004ffe   0x08004ffe   0x00000028   Code   RO         6194    i.Ramp_Down         ramp_calc.o
    0x08005026   0x08005026   0x00000036   Code   RO         6195    i.Ramp_Up           ramp_calc.o
    0x0800505c   0x0800505c   0x00000224   Code   RO         6686    i.Referee_Get_Data  referee_system.o
    0x08005280   0x08005280   0x00000058   Code   RO         6687    i.Referee_System_Handler  referee_system.o
    0x080052d8   0x080052d8   0x0000004c   Code   RO         6688    i.Referee_System_USART_Receive_DMA  referee_system.o
    0x08005324   0x08005324   0x00000098   Code   RO         5861    i.Remote_Control_Update  state_machine.o
    0x080053bc   0x080053bc   0x0000001c   Code   RO          261    i.Robot_Control     freertos.o
    0x080053d8   0x080053d8   0x0000001c   Code   RO         5817    i.Robot_Control_Disabled  robot_control.o
    0x080053f4   0x080053f4   0x0000008c   Code   RO         5818    i.Robot_Control_Send  robot_control.o
    0x08005480   0x08005480   0x0000005c   Code   RO         5819    i.Robot_Control_Start  robot_control.o
    0x080054dc   0x080054dc   0x00000058   Code   RO         2873    i.SPI_EndRxTxTransaction  stm32f4xx_hal_spi.o
    0x08005534   0x08005534   0x000000b8   Code   RO         2878    i.SPI_WaitFlagStateUntilTimeout  stm32f4xx_hal_spi.o
    0x080055ec   0x080055ec   0x00000050   Code   RO         5983    i.Shooting_Disabled  shooting_control.o
    0x0800563c   0x0800563c   0x0000001c   Code   RO         5984    i.Shooting_Init     shooting_control.o
    0x08005658   0x08005658   0x000000cc   Code   RO         5985    i.Shooting_Processing  shooting_control.o
    0x08005724   0x08005724   0x00000038   Code   RO          262    i.StartIMUTask      freertos.o
    0x0800575c   0x0800575c   0x0000005c   Code   RO         6586    i.Super_Capacitor_Get_Data  super_capacitor.o
    0x080057b8   0x080057b8   0x00000014   Code   RO         6587    i.Super_Capacitor_Send_Data  super_capacitor.o
    0x080057cc   0x080057cc   0x0000002c   Code   RO         5738    i.SysTick_Handler   port.o
    0x080057f8   0x080057f8   0x00000094   Code   RO           15    i.SystemClock_Config  main.o
    0x0800588c   0x0800588c   0x00000010   Code   RO         4477    i.SystemInit        system_stm32f4xx.o
    0x0800589c   0x0800589c   0x0000000c   Code   RO          740    i.TIM6_DAC_IRQHandler  stm32f4xx_it.o
    0x080058a8   0x080058a8   0x000000c8   Code   RO         3241    i.TIM_Base_SetConfig  stm32f4xx_hal_tim.o
    0x08005970   0x08005970   0x0000001a   Code   RO         3242    i.TIM_CCxChannelCmd  stm32f4xx_hal_tim.o
    0x0800598a   0x0800598a   0x00000014   Code   RO         3252    i.TIM_ETR_SetConfig  stm32f4xx_hal_tim.o
    0x0800599e   0x0800599e   0x00000010   Code   RO         3253    i.TIM_ITRx_SetConfig  stm32f4xx_hal_tim.o
    0x080059ae   0x080059ae   0x00000002   PAD
    0x080059b0   0x080059b0   0x00000060   Code   RO         3254    i.TIM_OC1_SetConfig  stm32f4xx_hal_tim.o
    0x08005a10   0x08005a10   0x0000006c   Code   RO         3255    i.TIM_OC2_SetConfig  stm32f4xx_hal_tim.o
    0x08005a7c   0x08005a7c   0x00000068   Code   RO         3256    i.TIM_OC3_SetConfig  stm32f4xx_hal_tim.o
    0x08005ae4   0x08005ae4   0x00000050   Code   RO         3257    i.TIM_OC4_SetConfig  stm32f4xx_hal_tim.o
    0x08005b34   0x08005b34   0x00000022   Code   RO         3259    i.TIM_TI1_ConfigInputStage  stm32f4xx_hal_tim.o
    0x08005b56   0x08005b56   0x00000024   Code   RO         3261    i.TIM_TI2_ConfigInputStage  stm32f4xx_hal_tim.o
    0x08005b7a   0x08005b7a   0x00000002   PAD
    0x08005b7c   0x08005b7c   0x00000058   Code   RO         5986    i.Trigger_Get_Data  shooting_control.o
    0x08005bd4   0x08005bd4   0x000000b4   Code   RO         5987    i.Turn_Friction_Wheel_Off  shooting_control.o
    0x08005c88   0x08005c88   0x000000bc   Code   RO         5988    i.Turn_Friction_Wheel_On  shooting_control.o
    0x08005d44   0x08005d44   0x0000010c   Code   RO         4174    i.UART_SetConfig    stm32f4xx_hal_uart.o
    0x08005e50   0x08005e50   0x0000002c   Code   RO          741    i.USART1_IRQHandler  stm32f4xx_it.o
    0x08005e7c   0x08005e7c   0x0000002c   Code   RO          742    i.USART6_IRQHandler  stm32f4xx_it.o
    0x08005ea8   0x08005ea8   0x00000002   Code   RO          743    i.UsageFault_Handler  stm32f4xx_it.o
    0x08005eaa   0x08005eaa   0x00000020   Code   RO         6107    i.VAL_LIMIT         user_defined_math.o
    0x08005eca   0x08005eca   0x00000002   PAD
    0x08005ecc   0x08005ecc   0x0000003c   Code   RO         7131    i.Verify_CRC16_Check_Sum  crc_verification.o
    0x08005f08   0x08005f08   0x00000026   Code   RO         7132    i.Verify_CRC8_Check_Sum  crc_verification.o
    0x08005f2e   0x08005f2e   0x00000030   Code   RO         7461    i.__ARM_fpclassify  m_wm.l(fpclassify.o)
    0x08005f5e   0x08005f5e   0x00000026   Code   RO         7387    i.__ARM_fpclassifyf  m_wm.l(fpclassifyf.o)
    0x08005f84   0x08005f84   0x00000020   Code   RO         1975    i.__NVIC_SetPriority  stm32f4xx_hal_cortex.o
    0x08005fa4   0x08005fa4   0x0000012c   Code   RO         7243    i.__hardfp_asinf    m_wm.l(asinf.o)
    0x080060d0   0x080060d0   0x000002ac   Code   RO         7255    i.__hardfp_atan2f   m_wm.l(atan2f.o)
    0x0800637c   0x0800637c   0x00000004   PAD
    0x08006380   0x08006380   0x000000c8   Code   RO         7267    i.__hardfp_cos      m_wm.l(cos.o)
    0x08006448   0x08006448   0x00000150   Code   RO         7279    i.__hardfp_cosf     m_wm.l(cosf.o)
    0x08006598   0x08006598   0x00000664   Code   RO         7291    i.__hardfp_powf     m_wm.l(powf.o)
    0x08006bfc   0x08006bfc   0x00000004   PAD
    0x08006c00   0x08006c00   0x000000c8   Code   RO         7305    i.__hardfp_sin      m_wm.l(sin.o)
    0x08006cc8   0x08006cc8   0x00000190   Code   RO         7317    i.__hardfp_sinf     m_wm.l(sinf.o)
    0x08006e58   0x08006e58   0x00000438   Code   RO         7403    i.__ieee754_rem_pio2  m_wm.l(rred.o)
    0x08007290   0x08007290   0x00000170   Code   RO         7370    i.__kernel_cos      m_wm.l(cos_i.o)
    0x08007400   0x08007400   0x000000f8   Code   RO         7463    i.__kernel_poly     m_wm.l(poly.o)
    0x080074f8   0x080074f8   0x00000130   Code   RO         7411    i.__kernel_sin      m_wm.l(sin_i.o)
    0x08007628   0x08007628   0x00000014   Code   RO         7374    i.__mathlib_dbl_infnan  m_wm.l(dunder.o)
    0x0800763c   0x0800763c   0x00000004   PAD
    0x08007640   0x08007640   0x00000020   Code   RO         7376    i.__mathlib_dbl_invalid  m_wm.l(dunder.o)
    0x08007660   0x08007660   0x00000020   Code   RO         7379    i.__mathlib_dbl_underflow  m_wm.l(dunder.o)
    0x08007680   0x08007680   0x00000014   Code   RO         7389    i.__mathlib_flt_divzero  m_wm.l(funder.o)
    0x08007694   0x08007694   0x00000006   Code   RO         7390    i.__mathlib_flt_infnan  m_wm.l(funder.o)
    0x0800769a   0x0800769a   0x00000006   Code   RO         7391    i.__mathlib_flt_infnan2  m_wm.l(funder.o)
    0x080076a0   0x080076a0   0x00000010   Code   RO         7392    i.__mathlib_flt_invalid  m_wm.l(funder.o)
    0x080076b0   0x080076b0   0x00000010   Code   RO         7393    i.__mathlib_flt_overflow  m_wm.l(funder.o)
    0x080076c0   0x080076c0   0x00000010   Code   RO         7395    i.__mathlib_flt_underflow  m_wm.l(funder.o)
    0x080076d0   0x080076d0   0x00000154   Code   RO         7408    i.__mathlib_rredf2  m_wm.l(rredf.o)
    0x08007824   0x08007824   0x00000018   Code   RO         7457    i.fabs              m_wm.l(fabs.o)
    0x0800783c   0x0800783c   0x0000001c   Code   RO         7133    i.int_into_char     crc_verification.o
    0x08007858   0x08007858   0x0000003a   Code   RO           16    i.main              main.o
    0x08007892   0x08007892   0x0000000c   Code   RO         5303    i.makeFreeRtosPriority  cmsis_os.o
    0x0800789e   0x0800789e   0x0000000a   Code   RO         5308    i.osKernelStart     cmsis_os.o
    0x080078a8   0x080078a8   0x00000026   Code   RO         5317    i.osMessageCreate   cmsis_os.o
    0x080078ce   0x080078ce   0x00000054   Code   RO         5342    i.osThreadCreate    cmsis_os.o
    0x08007922   0x08007922   0x00000002   PAD
    0x08007924   0x08007924   0x00000070   Code   RO         4979    i.prvAddCurrentTaskToDelayedList  tasks.o
    0x08007994   0x08007994   0x000000d0   Code   RO         4980    i.prvAddNewTaskToReadyList  tasks.o
    0x08007a64   0x08007a64   0x00000026   Code   RO         4655    i.prvCopyDataFromQueue  queue.o
    0x08007a8a   0x08007a8a   0x0000006c   Code   RO         4656    i.prvCopyDataToQueue  queue.o
    0x08007af6   0x08007af6   0x00000034   Code   RO         4981    i.prvDeleteTCB      tasks.o
    0x08007b2a   0x08007b2a   0x00000002   PAD
    0x08007b2c   0x08007b2c   0x0000004c   Code   RO         5670    i.prvHeapInit       heap_4.o
    0x08007b78   0x08007b78   0x00000060   Code   RO         4982    i.prvIdleTask       tasks.o
    0x08007bd8   0x08007bd8   0x00000016   Code   RO         4658    i.prvInitialiseNewQueue  queue.o
    0x08007bee   0x08007bee   0x00000098   Code   RO         4983    i.prvInitialiseNewTask  tasks.o
    0x08007c86   0x08007c86   0x00000002   PAD
    0x08007c88   0x08007c88   0x0000004c   Code   RO         5671    i.prvInsertBlockIntoFreeList  heap_4.o
    0x08007cd4   0x08007cd4   0x0000001c   Code   RO         4659    i.prvIsQueueEmpty   queue.o
    0x08007cf0   0x08007cf0   0x00000020   Code   RO         4984    i.prvResetNextTaskUnblockTime  tasks.o
    0x08007d10   0x08007d10   0x00000028   Code   RO         5739    i.prvTaskExitError  port.o
    0x08007d38   0x08007d38   0x0000006a   Code   RO         4660    i.prvUnlockQueue    queue.o
    0x08007da2   0x08007da2   0x00000002   PAD
    0x08007da4   0x08007da4   0x000000dc   Code   RO         5672    i.pvPortMalloc      heap_4.o
    0x08007e80   0x08007e80   0x0000002c   Code   RO         5740    i.pxPortInitialiseStack  port.o
    0x08007eac   0x08007eac   0x0000003e   Code   RO         7331    i.sqrtf             m_wm.l(sqrtf.o)
    0x08007eea   0x08007eea   0x00000026   Code   RO         4615    i.uxListRemove      list.o
    0x08007f10   0x08007f10   0x00000014   Code   RO          263    i.vApplicationGetIdleTaskMemory  freertos.o
    0x08007f24   0x08007f24   0x00000016   Code   RO         4616    i.vListInitialise   list.o
    0x08007f3a   0x08007f3a   0x00000006   Code   RO         4617    i.vListInitialiseItem  list.o
    0x08007f40   0x08007f40   0x00000030   Code   RO         4618    i.vListInsert       list.o
    0x08007f70   0x08007f70   0x00000018   Code   RO         4619    i.vListInsertEnd    list.o
    0x08007f88   0x08007f88   0x00000040   Code   RO         5742    i.vPortEnterCritical  port.o
    0x08007fc8   0x08007fc8   0x00000028   Code   RO         5743    i.vPortExitCritical  port.o
    0x08007ff0   0x08007ff0   0x00000064   Code   RO         5673    i.vPortFree         heap_4.o
    0x08008054   0x08008054   0x00000024   Code   RO         5744    i.vPortSetupTimerInterrupt  port.o
    0x08008078   0x08008078   0x00000054   Code   RO         5745    i.vPortValidateInterruptPriority  port.o
    0x080080cc   0x080080cc   0x0000008c   Code   RO         4994    i.vTaskDelayUntil   tasks.o
    0x08008158   0x08008158   0x000000ac   Code   RO         4995    i.vTaskDelete       tasks.o
    0x08008204   0x08008204   0x00000010   Code   RO         4997    i.vTaskInternalSetTimeOutState  tasks.o
    0x08008214   0x08008214   0x0000000c   Code   RO         4998    i.vTaskMissedYield  tasks.o
    0x08008220   0x08008220   0x00000030   Code   RO         5000    i.vTaskPlaceOnEventList  tasks.o
    0x08008250   0x08008250   0x0000006c   Code   RO         5007    i.vTaskStartScheduler  tasks.o
    0x080082bc   0x080082bc   0x00000010   Code   RO         5009    i.vTaskSuspendAll   tasks.o
    0x080082cc   0x080082cc   0x0000005c   Code   RO         5010    i.vTaskSwitchContext  tasks.o
    0x08008328   0x08008328   0x000000f4   Code   RO         5746    i.xPortStartScheduler  port.o
    0x0800841c   0x0800841c   0x00000042   Code   RO         4669    i.xQueueGenericCreate  queue.o
    0x0800845e   0x0800845e   0x00000066   Code   RO         4670    i.xQueueGenericCreateStatic  queue.o
    0x080084c4   0x080084c4   0x00000088   Code   RO         4671    i.xQueueGenericReset  queue.o
    0x0800854c   0x0800854c   0x00000160   Code   RO         4672    i.xQueueGenericSend  queue.o
    0x080086ac   0x080086ac   0x000000be   Code   RO         4673    i.xQueueGenericSendFromISR  queue.o
    0x0800876a   0x0800876a   0x00000002   PAD
    0x0800876c   0x0800876c   0x00000138   Code   RO         4679    i.xQueueReceive     queue.o
    0x080088a4   0x080088a4   0x00000074   Code   RO         5012    i.xTaskCheckForTimeOut  tasks.o
    0x08008918   0x08008918   0x0000005a   Code   RO         5013    i.xTaskCreate       tasks.o
    0x08008972   0x08008972   0x00000056   Code   RO         5014    i.xTaskCreateStatic  tasks.o
    0x080089c8   0x080089c8   0x0000001c   Code   RO         5018    i.xTaskGetSchedulerState  tasks.o
    0x080089e4   0x080089e4   0x0000000c   Code   RO         5019    i.xTaskGetTickCount  tasks.o
    0x080089f0   0x080089f0   0x000000cc   Code   RO         5021    i.xTaskIncrementTick  tasks.o
    0x08008abc   0x08008abc   0x00000098   Code   RO         5024    i.xTaskPriorityDisinherit  tasks.o
    0x08008b54   0x08008b54   0x00000074   Code   RO         5026    i.xTaskRemoveFromEventList  tasks.o
    0x08008bc8   0x08008bc8   0x000000c4   Code   RO         5027    i.xTaskResumeAll    tasks.o
    0x08008c8c   0x08008c8c   0x00000018   Code   RO         7357    x$fpl$basic         fz_wm.l(basic.o)
    0x08008ca4   0x08008ca4   0x00000062   Code   RO         7231    x$fpl$d2f           fz_wm.l(d2f.o)
    0x08008d06   0x08008d06   0x00000002   PAD
    0x08008d08   0x08008d08   0x00000150   Code   RO         7233    x$fpl$dadd          fz_wm.l(daddsub_clz.o)
    0x08008e58   0x08008e58   0x000002b0   Code   RO         7442    x$fpl$ddiv          fz_wm.l(ddiv.o)
    0x08009108   0x08009108   0x0000005e   Code   RO         7445    x$fpl$dfix          fz_wm.l(dfix.o)
    0x08009166   0x08009166   0x0000002e   Code   RO         7450    x$fpl$dflt          fz_wm.l(dflt_clz.o)
    0x08009194   0x08009194   0x00000026   Code   RO         7449    x$fpl$dfltu         fz_wm.l(dflt_clz.o)
    0x080091ba   0x080091ba   0x00000002   PAD
    0x080091bc   0x080091bc   0x00000154   Code   RO         7239    x$fpl$dmul          fz_wm.l(dmul.o)
    0x08009310   0x08009310   0x0000009c   Code   RO         7359    x$fpl$dnaninf       fz_wm.l(dnaninf.o)
    0x080093ac   0x080093ac   0x0000000c   Code   RO         7361    x$fpl$dretinf       fz_wm.l(dretinf.o)
    0x080093b8   0x080093b8   0x00000016   Code   RO         7234    x$fpl$drsb          fz_wm.l(daddsub_clz.o)
    0x080093ce   0x080093ce   0x00000002   PAD
    0x080093d0   0x080093d0   0x000001d4   Code   RO         7235    x$fpl$dsub          fz_wm.l(daddsub_clz.o)
    0x080095a4   0x080095a4   0x00000056   Code   RO         7241    x$fpl$f2d           fz_wm.l(f2d.o)
    0x080095fa   0x080095fa   0x0000008c   Code   RO         7363    x$fpl$fnaninf       fz_wm.l(fnaninf.o)
    0x08009686   0x08009686   0x0000000a   Code   RO         7550    x$fpl$fpinit        fz_wm.l(fpinit.o)
    0x08009690   0x08009690   0x0000000a   Code   RO         7365    x$fpl$fretinf       fz_wm.l(fretinf.o)
    0x0800969a   0x0800969a   0x00000000   Code   RO         7369    x$fpl$usenofp       fz_wm.l(usenofp.o)
    0x0800969a   0x0800969a   0x00000002   PAD
    0x0800969c   0x0800969c   0x000000d8   Data   RO          265    .constdata          freertos.o
    0x08009774   0x08009774   0x00000008   Data   RO         1674    .constdata          stm32f4xx_hal_dma.o
    0x0800977c   0x0800977c   0x00000010   Data   RO         4478    .constdata          system_stm32f4xx.o
    0x0800978c   0x0800978c   0x00000008   Data   RO         4479    .constdata          system_stm32f4xx.o
    0x08009794   0x08009794   0x00000014   Data   RO         6316    .constdata          board_a_imu.o
    0x080097a8   0x080097a8   0x00000020   Data   RO         6962    .constdata          fusionahrs.o
    0x080097c8   0x080097c8   0x00000300   Data   RO         7135    .constdata          crc_verification.o
    0x08009ac8   0x08009ac8   0x00000140   Data   RO         7294    .constdata          m_wm.l(powf.o)
    0x08009c08   0x08009c08   0x00000030   Data   RO         7371    .constdata          m_wm.l(cos_i.o)
    0x08009c38   0x08009c38   0x000000c8   Data   RO         7405    .constdata          m_wm.l(rred.o)
    0x08009d00   0x08009d00   0x00000020   Data   RO         7409    .constdata          m_wm.l(rredf.o)
    0x08009d20   0x08009d20   0x00000028   Data   RO         7412    .constdata          m_wm.l(sin_i.o)
    0x08009d48   0x08009d48   0x00000056   Data   RO          266    .conststring        freertos.o
    0x08009d9e   0x08009d9e   0x00000002   PAD
    0x08009da0   0x08009da0   0x00000020   Data   RO         7608    Region$$Table       anon$$obj.o


    Execution Region RW_IRAM2 (Exec base: 0x10000000, Load base: 0x08009f30, Size: 0x00000000, Max: 0x00010000, ABSOLUTE)

    **** No section assigned to this execution region ****


    Execution Region RW_IRAM1 (Exec base: 0x20000000, Load base: 0x08009dc0, Size: 0x000052c8, Max: 0x00030000, ABSOLUTE, COMPRESSED[0x00000170])

    Exec Addr    Load Addr    Size         Type   Attr      Idx    E Section Name        Object

    0x20000000   COMPRESSED   0x00000024   Data   RW          267    .data               freertos.o
    0x20000024   COMPRESSED   0x00000004   Data   RW          477    .data               can.o
    0x20000028   COMPRESSED   0x0000000c   Data   RW         2121    .data               stm32f4xx_hal.o
    0x20000034   COMPRESSED   0x00000004   Data   RW         4480    .data               system_stm32f4xx.o
    0x20000038   COMPRESSED   0x0000003c   Data   RW         5030    .data               tasks.o
    0x20000074   COMPRESSED   0x00000020   Data   RW         5679    .data               heap_4.o
    0x20000094   COMPRESSED   0x0000000c   Data   RW         5747    .data               port.o
    0x200000a0   COMPRESSED   0x0000000c   Data   RW         5820    .data               robot_control.o
    0x200000ac   COMPRESSED   0x00000002   Data   RW         5821    .data               robot_control.o
    0x200000ae   COMPRESSED   0x00000002   PAD
    0x200000b0   COMPRESSED   0x00000004   Data   RW         5862    .data               state_machine.o
    0x200000b4   COMPRESSED   0x00000001   Data   RW         5863    .data               state_machine.o
    0x200000b5   COMPRESSED   0x00000003   PAD
    0x200000b8   COMPRESSED   0x0000000c   Data   RW         5901    .data               chassis_control.o
    0x200000c4   COMPRESSED   0x0000000c   Data   RW         5944    .data               gimbal_control.o
    0x200000d0   COMPRESSED   0x00000010   Data   RW         5990    .data               shooting_control.o
    0x200000e0   COMPRESSED   0x00000008   Data   RW         5991    .data               shooting_control.o
    0x200000e8   COMPRESSED   0x00000008   Data   RW         6047    .data               imu_temp_control.o
    0x200000f0   COMPRESSED   0x00000038   Data   RW         6145    .data               pid.o
    0x20000128   COMPRESSED   0x00000038   Data   RW         6146    .data               pid.o
    0x20000160   COMPRESSED   0x00000038   Data   RW         6147    .data               pid.o
    0x20000198   COMPRESSED   0x00000038   Data   RW         6148    .data               pid.o
    0x200001d0   COMPRESSED   0x00000038   Data   RW         6149    .data               pid.o
    0x20000208   COMPRESSED   0x00000038   Data   RW         6150    .data               pid.o
    0x20000240   COMPRESSED   0x00000038   Data   RW         6151    .data               pid.o
    0x20000278   COMPRESSED   0x00000038   Data   RW         6152    .data               pid.o
    0x200002b0   COMPRESSED   0x00000038   Data   RW         6153    .data               pid.o
    0x200002e8   COMPRESSED   0x0000000c   Data   RW         6154    .data               pid.o
    0x200002f4   COMPRESSED   0x0000000c   Data   RW         6196    .data               ramp_calc.o
    0x20000300   COMPRESSED   0x0000001c   Data   RW         6244    .data               dr16_remote.o
    0x2000031c   COMPRESSED   0x00000014   Data   RW         6317    .data               board_a_imu.o
    0x20000330   COMPRESSED   0x00000010   Data   RW         6318    .data               board_a_imu.o
    0x20000340   COMPRESSED   0x00000018   Data   RW         6427    .data               m3508_motor.o
    0x20000358   COMPRESSED   0x00000018   Data   RW         6488    .data               gm6020_motor.o
    0x20000370   COMPRESSED   0x0000000c   Data   RW         6546    .data               m2006_motor.o
    0x2000037c   COMPRESSED   0x0000000c   Data   RW         6589    .data               super_capacitor.o
    0x20000388   COMPRESSED   0x0000000c   Data   RW         6690    .data               referee_system.o
    0x20000394   COMPRESSED   0x00000002   Data   RW         6691    .data               referee_system.o
    0x20000396   COMPRESSED   0x00000002   PAD
    0x20000398   COMPRESSED   0x00000010   Data   RW         6737    .data               buzzer.o
    0x200003a8   COMPRESSED   0x0000001c   Data   RW         6806    .data               can_setup.o
    0x200003c4   COMPRESSED   0x00000008   Data   RW         6807    .data               can_setup.o
    0x200003cc   COMPRESSED   0x00000006   Data   RW         6808    .data               can_setup.o
    0x200003d2   COMPRESSED   0x00000006   Data   RW         6809    .data               can_setup.o
    0x200003d8   COMPRESSED   0x00000002   Data   RW         7136    .data               crc_verification.o
    0x200003da   COMPRESSED   0x00000002   PAD
    0x200003dc   COMPRESSED   0x0000001c   Data   RW         7137    .data               crc_verification.o
    0x200003f8        -       0x00000254   Zero   RW          264    .bss                freertos.o
    0x2000064c        -       0x00000050   Zero   RW          476    .bss                can.o
    0x2000069c        -       0x00000054   Zero   RW          548    .bss                i2c.o
    0x200006f0        -       0x00000058   Zero   RW          590    .bss                spi.o
    0x20000748        -       0x00000090   Zero   RW          634    .bss                tim.o
    0x200007d8        -       0x00000148   Zero   RW          687    .bss                usart.o
    0x20000920        -       0x00000048   Zero   RW          878    .bss                stm32f4xx_hal_timebase_tim.o
    0x20000968        -       0x000000f0   Zero   RW         5029    .bss                tasks.o
    0x20000a58        -       0x00003c00   Zero   RW         5678    .bss                heap_4.o
    0x20004658        -       0x00000030   Zero   RW         5900    .bss                chassis_control.o
    0x20004688        -       0x0000001c   Zero   RW         5943    .bss                gimbal_control.o
    0x200046a4        -       0x00000010   Zero   RW         5989    .bss                shooting_control.o
    0x200046b4        -       0x00000060   Zero   RW         6243    .bss                dr16_remote.o
    0x20004714        -       0x00000098   Zero   RW         6314    .bss                board_a_imu.o
    0x200047ac        -       0x00000064   Zero   RW         6315    .bss                board_a_imu.o
    0x20004810        -       0x000000c0   Zero   RW         6426    .bss                m3508_motor.o
    0x200048d0        -       0x00000040   Zero   RW         6487    .bss                gm6020_motor.o
    0x20004910        -       0x00000020   Zero   RW         6545    .bss                m2006_motor.o
    0x20004930        -       0x00000018   Zero   RW         6588    .bss                super_capacitor.o
    0x20004948        -       0x000000ee   Zero   RW         6633    .bss                mpu6050_imu.o
    0x20004a36   COMPRESSED   0x00000002   PAD
    0x20004a38        -       0x00000195   Zero   RW         6689    .bss                referee_system.o
    0x20004bcd   COMPRESSED   0x00000003   PAD
    0x20004bd0        -       0x00000098   Zero   RW         6805    .bss                can_setup.o
    0x20004c68        -       0x00000060   Zero   RW         7466    .bss                c_w.l(libspace.o)
    0x20004cc8        -       0x00000200   Zero   RW            2    HEAP                startup_stm32f427xx.o
    0x20004ec8        -       0x00000400   Zero   RW            1    STACK               startup_stm32f427xx.o


==============================================================================

Image component sizes


      Code (inc. data)   RO Data    RW Data    ZI Data      Debug   Object Name

      1792         96         20         36        252      16256   board_a_imu.o
       484         36          0         16          0       5131   buzzer.o
       396         44          0          4         80       2602   can.o
       524         40          0         48        152       8370   can_setup.o
      1016         80          0         12         48       3918   chassis_control.o
       144          0          0          0          0      23569   cmsis_os.o
       266         24        768         30          0       6959   crc_verification.o
        60          4          0          0          0        834   dma.o
       790         24          0         28         96       7809   dr16_remote.o
         0          0          0          0          0      20100   event_groups.o
       800        134        302         36        596      14480   freertos.o
      1674         38         32          0          0      17158   fusionahrs.o
       198         16          0          0          0       5676   fusioncompass.o
       864         84          0         12         28       3585   gimbal_control.o
       360         48          0         24         64       4928   gm6020_motor.o
       156          8          0          0          0       1075   gpio.o
       472         24          0         32      15360       7591   heap_4.o
       196         28          0          0         84       1801   i2c.o
        60         18          0          8          0       2243   imu_temp_control.o
       138          0          0          0          0       3694   list.o
       136         18          0         12         32       2948   m2006_motor.o
       272         36          0         24        192       5899   m3508_motor.o
       230         14          0          0          0     801276   main.o
         0          0          0          0        238       2712   mpu6050_imu.o
       312          6          0        516          0       4478   pid.o
       786         82          0         12          0      12145   port.o
      1460         14          0          0          0      16882   queue.o
       114          6          0         12          0       2786   ramp_calc.o
       712         30          0         14        405       6374   referee_system.o
       260         84          0         14          0       2932   robot_control.o
       768        138          0         24         16       5581   shooting_control.o
       180         24          0          0         88       1785   spi.o
        64         26        428          0       1536        868   startup_stm32f427xx.o
       272         48          0          5          0       2461   state_machine.o
       116         18          0         12          0       9046   stm32f4xx_hal.o
      1090          6          0          0          0       5444   stm32f4xx_hal_can.o
       158         14          0          0          0      33282   stm32f4xx_hal_cortex.o
       446         12          8          0          0       4619   stm32f4xx_hal_dma.o
       574         54          0          0          0       2280   stm32f4xx_hal_gpio.o
       392         16          0          0          0       3167   stm32f4xx_hal_i2c.o
       128          0          0          0          0       1931   stm32f4xx_hal_i2c_ex.o
        56          4          0          0          0        918   stm32f4xx_hal_msp.o
      1412         86          0          0          0       6069   stm32f4xx_hal_rcc.o
       942         12          0          0          0       5037   stm32f4xx_hal_spi.o
      2020        136          0          0          0      17482   stm32f4xx_hal_tim.o
       148         28          0          0          0       2553   stm32f4xx_hal_tim_ex.o
       152         20          0          0         72       1555   stm32f4xx_hal_timebase_tim.o
       366         10          0          0          0       2104   stm32f4xx_hal_uart.o
       196         50          0          0          0       9051   stm32f4xx_it.o
         0          0          0          0          0        392   stream_buffer.o
       136         20          0         12         24       3014   super_capacitor.o
        16          4         24          4          0       1199   system_stm32f4xx.o
      2256        168          0         60        240      27565   tasks.o
       476         54          0          0        144       3307   tim.o
       424         50          0          0        328       2729   usart.o
        84          8          0          0          0       1484   user_defined_math.o

    ----------------------------------------------------------------------
     27592       2042       1616       1016      20080    1171134   Object Totals
         0          0         32          0          0          0   (incl. Generated)
        48          0          2          9          5          0   (incl. Padding)

    ----------------------------------------------------------------------

      Code (inc. data)   RO Data    RW Data    ZI Data      Debug   Library Member Name

        90          0          0          0          0          0   __dczerorl2.o
         8          0          0          0          0         68   __main.o
       104          0          0          0          0         84   __printf.o
         0          0          0          0          0          0   __rtentry.o
        12          0          0          0          0          0   __rtentry2.o
         6          0          0          0          0          0   __rtentry4.o
        52          8          0          0          0          0   __scatter.o
        28          0          0          0          0          0   __scatter_zi.o
        48          6          0          0          0         96   _printf_char_common.o
         6          0          0          0          0          0   _printf_d.o
       120         16          0          0          0         92   _printf_dec.o
       178          0          0          0          0         88   _printf_intcommon.o
         0          0          0          0          0          0   _printf_percent.o
         4          0          0          0          0          0   _printf_percent_end.o
        22          0          0          0          0        100   _rserrno.o
        10          0          0          0          0         68   _sputc.o
        18          0          0          0          0         80   exit.o
         6          0          0          0          0        152   heapauxi.o
         0          0          0          0          0          0   indicate_semi.o
         2          0          0          0          0          0   libinit.o
         6          0          0          0          0          0   libinit2.o
         2          0          0          0          0          0   libshutdown.o
         2          0          0          0          0          0   libshutdown2.o
         8          4          0          0         96         68   libspace.o
       238          0          0          0          0        100   lludivv7m.o
        40          6          0          0          0         84   noretval__2sprintf.o
         8          4          0          0          0         68   rt_errno_addr_intlibspace.o
        78          0          0          0          0         80   rt_memclr_w.o
       138          0          0          0          0         68   rt_memcpy_v6.o
       100          0          0          0          0         80   rt_memcpy_w.o
         2          0          0          0          0          0   rtexit.o
        10          0          0          0          0          0   rtexit2.o
        72          0          0          0          0         80   strcpy.o
        12          4          0          0          0         68   sys_exit.o
        74          0          0          0          0         80   sys_stackheap_outer.o
         2          0          0          0          0         68   use_no_semi.o
        24          0          0          0          0        164   basic.o
        98          4          0          0          0        140   d2f.o
       826         16          0          0          0        492   daddsub_clz.o
       688        140          0          0          0        256   ddiv.o
        94          4          0          0          0        140   dfix.o
        84          0          0          0          0        232   dflt_clz.o
       340         12          0          0          0        152   dmul.o
       156          4          0          0          0        140   dnaninf.o
        12          0          0          0          0        116   dretinf.o
        86          4          0          0          0        132   f2d.o
       140          4          0          0          0        132   fnaninf.o
        10          0          0          0          0        116   fpinit.o
        10          0          0          0          0        116   fretinf.o
         0          0          0          0          0          0   usenofp.o
       300         42          0          0          0        176   asinf.o
       684         90          0          0          0        208   atan2f.o
       200         20          0          0          0        164   cos.o
       368         46         48          0          0        200   cos_i.o
       336         56          0          0          0        136   cosf.o
        84         16          0          0          0        372   dunder.o
        24          0          0          0          0        124   fabs.o
        48          0          0          0          0        124   fpclassify.o
        38          0          0          0          0        116   fpclassifyf.o
        80         24          0          0          0        696   funder.o
       248          0          0          0          0        152   poly.o
      1636        110        320          0          0        372   powf.o
      1080        142        200          0          0        188   rred.o
       340         24         32          0          0        160   rredf.o
       200         20          0          0          0        164   sin.o
       304         24         40          0          0        208   sin_i.o
       400         56          0          0          0        212   sinf.o
        62          0          0          0          0        136   sqrtf.o

    ----------------------------------------------------------------------
     10536        914        640          0         96       7908   Library Totals
        30          8          0          0          0          0   (incl. Padding)

    ----------------------------------------------------------------------

      Code (inc. data)   RO Data    RW Data    ZI Data      Debug   Library Name

      1506         48          0          0         96       1672   c_w.l
      2568        188          0          0          0       2328   fz_wm.l
      6432        670        640          0          0       3908   m_wm.l

    ----------------------------------------------------------------------
     10536        914        640          0         96       7908   Library Totals

    ----------------------------------------------------------------------

==============================================================================


      Code (inc. data)   RO Data    RW Data    ZI Data      Debug   

     38128       2956       2256       1016      20176    1149110   Grand Totals
     38128       2956       2256        368      20176    1149110   ELF Image Totals (compressed)
     38128       2956       2256        368          0          0   ROM Totals

==============================================================================

    Total RO  Size (Code + RO Data)                40384 (  39.44kB)
    Total RW  Size (RW Data + ZI Data)             21192 (  20.70kB)
    Total ROM Size (Code + RO Data + RW Data)      40752 (  39.80kB)

==============================================================================

